
Note: No compatibility mode selected!


Circuit: * letter scan stage_1: final extracted transistor core

binary raw file "wave.raw"
Doing analysis at TEMP = 27.000000 and TNOM = 27.000000

Using SPARSE 1.3 as Direct Linear Solver
No. of Data Columns : 31  

Initial Transient Solution
--------------------------

Node                                   Voltage
----                                   -------
vdd                                          5
clk                                          0
xdut.n943                                    5
xdut.n948                          2.05775e-08
xdut.n697                                    5
xdut.x_13.n6                           4.14375
xdut.n920                                    5
xdut.n985                                    5
xdut.n222                                    0
xdut.x_14.n6                       6.26479e-09
xdut.x_15.n3                                 5
xdut.n661                                    5
xdut.x_15.n9                                 5
xdut.n952                          7.88485e-09
xdut.n525                          2.05775e-08
xdut.x_15.n5                           4.10687
xdut.x_15.n6                         0.0348173
xdut.n656                                    0
xdut.x_16.n1                                 5
xdut.n610                                    5
xdut.x_17.n6                       6.26479e-09
xdut.n624                                    5
xdut.n579                                    5
xdut.n954                          7.88485e-09
xdut.x_19.n8                         0.0333738
xdut.x_19.n7                         0.0333738
xdut.x_20.n8                           1.31158
xdut.n529                                    5
xdut.x_20.n7                           1.29144
xdut.n362                          2.05744e-08
xdut.n929                          5.46059e-08
xdut.n696                                    5
xdut.x_21.n6                         0.0348173
xdut.x_22.n6                           1.26842
xdut.n688                          3.74462e-08
xdut.n515                          2.05775e-08
xdut.n640                                    5
xdut.n38                           8.22975e-08
xdut.n949                                    5
xdut.n633                                    5
xdut.x_23.n6                            4.0396
xdut.x_23.n8                           4.04907
xdut.x_23.n7                           4.07278
xdut.n966                                    5
xdut.n519                          2.05775e-08
xdut.n956                                    5
xdut.x_24.n6                           4.14375
xdut.x_25.n6                           4.96988
xdut.n523                                    5
xdut.n703                          7.88485e-09
xdut.n915                                    5
xdut.x_27.n10                                5
xdut.n917                                    0
xdut.x_27.n9                                 5
xdut.n988                                    0
xdut.x_27.n8                           1.26842
xdut.n711                          3.74461e-08
xdut.n693                                    5
xdut.n791                                    0
xdut.x_28.n8                         0.0175683
xdut.x_28.n7                         0.0508865
xdut.x_29.n3                       8.23099e-08
xdut.n671                                    5
xdut.x_29.n9                                 5
xdut.x_29.n5                        3.1324e-09
xdut.x_29.n6                        4.1155e-08
xdut.x_30.n6                           4.96988
xdut.n518                                    5
xdut.x_31.n6                       6.26479e-09
xdut.x_32.n6                         0.0348173
xdut.x_33.n9                                 5
xdut.x_33.n2                       2.05775e-08
xdut.x_33.n8                                 5
xdut.x_34.n6                           1.26842
xdut.n930                          3.74462e-08
xdut.x_35.n6                           1.26842
xdut.n685                          3.74462e-08
xdut.x_36.n8                           1.31158
xdut.x_36.n7                           1.29144
xdut.n570                          5.46059e-08
xdut.n928                          2.05775e-08
xdut.x_37.n8                           1.31158
xdut.x_37.n7                           1.29144
xdut.n927                                    0
xdut.n914                          5.46059e-08
xdut.n587                          1.85179e-07
xdut.n687                                    5
xdut.n179                                    5
xdut.x_38.n8                       6.17262e-08
xdut.x_38.n7                       1.23452e-07
xdut.x_39.n10                          4.98484
xdut.x_39.n9                            4.9572
xdut.x_39.n8                            4.9572
xdut.n575                          4.87635e-09
xdut.n180                                    5
xdut.x_40.n3                                 5
xdut.n686                                    5
xdut.n913                          2.05775e-08
xdut.n732                          2.05775e-08
xdut.x_40.n7                       6.26479e-09
xdut.n569                          8.22975e-08
xdut.n802                                    5
xdut.x_41.n6                       4.11488e-08
xdut.x_42.n3                                 5
xdut.n580                          1.85179e-07
xdut.n677                          2.05775e-08
xdut.x_42.n7                       6.26481e-09
xdut.x_43.n9                           1.30646
xdut.n683                          7.96197e-09
xdut.x_43.n2                       7.15949e-08
xdut.x_43.n11                          1.32985
xdut.x_43.n10                          1.33931
xdut.n578                                    5
xdut.n571                                    5
xdut.x_44.n6                            4.0396
xdut.x_44.n8                           4.04907
xdut.x_44.n7                           4.07278
xdut.x_45.n8                       6.17262e-08
xdut.x_45.n7                       1.23452e-07
xdut.x_46.n9                                 5
xdut.x_46.n2                                 5
xdut.x_46.n8                                 5
xdut.n177                          1.85179e-07
xdut.x_47.n6                         0.0348172
xdut.n626                          8.22975e-08
xdut.x_51.n6                       4.11487e-08
xdut.x_52.n8                        6.2648e-09
xdut.x_52.n7                       1.25296e-08
xdut.x_53.n6                                 5
xdut.n1005                                   5
xdut.x_54.n6                       6.26479e-09
xdut.n1017                                   5
xdut.n1037                         1.16739e-08
xdut.n1004                                   0
xdut.n1016                                   0
xdut.x_78.n8                         0.0175683
xdut.x_78.n7                         0.0508864
xdut.x_80.n3                                 5
xdut.n1018                         1.16047e-07
xdut.x_80.n9                           1.26842
xdut.n1100                                   0
xdut.x_80.n5                       5.80236e-08
xdut.x_80.n6                           4.14375
xdut.n980                          2.05775e-08
xdut.x_87.n2                                 5
xdut.x_87.n4                         0.0116791
xdut.x_87.n5                         0.0282461
xdut.x_87.n6                         0.0602162
xdut.ni1418                                  5
xdut.x_102.qs                      7.29463e-08
xdut.x_102.n14                               5
xdut.n1053                         8.22975e-08
xdut.x_102.n6                                5
xdut.x_102.ckp                     2.08524e-08
xdut.x_102.n7                                5
xdut.x_102.ckb                               5
xdut.x_102.qm                      2.60748e-08
xdut.x_102.n9                      4.95105e-08
xdut.n1002                         2.05744e-08
xdut.x_102.n13                         4.14374
xdut.x_103.n6                          1.26842
xdut.n939                                    5
xdut.n924                          3.74462e-08
xdut.n987                          7.88485e-09
xdut.x_104.n3                                5
xdut.n1051                                   5
xdut.x_104.n9                                5
xdut.x_104.n5                          4.10687
xdut.x_104.n6                        0.0348173
xdut.n923                                    5
xdut.n919                          4.82942e-09
xdut.x_108.n6                        0.0169083
xdut.x_108.n8                        0.0476063
xdut.x_108.n7                        0.0476063
xdut.x_109.n8                                5
xdut.n921                                    0
xdut.x_109.n7                                5
xdut.n925                                    0
xdut.n986                          2.05775e-08
xdut.ni1416                                  5
xdut.x_110.qs                      7.29463e-08
xdut.x_110.n14                               5
xdut.n1099                         1.16047e-07
xdut.x_110.n6                                5
xdut.x_110.ckp                     2.08524e-08
xdut.x_110.n7                                5
xdut.x_110.ckb                               5
xdut.x_110.qm                      2.60748e-08
xdut.x_110.n9                      4.95105e-08
xdut.x_110.n13                         4.14374
xdut.ni1412                                  5
xdut.x_111.qs                      7.29463e-08
xdut.x_111.n14                               5
xdut.x_111.n6                                5
xdut.x_111.ckp                     2.08524e-08
xdut.x_111.n7                                5
xdut.x_111.ckb                               5
xdut.x_111.qm                      2.60748e-08
xdut.x_111.n9                      4.95105e-08
xdut.x_111.n13                         4.14374
xdut.x_112.n8                          4.98443
xdut.x_112.n7                           4.9553
xdut.n1112                                   5
xdut.x_114.n3                                5
xdut.n1003                         8.23099e-08
xdut.x_114.n9                                5
xdut.n533                                    5
xdut.x_114.n5                      4.11549e-08
xdut.x_114.n6                      6.26479e-09
vsync                                        5
xdut.ni1413                        2.08524e-08
xdut.x_116.qs                                5
xdut.x_116.n14                         1.34473
xdut.x_116.n6                      8.60208e-08
xdut.x_116.ckp                     2.08524e-08
xdut.x_116.n7                      2.60748e-08
xdut.x_116.ckb                               5
xdut.x_116.qm                                5
xdut.x_116.n9                                5
xdut.x_116.n13                     4.30104e-08
xdut.ni1414                                  5
xdut.x_117.qs                      7.29463e-08
xdut.x_117.n14                               5
xdut.x_117.n6                                5
xdut.x_117.ckp                     2.08524e-08
xdut.x_117.n7                                5
xdut.x_117.ckb                               5
xdut.x_117.qm                      2.60748e-08
xdut.x_117.n9                      4.95105e-08
xdut.x_117.n13                         4.14375
xdut.x_136.n6                          4.96988
xdut.n975                                    5
xdut.x_137.n6                                5
xdut.n1105                         7.88485e-09
xdut.x_138.n6                        0.0348173
xdut.ni1424                                  5
xdut.x_157.qs                      7.29463e-08
xdut.x_157.n14                               5
xdut.x_157.n6                                5
xdut.x_157.ckp                     2.08524e-08
xdut.x_157.n7                                5
xdut.x_157.ckb                               5
xdut.x_157.qm                      2.60748e-08
xdut.x_157.n9                      4.95105e-08
xdut.x_157.n13                         4.14375
xdut.n1038                                   5
xdut.x_158.n6                        0.0348173
xdut.n1000                                   0
xdut.ni1434                                  5
xdut.x_160.qs                      7.29463e-08
xdut.x_160.n14                               5
xdut.n984                          2.05775e-08
xdut.x_160.n6                                5
xdut.x_160.ckp                     2.08524e-08
xdut.x_160.n7                                5
xdut.x_160.ckb                               5
xdut.x_160.qm                      2.60748e-08
xdut.x_160.n9                      4.95105e-08
xdut.x_160.n13                         4.14374
xdut.x_161.n3                                5
xdut.x_161.n9                          1.26842
xdut.x_161.n5                      5.80236e-08
xdut.x_161.n6                          4.14375
xdut.n912                                    5
xdut.n727                                    5
xdut.n516                          2.05775e-08
xdut.n517                                    5
xdut.x_295.n6                          4.14375
r                                  2.08524e-08
xdut.ni1429                                  5
xdut.x_298.qs                      7.29463e-08
xdut.x_298.n14                               5
xdut.x_298.n6                                5
xdut.x_298.ckp                     2.08524e-08
xdut.x_298.n7                                5
xdut.x_298.ckb                               5
xdut.x_298.qm                      2.60748e-08
xdut.x_298.n9                      4.95105e-08
xdut.n674                          2.05744e-08
xdut.x_298.n13                         4.14374
b                                            5
xdut.ni1425                        2.08524e-08
xdut.x_299.qs                                5
xdut.x_299.n14                               5
xdut.n730                          2.05775e-08
xdut.x_299.n6                                5
xdut.x_299.ckp                     2.08524e-08
xdut.x_299.n7                                5
xdut.x_299.ckb                               5
xdut.x_299.qm                      3.49785e-08
xdut.x_299.n9                                5
xdut.x_299.n13                         4.14375
xdut.n521                                    5
xdut.ni1426                                  0
xdut.x_300.qs                                5
xdut.x_300.n14                         1.34473
xdut.n632                                    5
xdut.x_300.n6                      8.60208e-08
xdut.x_300.ckp                     2.08524e-08
xdut.x_300.n7                      2.60748e-08
xdut.x_300.ckb                               5
xdut.x_300.qm                                5
xdut.x_300.n9                                5
xdut.x_300.n13                     4.30104e-08
xdut.x_301.qs                                5
xdut.x_301.n14                         1.34473
xdut.x_301.n6                      8.60208e-08
xdut.x_301.ckp                     2.08524e-08
xdut.x_301.n7                      2.60748e-08
xdut.x_301.ckb                               5
xdut.x_301.qm                                5
xdut.x_301.n9                                5
xdut.x_301.n13                     4.30104e-08
xdut.x_302.n6                        0.0348173
xdut.x_303.n3                                5
xdut.x_303.n7                          4.14375
xdut.n655                          8.22975e-08
xdut.x_304.n6                      4.11487e-08
xdut.x_305.n6                        0.0348173
xdut.x_306.n8                                5
xdut.x_306.n7                          4.96988
xdut.x_307.n8                                5
xdut.x_307.n7                          1.26842
xdut.n714                          3.74461e-08
xdut.n588                                    5
xdut.x_312.qs                      7.29463e-08
xdut.x_312.n14                               5
xdut.n591                          2.19645e-08
xdut.x_312.n6                                5
xdut.x_312.ckp                     2.08524e-08
xdut.x_312.n7                                5
xdut.x_312.ckb                               5
xdut.x_312.qm                      2.60748e-08
xdut.x_312.n9                      4.95105e-08
xdut.x_312.n13                         4.14375
xdut.x_313.n7                                5
xdut.x_313.n3                      2.05775e-08
xdut.n24                           7.92437e-09
xdut.n568                                    5
xdut.ni1437                                  5
xdut.x_314.qs                      7.29463e-08
xdut.x_314.n14                               5
xdut.n701                          8.22975e-08
xdut.x_314.n6                                5
xdut.x_314.ckp                     2.08524e-08
xdut.x_314.n7                                5
xdut.x_314.ckb                               5
xdut.x_314.qm                      2.60748e-08
xdut.x_314.n9                      4.95105e-08
xdut.x_314.n13                         4.14375
g                                  2.08524e-08
xdut.ni1430                                  5
xdut.x_316.qs                      7.29463e-08
xdut.x_316.n14                               5
xdut.n676                          2.05775e-08
xdut.x_316.n6                                5
xdut.x_316.ckp                     2.08524e-08
xdut.x_316.n7                                5
xdut.x_316.ckb                               5
xdut.x_316.qm                      2.60748e-08
xdut.x_316.n9                      4.95105e-08
xdut.x_316.n13                         4.14375
xdut.n617                                    5
xdut.x_317.n6                       6.2648e-09
xdut.n623                                    5
xdut.x_318.n8                        0.0175683
xdut.x_318.n7                        0.0508865
xdut.n353                          2.05775e-08
xdut.x_319.n2                                5
xdut.n577                          2.05775e-08
xdut.x_321.n6                        0.0348173
xdut.x_322.n3                                5
xdut.x_322.n5                                5
xdut.x_322.n4                                5
xdut.x_322.n6                      3.49785e-08
xdut.n582                                    5
xdut.x_324.n6                          4.14375
xdut.x_325.n3                      8.22975e-08
xdut.x_325.n7                      4.11487e-08
xdut.x_326.n6                      4.11488e-08
xdut.x_327.n7                                5
xdut.x_327.n3                                5
xdut.n678                          7.96197e-09
xdut.x_329.n10                         4.97131
xdut.x_329.n9                          4.97131
xdut.x_329.n8                          4.97131
xdut.n1001                                   0
xdut.n679                                    0
xdut.ni1417                                  5
xdut.x_330.qs                      7.29463e-08
xdut.x_330.n14                               5
xdut.n982                          1.16047e-07
xdut.x_330.n6                                5
xdut.x_330.ckp                     2.08524e-08
xdut.x_330.n7                                5
xdut.x_330.ckb                               5
xdut.x_330.qm                      2.60748e-08
xdut.x_330.n9                      4.95105e-08
xdut.x_330.n13                         4.14375
xdut.x_332.n7                                5
xdut.x_332.n3                                5
xdut.x_333.n8                                5
xdut.x_333.n3                                5
xdut.x_333.n9                                5
xdut.x_333.n5                      1.01216e-08
xdut.x_340.n2                                5
xdut.ni1420                                  5
xdut.x_341.qs                      7.29463e-08
xdut.x_341.n14                               5
xdut.n953                          2.19645e-08
xdut.x_341.n6                                5
xdut.x_341.ckp                     2.08524e-08
xdut.x_341.n7                                5
xdut.x_341.ckb                               5
xdut.x_341.qm                      2.60748e-08
xdut.x_341.n9                      4.95105e-08
xdut.x_341.n13                         4.14374
xdut.ni1421                                  5
xdut.x_342.qs                      7.29463e-08
xdut.x_342.n14                               5
xdut.n965                          8.22975e-08
xdut.x_342.n6                                5
xdut.x_342.ckp                     2.08524e-08
xdut.x_342.n7                                5
xdut.x_342.ckb                               5
xdut.x_342.qm                      2.60748e-08
xdut.x_342.n9                      4.95105e-08
xdut.x_342.n13                         4.14375
xdut.x_343.n7                                5
xdut.x_343.n5                                5
xdut.x_343.n3                           4.1532
xdut.ni1422                                  5
xdut.x_358.qs                      7.29463e-08
xdut.x_358.n14                               5
xdut.n983                          1.16047e-07
xdut.x_358.n6                                5
xdut.x_358.ckp                     2.08524e-08
xdut.x_358.n7                                5
xdut.x_358.ckb                               5
xdut.x_358.qm                      2.60748e-08
xdut.x_358.n9                      4.95105e-08
xdut.x_358.n13                         4.14374
xdut.n675                                    5
xdut.n979                                    0
xdut.x_359.qs                                5
xdut.x_359.n14                         1.34473
xdut.n999                                    5
xdut.x_359.n6                      8.60208e-08
xdut.x_359.ckp                     2.08524e-08
xdut.x_359.n7                      2.60748e-08
xdut.x_359.ckb                               5
xdut.x_359.qm                                5
xdut.x_359.n9                                5
xdut.x_359.n13                     4.30104e-08
xdut.x_360.n3                      1.43584e-08
xdut.n998                                    5
xdut.x_360.n5                      9.07538e-08
xdut.x_360.n4                                5
xdut.x_360.n6                      5.84143e-08
xdut.n981                                    5
xdut.x_362.n8                       2.9454e-09
xdut.x_362.n7                        0.0348173
xdut.x_363.n3                                5
xdut.x_363.n9                          1.26842
xdut.x_363.n5                      5.80236e-08
xdut.x_363.n6                          4.14375
xdut.x_364.n6                        0.0348173
xdut.n1034                                   5
xdut.x_365.n6                       1.9378e-09
xdut.x_365.n8                        0.0175683
xdut.x_365.n7                        0.0508865
xdut.n922                                    5
xdut.x_375.n6                      4.11487e-08
xdut.x_406.n3                      8.23099e-08
xdut.x_406.n9                                5
xdut.n937                                    5
xdut.x_406.n5                       3.1324e-09
xdut.x_406.n6                       4.1155e-08
xdut.x_407.n3                                5
xdut.x_407.n5                                5
xdut.x_407.n4                                5
xdut.x_407.n6                                5
xdut.n934                          2.05775e-08
xdut.x_408.n6                      4.11488e-08
xdut.x_409.n8                        0.0175683
xdut.x_409.n7                        0.0508865
xdut.x_410.n6                          4.96988
xdut.x_411.n8                                5
xdut.x_411.n3                                5
xdut.x_411.n9                                5
xdut.x_411.n5                      1.01216e-08
xdut.x_414.n3                                5
xdut.x_414.n9                          1.26842
xdut.x_414.n5                      5.80236e-08
xdut.x_414.n6                          4.14375
xdut.x_510.n8                                5
xdut.x_510.n3                      3.74462e-08
xdut.n171                                    0
xdut.x_510.n9                          1.26842
xdut.x_510.n5                          4.14375
xdut.x_533.n8                          1.31158
xdut.x_533.n7                          1.29144
xdut.n618                                    0
xdut.n250                          5.46059e-08
xdut.n522                                    0
xdut.x_534.n8                          4.97143
xdut.n170                                    5
xdut.x_534.n7                          1.26023
xdut.n325                          1.65851e-08
xdut.x_551.n6                                5
xdut.n604                                    5
xdut.n335                          2.05775e-08
xdut.x_554.qs                                5
xdut.x_554.n14                         1.34473
xdut.n598                                    5
xdut.x_554.n6                      8.60208e-08
xdut.x_554.ckp                     2.08524e-08
xdut.x_554.n7                      2.60748e-08
xdut.x_554.ckb                               5
xdut.x_554.qm                                5
xdut.x_554.n9                                5
xdut.n280                          2.05744e-08
xdut.x_554.n13                     4.30104e-08
xdut.x_555.n3                                5
xdut.n330                                    5
xdut.n614                          3.74462e-08
xdut.n338                          2.05775e-08
xdut.x_555.n7                      6.26479e-09
xdut.n173                                    5
xdut.n296                                    0
xdut.x_556.qs                                5
xdut.x_556.n14                         1.34473
xdut.n68                                     5
xdut.x_556.n6                      8.60208e-08
xdut.x_556.ckp                     2.08524e-08
xdut.x_556.n7                      2.60748e-08
xdut.x_556.ckb                               5
xdut.x_556.qm                                5
xdut.x_556.n9                                5
xdut.x_556.n13                     4.30104e-08
xdut.x_557.n3                      8.23099e-08
xdut.n219                                    5
xdut.x_557.n9                                5
xdut.n244                                    5
xdut.x_557.n5                       3.1324e-09
xdut.x_557.n6                       4.1155e-08
xdut.x_558.n6                          4.96988
xdut.n599                          7.88485e-09
xdut.n343                                    5
xdut.x_559.n6                          4.96988
xdut.n69                                     5
xdut.n204                          7.88485e-09
xdut.n612                                    5
xdut.x_560.n7                          4.96988
xdut.x_560.n3                      7.88485e-09
xdut.n281                                    5
xdut.x_561.n3                                5
xdut.x_561.n7                      6.26479e-09
xdut.x_562.n7                                5
xdut.x_562.n3                                5
xdut.n174                          2.05775e-08
xdut.x_564.n8                                5
xdut.x_564.n3                                5
xdut.n18                                     0
xdut.x_564.n9                                5
xdut.x_564.n5                      1.01216e-08
xdut.x_566.n2                                5
xdut.n202                          8.22975e-08
xdut.x_567.n6                      4.11487e-08
xdut.x_568.n3                                5
xdut.n193                          1.16047e-07
xdut.x_568.n9                          1.26842
xdut.n66                                     5
xdut.n65                                     0
xdut.x_568.n5                      5.80236e-08
xdut.x_568.n6                          4.14375
xdut.x_569.n6                                5
xdut.n295                          2.05775e-08
xdut.n201                                    5
xdut.x_570.n3                                5
xdut.n328                          2.19645e-08
xdut.x_570.n5                                5
xdut.x_570.n4                                5
xdut.x_570.n6                      3.49785e-08
xdut.x_572.n6                                5
xdut.n596                          2.05775e-08
xdut.n594                          7.88485e-09
xdut.x_573.n6                          4.96988
xdut.x_574.n6                                5
xdut.x_575.n6                          4.96988
xdut.n600                          7.88485e-09
xdut.n601                                    5
xdut.x_576.n6                                5
xdut.n248                                    5
xdut.x_578.qs                      7.29463e-08
xdut.x_578.n14                               5
xdut.x_578.n6                                5
xdut.x_578.ckp                     2.08524e-08
xdut.x_578.n7                                5
xdut.x_578.ckb                               5
xdut.x_578.qm                      2.60748e-08
xdut.x_578.n9                      4.95105e-08
xdut.x_578.n13                         4.14375
xdut.x_579.n6                          1.26842
xdut.n270                                    5
xdut.x_623.qs                      7.29463e-08
xdut.x_623.n14                               5
xdut.x_623.n6                                5
xdut.x_623.ckp                     2.08524e-08
xdut.x_623.n7                                5
xdut.x_623.ckb                               5
xdut.x_623.qm                      2.60748e-08
xdut.x_623.n9                      4.95105e-08
xdut.x_623.n13                         4.14374
xdut.n283                                    5
xdut.n311                          8.22975e-08
xdut.x_624.n8                       6.2648e-09
xdut.x_624.n7                      1.25296e-08
xdut.x_639.n7                          1.26842
xdut.x_639.n3                      3.74462e-08
xdut.n8                                      5
xdut.n2                                      5
xdut.x_640.n7                                5
xdut.n23                                     0
xdut.x_640.n3                                5
xdut.n10                           2.05775e-08
xdut.x_641.n6                                5
xdut.n22                           2.05775e-08
xdut.n19                                     5
xdut.x_646.n6                                5
xdut.n57                           2.05775e-08
xdut.x_648.n3                                5
xdut.n59                                     5
xdut.n56                           2.05775e-08
xdut.x_648.n7                          4.14375
xdut.x_649.n7                          4.96988
xdut.x_649.n3                      7.88485e-09
xdut.n35                                     5
hsync                                        5
xdut.ni1415                        2.08524e-08
xdut.x_665.qs                                5
xdut.x_665.n14                         1.34473
xdut.n37                                     5
xdut.x_665.n6                      8.60208e-08
xdut.x_665.ckp                     2.08524e-08
xdut.x_665.n7                      2.60748e-08
xdut.x_665.ckb                               5
xdut.x_665.qm                                5
xdut.x_665.n9                                5
xdut.n25                           2.05744e-08
xdut.x_665.n13                     4.30104e-08
xdut.n20                                     5
xdut.x_680.qs                                5
xdut.x_680.n14                               5
xdut.x_680.n6                                5
xdut.x_680.ckp                     2.08524e-08
xdut.x_680.n7                                5
xdut.x_680.ckb                               5
xdut.x_680.qm                      3.49785e-08
xdut.x_680.n9                                5
xdut.x_680.n13                         4.14374
xdut.x_682.n8                          4.97062
xdut.n17                                     5
xdut.x_682.n7                          4.97062
xdut.n208                          8.22975e-08
xdut.n205                          2.05775e-08
xdut.x_687.n3                      8.23099e-08
xdut.x_687.n9                                5
xdut.x_687.n5                       3.1324e-09
xdut.x_687.n6                       4.1155e-08
xdut.n7                                      5
xdut.x_689.n2                      2.05775e-08
xdut.x_691.n8                                5
xdut.x_691.n7                                5
xdut.n206                          2.05775e-08
xdut.x_695.n2                                5
xdut.ni1433                                  5
xdut.x_696.qs                      7.29463e-08
xdut.x_696.n14                               5
xdut.n6                            8.23099e-08
xdut.x_696.n6                                5
xdut.x_696.ckp                     2.08524e-08
xdut.x_696.n7                                5
xdut.x_696.ckb                               5
xdut.x_696.qm                      2.60748e-08
xdut.x_696.n9                      4.95105e-08
xdut.x_696.n13                         4.14374
xdut.ni1435                                  5
xdut.x_714.qs                      7.29463e-08
xdut.x_714.n14                               5
xdut.x_714.n6                                5
xdut.x_714.ckp                     2.08524e-08
xdut.x_714.n7                                5
xdut.x_714.ckb                               5
xdut.x_714.qm                      2.60748e-08
xdut.x_714.n9                      4.95105e-08
xdut.x_714.n13                         4.14374
xdut.x_715.n10                         4.98965
xdut.x_715.n9                          4.97478
xdut.x_715.n8                          4.94657
xdut.n225                          3.48086e-09
xdut.n227                                    5
xdut.x_728.n7                          4.96988
xdut.x_728.n3                      7.88485e-09
xdut.n226                                    5
xdut.n211                          8.22975e-08
xdut.x_729.n8                       6.2648e-09
xdut.x_729.n7                      1.25296e-08
xdut.x_730.n6                      4.11487e-08
xdut.n188                                    5
xdut.x_731.qs                                5
xdut.x_731.n14                         1.34473
xdut.n3                                      5
xdut.x_731.n6                      8.60208e-08
xdut.x_731.ckp                     2.08524e-08
xdut.x_731.n7                      2.60748e-08
xdut.x_731.ckb                               5
xdut.x_731.qm                                5
xdut.x_731.n9                                5
xdut.x_731.n13                     4.30104e-08
xdut.n230                          2.05775e-08
xdut.n324                                    0
xdut.x_734.qs                                5
xdut.x_734.n14                         1.34473
xdut.x_734.n6                      8.60208e-08
xdut.x_734.ckp                     2.08524e-08
xdut.x_734.n7                      2.60748e-08
xdut.x_734.ckb                               5
xdut.x_734.qm                                5
xdut.x_734.n9                                5
xdut.x_734.n13                     4.30104e-08
xdut.x_751.n6                                5
xdut.n301                          1.65851e-08
xdut.n528                          2.05775e-08
xdut.n287                                    5
xdut.x_752.n6                                5
xdut.n292                                    5
xdut.n584                          2.05775e-08
xdut.x_758.n3                                5
xdut.n71                                     5
xdut.n195                          4.82942e-09
xdut.n194                          2.05775e-08
xdut.x_758.n7                      6.26479e-09
xdut.x_759.n8                          1.31158
xdut.x_759.n7                          1.29144
xdut.n182                          5.46059e-08
xdut.n572                          7.88485e-09
xdut.x_760.n6                          4.96988
xdut.n72                                     5
xdut.n573                          7.88485e-09
xdut.n184                                    5
xdut.x_761.n8                          4.97062
xdut.x_761.n7                          4.97062
xdut.n185                          7.88485e-09
xdut.n187                          7.92437e-09
xdut.n288                                    5
xdut.x_762.n6                                5
xdut.n183                          2.05775e-08
xdut.x_765.n6                          1.26842
xdut.n527                                    5
xdut.n284                          3.74462e-08
xdut.n300                          7.88485e-09
xdut.x_766.n6                                5
xdut.n297                          2.05775e-08
xdut.n299                          3.74462e-08
xdut.x_767.n8                                5
xdut.x_767.n7                                5
xdut.n375                                    5
xdut.x_768.n10                         4.97131
xdut.n581                                    5
xdut.x_768.n9                          4.97131
xdut.x_768.n8                          4.97131
xdut.n360                                    5
xdut.x_770.n6                      4.11487e-08
xdut.x_771.n7                          4.96988
xdut.x_771.n3                      7.88485e-09
xdut.x_773.n6                                5
xdut.n526                                    5
xdut.x_778.n6                                5
xdut.n606                          2.05775e-08
xdut.n74                                     5
xdut.x_779.n2                      2.05775e-08
xdut.x_787.n8                                5
xdut.x_787.n7                          4.96988
xdut.x_790.n6                                5
xdut.x_793.n6                                5
xdut.x_794.n6                                5
xdut.n608                          2.05775e-08
xdut.n308                                    5
xdut.x_853.n8                          4.97062
xdut.x_853.n7                          4.97062
xdut.n657                          7.92437e-09
xdut.n70                                     5
xdut.x_854.n6                                5
xdut.n329                                    5
xdut.x_865.n6                                5
xdut.n320                                    5
xdut.x_866.n8                                5
xdut.x_866.n7                                5
xdut.n664                          2.05775e-08
xdut.x_869.n6                                5
xdut.x_870.n6                                5
xdut.x_871.n8                                5
xdut.x_871.n7                                5
xdut.n77                           8.22975e-08
xdut.x_873.n6                          4.96988
xdut.x_877.n6                                5
xdut.x_879.n6                                5
xdut.x_881.n8                                5
xdut.x_881.n7                                5
xdut.x_884.n6                                5
xdut.x_889.n7                          4.96988
xdut.x_889.n3                      7.88485e-09
xdut.x_895.n3                      8.22975e-08
xdut.x_895.n7                      4.11487e-08
xdut.x_900.n8                          4.98443
xdut.x_900.n7                           4.9553
xdut.x_902.n6                          4.96988
xdut.x_905.n2                                5
xdut.x_906.n8                          4.97143
xdut.x_906.n7                          1.26023
xdut.x_955.n3                                5
xdut.x_955.n9                                5
xdut.x_955.n5                          4.10687
xdut.x_955.n6                        0.0348173
xdut.x_956.n6                                5
xdut.n16                           5.46059e-08
xdut.n54                                     5
xdut.x_965.n8                                5
xdut.x_965.n7                          1.26842
xdut.n50                           3.74461e-08
xdut.n48                                     5
xdut.x_969.n6                      6.26479e-09
xdut.x_970.n8                      5.86677e-09
xdut.x_970.n7                          4.14375
xdut.x_972.n6                        0.0348173
xdut.x_977.n6                          4.14375
xdut.x_981.n6                          1.26842
xdut.x_988.n6                      6.26479e-09
xdut.n51                                     5
xdut.x_990.n6                          4.14375
xdut.x_994.n6                      4.11487e-08
xdut.x_998.n6                        0.0348173
xdut.x_1002.n3                               5
xdut.n15                                     5
xdut.x_1002.n5                     7.29463e-08
xdut.x_1002.n4                     4.95105e-08
xdut.x_1002.n6                     2.60747e-08
xdut.x_1011.n3                               5
xdut.x_1011.n9                               5
xdut.x_1011.n5                      4.1155e-08
xdut.x_1011.n6                     6.26479e-09
xdut.x_1012.n6                         1.26842
xdut.n5                            3.74462e-08
xdut.x_1019.n7                               5
xdut.x_1019.n3                     2.05775e-08
xdut.n49                           3.74462e-08
xdut.x_1022.n3                               5
xdut.x_1022.n9                               5
xdut.x_1022.n5                         4.10687
xdut.x_1022.n6                       0.0348173
xdut.x_1028.n8                         1.31158
xdut.x_1028.n7                         1.29144
xdut.n4                                      5
xdut.x_1029.n2                     1.85179e-07
xdut.x_1029.n4                     6.17262e-08
xdut.x_1029.n5                     1.23452e-07
xdut.x_1030.n6                         4.96988
xdut.n213                          7.88485e-09
xdut.x_1034.n6                         4.14375
xdut.n11                                     5
xdut.n14                           2.05775e-08
xdut.x_1038.n6                       0.0171313
xdut.x_1038.n8                       0.0486804
xdut.x_1038.n7                         4.15573
xdut.n45                                     5
xdut.n12                                     5
xdut.x_1064.n8                     6.17262e-08
xdut.x_1064.n7                     1.23452e-07
xdut.n13                                     5
xdut.x_1066.n8                          4.0814
xdut.x_1066.n7                         4.10023
xdut.x_1082.n9                         4.95563
xdut.x_1082.n2                      4.8375e-09
xdut.x_1082.n11                        4.98479
xdut.x_1082.n10                        4.98479
xdut.x_1089.n6                     4.11487e-08
xdut.x_1099.n6                         1.26842
xdut.n46                           2.05775e-08
xdut.x_1102.n6                     4.11487e-08
xdut.x_1107.n3                               5
xdut.n47                           2.05775e-08
xdut.x_1107.n7                     6.26479e-09
xdut.x_1109.n6                               5
xdut.x_1110.n3                               5
xdut.x_1110.n9                               5
xdut.x_1110.n5                         4.10687
xdut.x_1110.n6                       0.0348173
xdut.x_1111.n9                         4.97131
xdut.x_1111.n2                     7.96197e-09
xdut.x_1111.n11                        4.97131
xdut.x_1111.n10                        4.97131
xdut.x_1112.n9                         4.97062
xdut.x_1112.n2                     7.92437e-09
xdut.x_1112.n11                        4.97062
xdut.x_1112.n10                              5
vclk#branch                                  0
vdd#branch                        -6.20207e-09

 Reference value :  1.03280e-07 Reference value :  2.48280e-07 Reference value :  3.93280e-07 Reference value :  5.29280e-07 Reference value :  6.53280e-07 Reference value :  7.77280e-07 Reference value :  9.10280e-07 Reference value :  1.00911e-06 Reference value :  1.06623e-06 Reference value :  1.17223e-06 Reference value :  1.27938e-06 Reference value :  1.33425e-06 Reference value :  1.43036e-06 Reference value :  1.49865e-06 Reference value :  1.63496e-06 Reference value :  1.65582e-06 Reference value :  1.77163e-06 Reference value :  1.83930e-06 Reference value :  1.95440e-06 Reference value :  1.97516e-06 Reference value :  2.09826e-06 Reference value :  2.15841e-06 Reference value :  2.27502e-06 Reference value :  2.31892e-06 Reference value :  2.43431e-06 Reference value :  2.51730e-06 Reference value :  2.59956e-06 Reference value :  2.67759e-06 Reference value :  2.76184e-06 Reference value :  2.88923e-06 Reference value :  2.92300e-06 Reference value :  2.98165e-06 Reference value :  3.07437e-06 Reference value :  3.17007e-06 Reference value :  3.23820e-06 Reference value :  3.28052e-06 Reference value :  3.39183e-06 Reference value :  3.49725e-06 Reference value :  3.55434e-06 Reference value :  3.66100e-06 Reference value :  3.73898e-06 Reference value :  3.85919e-06 Reference value :  3.90642e-06 Reference value :  4.02460e-06 Reference value :  4.12107e-06 Reference value :  4.18885e-06 Reference value :  4.25876e-06 Reference value :  4.34763e-06 Reference value :  4.46718e-06 Reference value :  4.51012e-06 Reference value :  4.60434e-06 Reference value :  4.66797e-06 Reference value :  4.80199e-06 Reference value :  4.82998e-06 Reference value :  4.94817e-06 Reference value :  5.01294e-06 Reference value :  5.12898e-06 Reference value :  5.15547e-06 Reference value :  5.27684e-06 Reference value :  5.34337e-06 Reference value :  5.45168e-06 Reference value :  5.46921e-06 Reference value :  5.60071e-06 Reference value :  5.66373e-06 Reference value :  5.76906e-06 Reference value :  5.80767e-06 Reference value :  5.92397e-06 Reference value :  6.00969e-06 Reference value :  6.09039e-06 Reference value :  6.17977e-06 Reference value :  6.25325e-06 Reference value :  6.37864e-06 Reference value :  6.41559e-06 Reference value :  6.49087e-06 Reference value :  6.57103e-06 Reference value :  6.69008e-06 Reference value :  6.73202e-06 Reference value :  6.83084e-06 Reference value :  6.89122e-06 Reference value :  7.02122e-06 Reference value :  7.05186e-06 Reference value :  7.16213e-06 Reference value :  7.22161e-06 Reference value :  7.35058e-06 Reference value :  7.38568e-06 Reference value :  7.50914e-06 Reference value :  7.57174e-06 Reference value :  7.67609e-06 Reference value :  7.70224e-06 Reference value :  7.82414e-06 Reference value :  7.88043e-06 Reference value :  7.99112e-06 Reference value :  8.00955e-06 Reference value :  8.10415e-06 Reference value :  8.16817e-06 Reference value :  8.30220e-06 Reference value :  8.32139e-06 Reference value :  8.38266e-06 Reference value :  8.47323e-06 Reference value :  8.59146e-06 Reference value :  8.63400e-06 Reference value :  8.74276e-06 Reference value :  8.80633e-06 Reference value :  8.93592e-06 Reference value :  8.96050e-06 Reference value :  9.02685e-06 Reference value :  9.10967e-06 Reference value :  9.22649e-06 Reference value :  9.27058e-06 Reference value :  9.36466e-06 Reference value :  9.42856e-06 Reference value :  9.55007e-06 Reference value :  9.58973e-06 Reference value :  9.68992e-06 Reference value :  9.75326e-06 Reference value :  9.88807e-06 Reference value :  9.90898e-06 Reference value :  1.00312e-05 Reference value :  1.00902e-05 Reference value :  1.02078e-05 Reference value :  1.02334e-05 Reference value :  1.03373e-05 Reference value :  1.04041e-05 Reference value :  1.05255e-05 Reference value :  1.05453e-05 Reference value :  1.06537e-05 Reference value :  1.07080e-05 Reference value :  1.08370e-05 Reference value :  1.08620e-05 Reference value :  1.09722e-05 Reference value :  1.10363e-05 Reference value :  1.11608e-05 Reference value :  1.12043e-05 Reference value :  1.13200e-05 Reference value :  1.13973e-05 Reference value :  1.14872e-05 Reference value :  1.15641e-05 Reference value :  1.16498e-05 Reference value :  1.17578e-05 Reference value :  1.18081e-05 Reference value :  1.18696e-05 Reference value :  1.19650e-05 Reference value :  1.20552e-05 Reference value :  1.21251e-05 Reference value :  1.21989e-05 Reference value :  1.22833e-05 Reference value :  1.24021e-05 Reference value :  1.24441e-05 Reference value :  1.25514e-05 Reference value :  1.26148e-05 Reference value :  1.27469e-05 Reference value :  1.27945e-05 Reference value :  1.29075e-05 Reference value :  1.29979e-05 Reference value :  1.30772e-05 Reference value :  1.31202e-05 Reference value :  1.32297e-05 Reference value :  1.33104e-05 Reference value :  1.33933e-05 Reference value :  1.34408e-05 Reference value :  1.35479e-05 Reference value :  1.36308e-05 Reference value :  1.37097e-05 Reference value :  1.37861e-05 Reference value :  1.38695e-05 Reference value :  1.39748e-05 Reference value :  1.40323e-05 Reference value :  1.40964e-05 Reference value :  1.41888e-05 Reference value :  1.42992e-05 Reference value :  1.43481e-05 Reference value :  1.44264e-05 Reference value :  1.45068e-05 Reference value :  1.46219e-05 Reference value :  1.46680e-05 Reference value :  1.47684e-05 Reference value :  1.48261e-05 Reference value :  1.49588e-05 Reference value :  1.49890e-05 Reference value :  1.51177e-05 Reference value :  1.51708e-05 Reference value :  1.52874e-05 Reference value :  1.53099e-05 Reference value :  1.54060e-05 Reference value :  1.54673e-05 Reference value :  1.56038e-05 Reference value :  1.56252e-05 Reference value :  1.57311e-05 Reference value :  1.57843e-05 Reference value :  1.59208e-05 Reference value :  1.59426e-05 Reference value :  1.60055e-05 Reference value :  1.60926e-05 Reference value :  1.61983e-05 Reference value :  1.62525e-05 Reference value :  1.62795e-05 Reference value :  1.63976e-05 Reference value :  1.64567e-05 Reference value :  1.65632e-05 Reference value :  1.65855e-05 Reference value :  1.66952e-05 Reference value :  1.67459e-05 Reference value :  1.68750e-05 Reference value :  1.68996e-05 Reference value :  1.70319e-05 Reference value :  1.70989e-05 Reference value :  1.72002e-05 Reference value :  1.72543e-05 Reference value :  1.73598e-05 Reference value :  1.74566e-05 Reference value :  1.75226e-05 Reference value :  1.76235e-05 Reference value :  1.76864e-05 Reference value :  1.78214e-05 Reference value :  1.78487e-05 Reference value :  1.79436e-05 Reference value :  1.80199e-05 Reference value :  1.81449e-05 Reference value :  1.81648e-05 Reference value :  1.82833e-05 Reference value :  1.83333e-05 Reference value :  1.84617e-05 Reference value :  1.84815e-05 Reference value :  1.85861e-05 Reference value :  1.86584e-05 Reference value :  1.87804e-05 Reference value :  1.88275e-05 Reference value :  1.89387e-05 Reference value :  1.90142e-05 Reference value :  1.91050e-05 Reference value :  1.91760e-05 Reference value :  1.92669e-05 Reference value :  1.93833e-05 Reference value :  1.94305e-05 Reference value :  1.95286e-05 Reference value :  1.95873e-05 Reference value :  1.97128e-05 Reference value :  1.97514e-05 Reference value :  1.98617e-05 Reference value :  1.99322e-05 Reference value :  2.00490e-05 Reference value :  2.00722e-05 Reference value :  2.02063e-05 Reference value :  2.02800e-05 Reference value :  2.03707e-05 Reference value :  2.03940e-05 Reference value :  2.05058e-05 Reference value :  2.05633e-05 Reference value :  2.06841e-05 Reference value :  2.07061e-05 Reference value :  2.08305e-05 Reference value :  2.08879e-05 Reference value :  2.10029e-05 Reference value :  2.10267e-05 Reference value :  2.11495e-05 Reference value :  2.12151e-05 Reference value :  2.13245e-05 Reference value :  2.13740e-05 Reference value :  2.14828e-05 Reference value :  2.15669e-05 Reference value :  2.16472e-05 Reference value :  2.16905e-05 Reference value :  2.18037e-05 Reference value :  2.18983e-05 Reference value :  2.19669e-05 Reference value :  2.20460e-05 Reference value :  2.21257e-05 Reference value :  2.22497e-05 Reference value :  2.22888e-05 Reference value :  2.23694e-05 Reference value :  2.24443e-05 Reference value :  2.25659e-05 Reference value :  2.26057e-05 Reference value :  2.27135e-05 Reference value :  2.27787e-05 Reference value :  2.29055e-05 Reference value :  2.29418e-05 Reference value :  2.30712e-05 Reference value :  2.31627e-05 Reference value :  2.32355e-05 Reference value :  2.32543e-05 Reference value :  2.33810e-05 Reference value :  2.34573e-05 Reference value :  2.35500e-05 Reference value :  2.35666e-05 Reference value :  2.36906e-05 Reference value :  2.37399e-05 Reference value :  2.38580e-05 Reference value :  2.38931e-05 Reference value :  2.40160e-05 Reference value :  2.40774e-05 Reference value :  2.41823e-05 Reference value :  2.42360e-05 Reference value :  2.43429e-05 Reference value :  2.44376e-05 Reference value :  2.45061e-05 Reference value :  2.45720e-05 Reference value :  2.46637e-05 Reference value :  2.47646e-05 Reference value :  2.48254e-05 Reference value :  2.49110e-05 Reference value :  2.49894e-05 Reference value :  2.51290e-05 Reference value :  2.51698e-05 Reference value :  2.52909e-05 Reference value :  2.53722e-05 Reference value :  2.54558e-05 Reference value :  2.55351e-05 Reference value :  2.56181e-05 Reference value :  2.57485e-05 Reference value :  2.57804e-05 Reference value :  2.58739e-05 Reference value :  2.59368e-05 Reference value :  2.60573e-05 Reference value :  2.60958e-05 Reference value :  2.61929e-05 Reference value :  2.62674e-05 Reference value :  2.63988e-05 Reference value :  2.64275e-05 Reference value :  2.65562e-05 Reference value :  2.66252e-05 Reference value :  2.67229e-05 Reference value :  2.67586e-05 Reference value :  2.68807e-05 Reference value :  2.69722e-05 Reference value :  2.70455e-05 Reference value :  2.71058e-05 Reference value :  2.72034e-05 Reference value :  2.73043e-05 Reference value :  2.73659e-05 Reference value :  2.74497e-05 Reference value :  2.75229e-05 Reference value :  2.76259e-05 Reference value :  2.76822e-05 Reference value :  2.77976e-05 Reference value :  2.78499e-05 Reference value :  2.79847e-05 Reference value :  2.80114e-05 Reference value :  2.81433e-05 Reference value :  2.82241e-05 Reference value :  2.83124e-05 Reference value :  2.83521e-05 Reference value :  2.84648e-05 Reference value :  2.85380e-05 Reference value :  2.86284e-05 Reference value :  2.86443e-05 Reference value :  2.87571e-05 Reference value :  2.88239e-05 Reference value :  2.89410e-05 Reference value :  2.89985e-05 Reference value :  2.91053e-05 Reference value :  2.92038e-05 Reference value :  2.92686e-05 Reference value :  2.93524e-05 Reference value :  2.94285e-05 Reference value :  2.95568e-05 Reference value :  2.95918e-05 Reference value :  2.97105e-05 Reference value :  2.97750e-05 Reference value :  2.98927e-05 Reference value :  2.99245e-05 Reference value :  3.00480e-05 Reference value :  3.01268e-05 Reference value :  3.02185e-05 Reference value :  3.02888e-05 Reference value :  3.03786e-05 Reference value :  3.04996e-05 Reference value :  3.05423e-05 Reference value :  3.06591e-05 Reference value :  3.07295e-05 Reference value :  3.08434e-05 Reference value :  3.08651e-05 Reference value :  3.09941e-05 Reference value :  3.10519e-05 Reference value :  3.11633e-05 Reference value :  3.11850e-05 Reference value :  3.13175e-05 Reference value :  3.13806e-05 Reference value :  3.14866e-05 Reference value :  3.15391e-05 Reference value :  3.16458e-05 Reference value :  3.17375e-05 Reference value :  3.18069e-05 Reference value :  3.18818e-05 Reference value :  3.19662e-05 Reference value :  3.20866e-05 Reference value :  3.21285e-05 Reference value :  3.22094e-05 Reference value :  3.22855e-05 Reference value :  3.24118e-05 Reference value :  3.24481e-05 Reference value :  3.25278e-05 Reference value :  3.26065e-05 Reference value :  3.27385e-05 Reference value :  3.27675e-05 Reference value :  3.29020e-05
No. of Data Rows : 40671

Total analysis time (seconds) = 110.06

Total elapsed time (seconds) = 110.130 

Total DRAM available = 23968.098 MB.
DRAM currently available =  767.727 MB.
Maximum ngspice program size =   93.246 MB.
Current ngspice program size =   26.055 MB.

Shared ngspice pages =   10.078 MB.
Text (code) pages =    5.523 MB.
Stack = 0 bytes.
Library pages =   72.277 MB.

