
Note: No compatibility mode selected!


Circuit: * letter scan vsync: final extracted transistor core

binary raw file "wave.raw"
Doing analysis at TEMP = 27.000000 and TNOM = 27.000000

Using SPARSE 1.3 as Direct Linear Solver
No. of Data Columns : 31  

Initial Transient Solution
--------------------------

Node                                   Voltage
----                                   -------
vdd                                          5
clk                                          0
xdut.n943                                    5
xdut.n948                          2.05775e-08
xdut.n697                          2.05775e-08
xdut.x_13.n6                         0.0348173
xdut.n920                                    5
xdut.n985                                    5
xdut.n222                                    0
xdut.x_14.n6                       6.26479e-09
xdut.x_15.n3                                 5
xdut.n661                          8.23099e-08
xdut.x_15.n9                                 5
xdut.n952                          2.05775e-08
xdut.n525                                    5
xdut.x_15.n5                        4.1155e-08
xdut.x_15.n6                       6.26479e-09
xdut.n656                                    5
xdut.x_16.n1                       2.05775e-08
xdut.n610                          8.22975e-08
xdut.x_17.n6                       4.11487e-08
xdut.n624                                    5
xdut.n579                                    5
xdut.n954                          5.46059e-08
xdut.x_19.n8                         0.0175683
xdut.x_19.n7                         0.0508865
xdut.x_20.n8                           4.97143
xdut.n529                                    5
xdut.x_20.n7                           1.26023
xdut.n362                                    5
xdut.n929                          1.65851e-08
xdut.n696                                    5
xdut.x_21.n6                       6.26479e-09
xdut.x_22.n6                           1.26842
xdut.n688                          3.74462e-08
xdut.n515                          2.05775e-08
xdut.n640                                    5
xdut.n38                           8.22975e-08
xdut.n949                                    5
xdut.n633                          8.22975e-08
xdut.x_23.n6                         0.0320912
xdut.x_23.n8                         0.0320912
xdut.x_23.n7                         0.0320912
xdut.n966                          8.22975e-08
xdut.n519                                    5
xdut.n956                                    5
xdut.x_24.n6                       4.11487e-08
xdut.x_25.n6                           1.26842
xdut.n523                                    5
xdut.n703                          3.74462e-08
xdut.n915                          8.22975e-08
xdut.x_27.n10                          4.98479
xdut.n917                                    5
xdut.x_27.n9                           4.98479
xdut.n988                                    0
xdut.x_27.n8                           4.95563
xdut.n711                           4.8375e-09
xdut.n693                                    5
xdut.n791                                    5
xdut.x_28.n8                        2.9454e-09
xdut.x_28.n7                         0.0348173
xdut.x_29.n3                       8.23099e-08
xdut.n671                                    5
xdut.x_29.n9                                 5
xdut.x_29.n5                        3.1324e-09
xdut.x_29.n6                        4.1155e-08
xdut.x_30.n6                                 5
xdut.n518                                    5
xdut.x_31.n6                       4.11487e-08
xdut.x_32.n6                       4.11487e-08
xdut.x_33.n9                           4.96988
xdut.x_33.n2                       7.88485e-09
xdut.x_33.n8                                 5
xdut.x_34.n6                           4.96988
xdut.n930                          7.88485e-09
xdut.x_35.n6                                 5
xdut.n685                                    5
xdut.x_36.n8                                 5
xdut.x_36.n7                                 5
xdut.n570                          2.05775e-08
xdut.n928                                    5
xdut.x_37.n8                           4.97062
xdut.x_37.n7                           4.97062
xdut.n927                                    0
xdut.n914                          7.92437e-09
xdut.n587                                    5
xdut.n687                          2.05775e-08
xdut.n179                          7.88485e-09
xdut.x_38.n8                        2.9454e-09
xdut.x_38.n7                         0.0348173
xdut.x_39.n10                          4.97131
xdut.x_39.n9                           4.97131
xdut.x_39.n8                           4.97131
xdut.n575                          7.96197e-09
xdut.n180                                    5
xdut.x_40.n3                                 5
xdut.n686                                    5
xdut.n913                          2.05775e-08
xdut.n732                          2.05775e-08
xdut.x_40.n7                       6.26479e-09
xdut.n569                          8.22975e-08
xdut.n802                                    5
xdut.x_41.n6                       4.11488e-08
xdut.x_42.n3                                 5
xdut.n580                          1.85179e-07
xdut.n677                          2.05775e-08
xdut.x_42.n7                       6.26481e-09
xdut.x_43.n9                           4.95563
xdut.n683                                    5
xdut.x_43.n2                        4.8375e-09
xdut.x_43.n11                          4.98479
xdut.x_43.n10                          4.98479
xdut.n578                                    5
xdut.n571                                    5
xdut.x_44.n6                            4.0396
xdut.x_44.n8                           4.04907
xdut.x_44.n7                           4.07278
xdut.x_45.n8                       6.17262e-08
xdut.x_45.n7                       1.23452e-07
xdut.x_46.n9                                 5
xdut.x_46.n2                                 5
xdut.x_46.n8                                 5
xdut.n177                          1.85179e-07
xdut.x_47.n6                         0.0348172
xdut.n626                          8.22975e-08
xdut.x_51.n6                       4.11487e-08
xdut.x_52.n8                       2.94541e-09
xdut.x_52.n7                         0.0348173
xdut.x_53.n6                                 5
xdut.n1005                         8.22975e-08
xdut.x_54.n6                       4.11487e-08
xdut.n1017                                   5
xdut.n1037                         1.16739e-08
xdut.n1004                                   0
xdut.n1016                                   0
xdut.x_78.n8                         0.0175683
xdut.x_78.n7                         0.0508864
xdut.x_80.n3                                 5
xdut.n1018                         1.16047e-07
xdut.x_80.n9                           1.26842
xdut.n1100                                   0
xdut.x_80.n5                       5.80236e-08
xdut.x_80.n6                           4.14375
xdut.n980                          2.05775e-08
xdut.x_87.n2                                 5
xdut.x_87.n4                         0.0116791
xdut.x_87.n5                         0.0282461
xdut.x_87.n6                         0.0602162
xdut.ni1418                                  0
xdut.x_102.qs                                5
xdut.x_102.n14                         1.34473
xdut.n1053                                   5
xdut.x_102.n6                      8.60208e-08
xdut.x_102.ckp                     2.08524e-08
xdut.x_102.n7                      2.60748e-08
xdut.x_102.ckb                               5
xdut.x_102.qm                                5
xdut.x_102.n9                                5
xdut.n1002                         2.05744e-08
xdut.x_102.n13                     4.30104e-08
xdut.x_103.n6                                5
xdut.n939                          3.74462e-08
xdut.n924                                    5
xdut.n987                          2.05775e-08
xdut.x_104.n3                                5
xdut.n1051                         8.23099e-08
xdut.x_104.n9                                5
xdut.x_104.n5                      4.11549e-08
xdut.x_104.n6                      6.26479e-09
xdut.n923                                    5
xdut.n919                                    5
xdut.x_108.n6                           4.0396
xdut.x_108.n8                          4.04907
xdut.x_108.n7                          4.07278
xdut.x_109.n8                          4.98443
xdut.n921                                    5
xdut.x_109.n7                           4.9553
xdut.n925                                    5
xdut.n986                          4.82942e-09
xdut.ni1416                                  5
xdut.x_110.qs                      7.29463e-08
xdut.x_110.n14                               5
xdut.n1099                         1.16047e-07
xdut.x_110.n6                                5
xdut.x_110.ckp                     2.08524e-08
xdut.x_110.n7                                5
xdut.x_110.ckb                               5
xdut.x_110.qm                      2.60748e-08
xdut.x_110.n9                      4.95105e-08
xdut.x_110.n13                         4.14374
xdut.ni1412                                  5
xdut.x_111.qs                      7.29463e-08
xdut.x_111.n14                               5
xdut.x_111.n6                                5
xdut.x_111.ckp                     2.08524e-08
xdut.x_111.n7                                5
xdut.x_111.ckb                               5
xdut.x_111.qm                      2.60748e-08
xdut.x_111.n9                      4.95105e-08
xdut.x_111.n13                         4.14374
xdut.x_112.n8                                5
xdut.x_112.n7                                5
xdut.n1112                         8.22975e-08
xdut.x_114.n3                                5
xdut.n1003                         8.23099e-08
xdut.x_114.n9                                5
xdut.n533                                    5
xdut.x_114.n5                      4.11549e-08
xdut.x_114.n6                      6.26479e-09
vsync                              2.08524e-08
xdut.ni1413                                  5
xdut.x_116.qs                      9.07538e-08
xdut.x_116.n14                         1.34473
xdut.x_116.n6                      8.60208e-08
xdut.x_116.ckp                     2.08524e-08
xdut.x_116.n7                      2.60748e-08
xdut.x_116.ckb                               5
xdut.x_116.qm                                5
xdut.x_116.n9                      5.84143e-08
xdut.x_116.n13                     4.30104e-08
xdut.ni1414                                  0
xdut.x_117.qs                                5
xdut.x_117.n14                         1.34473
xdut.x_117.n6                      8.60208e-08
xdut.x_117.ckp                     2.08524e-08
xdut.x_117.n7                      2.60748e-08
xdut.x_117.ckb                               5
xdut.x_117.qm                                5
xdut.x_117.n9                                5
xdut.x_117.n13                     4.30104e-08
xdut.x_136.n6                                5
xdut.n975                                    5
xdut.x_137.n6                          1.26842
xdut.n1105                         2.05775e-08
xdut.x_138.n6                      4.11487e-08
xdut.ni1424                                  5
xdut.x_157.qs                      7.29463e-08
xdut.x_157.n14                               5
xdut.x_157.n6                                5
xdut.x_157.ckp                     2.08524e-08
xdut.x_157.n7                                5
xdut.x_157.ckb                               5
xdut.x_157.qm                      2.60748e-08
xdut.x_157.n9                      4.95105e-08
xdut.x_157.n13                         4.14375
xdut.n1038                                   5
xdut.x_158.n6                        0.0348173
xdut.n1000                                   0
xdut.ni1434                                  5
xdut.x_160.qs                      7.29463e-08
xdut.x_160.n14                               5
xdut.n984                          2.05775e-08
xdut.x_160.n6                                5
xdut.x_160.ckp                     2.08524e-08
xdut.x_160.n7                                5
xdut.x_160.ckb                               5
xdut.x_160.qm                      2.60748e-08
xdut.x_160.n9                      4.95105e-08
xdut.x_160.n13                         4.14374
xdut.x_161.n3                                5
xdut.x_161.n9                          1.26842
xdut.x_161.n5                      5.80236e-08
xdut.x_161.n6                          4.14375
xdut.n912                                    5
xdut.n727                          8.22975e-08
xdut.n516                                    5
xdut.n517                                    5
xdut.x_295.n6                      4.11488e-08
r                                  2.08524e-08
xdut.ni1429                                  5
xdut.x_298.qs                      7.29463e-08
xdut.x_298.n14                               5
xdut.x_298.n6                                5
xdut.x_298.ckp                     2.08524e-08
xdut.x_298.n7                                5
xdut.x_298.ckb                               5
xdut.x_298.qm                      2.60748e-08
xdut.x_298.n9                      4.95105e-08
xdut.n674                          2.05744e-08
xdut.x_298.n13                         4.14375
b                                  2.08524e-08
xdut.ni1425                                  5
xdut.x_299.qs                      7.29463e-08
xdut.x_299.n14                               5
xdut.n730                          2.05775e-08
xdut.x_299.n6                                5
xdut.x_299.ckp                     2.08524e-08
xdut.x_299.n7                                5
xdut.x_299.ckb                               5
xdut.x_299.qm                      2.60748e-08
xdut.x_299.n9                      4.95105e-08
xdut.x_299.n13                         4.14375
xdut.n521                                    0
xdut.ni1426                                  5
xdut.x_300.qs                      7.29463e-08
xdut.x_300.n14                               5
xdut.n632                          8.22975e-08
xdut.x_300.n6                                5
xdut.x_300.ckp                     2.08524e-08
xdut.x_300.n7                                5
xdut.x_300.ckb                               5
xdut.x_300.qm                      2.60748e-08
xdut.x_300.n9                      4.95105e-08
xdut.x_300.n13                         4.14374
xdut.x_301.qs                                5
xdut.x_301.n14                         1.34473
xdut.x_301.n6                      8.60208e-08
xdut.x_301.ckp                     2.08524e-08
xdut.x_301.n7                      2.60748e-08
xdut.x_301.ckb                               5
xdut.x_301.qm                                5
xdut.x_301.n9                                5
xdut.x_301.n13                     4.30104e-08
xdut.x_302.n6                      6.26479e-09
xdut.x_303.n3                                5
xdut.x_303.n7                      6.26479e-09
xdut.n655                                    5
xdut.x_304.n6                       6.2648e-09
xdut.x_305.n6                        0.0348173
xdut.x_306.n8                          1.31158
xdut.x_306.n7                          1.29144
xdut.x_307.n8                          4.97062
xdut.x_307.n7                          4.97062
xdut.n714                          7.92437e-09
xdut.n588                                    0
xdut.x_312.qs                                5
xdut.x_312.n14                         1.34473
xdut.n591                                    5
xdut.x_312.n6                      8.60208e-08
xdut.x_312.ckp                     2.08524e-08
xdut.x_312.n7                      2.60748e-08
xdut.x_312.ckb                               5
xdut.x_312.qm                                5
xdut.x_312.n9                                5
xdut.x_312.n13                     4.30104e-08
xdut.x_313.n7                                5
xdut.x_313.n3                                5
xdut.n24                           2.05775e-08
xdut.n568                          2.05775e-08
xdut.ni1437                                  0
xdut.x_314.qs                                5
xdut.x_314.n14                         1.34473
xdut.n701                                    5
xdut.x_314.n6                      8.60208e-08
xdut.x_314.ckp                     2.08524e-08
xdut.x_314.n7                      2.60748e-08
xdut.x_314.ckb                               5
xdut.x_314.qm                                5
xdut.x_314.n9                                5
xdut.x_314.n13                     4.30104e-08
g                                  2.08524e-08
xdut.ni1430                                  5
xdut.x_316.qs                      7.29463e-08
xdut.x_316.n14                               5
xdut.n676                          2.05775e-08
xdut.x_316.n6                                5
xdut.x_316.ckp                     2.08524e-08
xdut.x_316.n7                                5
xdut.x_316.ckb                               5
xdut.x_316.qm                      2.60748e-08
xdut.x_316.n9                      4.95105e-08
xdut.x_316.n13                         4.14374
xdut.n617                                    5
xdut.x_317.n6                      4.11487e-08
xdut.n623                                    5
xdut.x_318.n8                        0.0175683
xdut.x_318.n7                        0.0508864
xdut.n353                          2.05775e-08
xdut.x_319.n2                                5
xdut.n577                          2.05775e-08
xdut.x_321.n6                        0.0348173
xdut.x_322.n3                                5
xdut.x_322.n5                      9.07538e-08
xdut.x_322.n4                      5.84143e-08
xdut.x_322.n6                                5
xdut.n582                          2.05775e-08
xdut.x_324.n6                        0.0348173
xdut.x_325.n3                                5
xdut.x_325.n7                          4.14375
xdut.x_326.n6                       6.2648e-09
xdut.x_327.n7                                5
xdut.x_327.n3                                5
xdut.n678                          1.66209e-08
xdut.x_329.n10                         4.97213
xdut.x_329.n9                          4.97213
xdut.x_329.n8                          1.26038
xdut.n1001                                   5
xdut.n679                                    0
xdut.ni1417                                  5
xdut.x_330.qs                      7.29463e-08
xdut.x_330.n14                               5
xdut.n982                          1.16047e-07
xdut.x_330.n6                                5
xdut.x_330.ckp                     2.08524e-08
xdut.x_330.n7                                5
xdut.x_330.ckb                               5
xdut.x_330.qm                      2.60748e-08
xdut.x_330.n9                      4.95105e-08
xdut.x_330.n13                         4.14375
xdut.x_332.n7                                5
xdut.x_332.n3                                5
xdut.x_333.n8                                5
xdut.x_333.n3                                5
xdut.x_333.n9                                5
xdut.x_333.n5                      1.01216e-08
xdut.x_340.n2                                5
xdut.ni1420                                  5
xdut.x_341.qs                      7.29463e-08
xdut.x_341.n14                               5
xdut.n953                          2.19645e-08
xdut.x_341.n6                                5
xdut.x_341.ckp                     2.08524e-08
xdut.x_341.n7                                5
xdut.x_341.ckb                               5
xdut.x_341.qm                      2.60748e-08
xdut.x_341.n9                      4.95105e-08
xdut.x_341.n13                         4.14374
xdut.ni1421                                  0
xdut.x_342.qs                                5
xdut.x_342.n14                         1.34473
xdut.n965                                    5
xdut.x_342.n6                      8.60208e-08
xdut.x_342.ckp                     2.08524e-08
xdut.x_342.n7                      2.60748e-08
xdut.x_342.ckb                               5
xdut.x_342.qm                                5
xdut.x_342.n9                                5
xdut.x_342.n13                     4.30104e-08
xdut.x_343.n7                                5
xdut.x_343.n5                                5
xdut.x_343.n3                           4.1532
xdut.ni1422                                  0
xdut.x_358.qs                                5
xdut.x_358.n14                         1.34473
xdut.n983                                    5
xdut.x_358.n6                      8.60208e-08
xdut.x_358.ckp                     2.08524e-08
xdut.x_358.n7                      2.60748e-08
xdut.x_358.ckb                               5
xdut.x_358.qm                                5
xdut.x_358.n9                                5
xdut.x_358.n13                     4.30104e-08
xdut.n675                                    5
xdut.n979                                    0
xdut.x_359.qs                                5
xdut.x_359.n14                         1.34473
xdut.n999                                    5
xdut.x_359.n6                      8.60208e-08
xdut.x_359.ckp                     2.08524e-08
xdut.x_359.n7                      2.60748e-08
xdut.x_359.ckb                               5
xdut.x_359.qm                                5
xdut.x_359.n9                                5
xdut.x_359.n13                     4.30104e-08
xdut.x_360.n3                      1.43584e-08
xdut.n998                                    5
xdut.x_360.n5                      9.07538e-08
xdut.x_360.n4                                5
xdut.x_360.n6                      5.84143e-08
xdut.n981                                    5
xdut.x_362.n8                       2.9454e-09
xdut.x_362.n7                        0.0348173
xdut.x_363.n3                                5
xdut.x_363.n9                          1.26842
xdut.x_363.n5                      5.80236e-08
xdut.x_363.n6                          4.14375
xdut.x_364.n6                        0.0348173
xdut.n1034                                   5
xdut.x_365.n6                       1.9378e-09
xdut.x_365.n8                        0.0175683
xdut.x_365.n7                        0.0508865
xdut.n922                          1.16047e-07
xdut.x_375.n6                       6.2648e-09
xdut.x_406.n3                                5
xdut.x_406.n9                          1.26842
xdut.n937                          2.05775e-08
xdut.x_406.n5                      5.80236e-08
xdut.x_406.n6                          4.14375
xdut.x_407.n3                                5
xdut.x_407.n5                                5
xdut.x_407.n4                                5
xdut.x_407.n6                      3.49785e-08
xdut.n934                                    5
xdut.x_408.n6                       6.2648e-09
xdut.x_409.n8                       2.9454e-09
xdut.x_409.n7                        0.0348173
xdut.x_410.n6                                5
xdut.x_411.n8                                5
xdut.x_411.n3                      3.74462e-08
xdut.x_411.n9                          1.26842
xdut.x_411.n5                          4.14375
xdut.x_414.n3                      8.23099e-08
xdut.x_414.n9                                5
xdut.x_414.n5                       3.1324e-09
xdut.x_414.n6                       4.1155e-08
xdut.x_510.n8                                5
xdut.x_510.n3                      3.74462e-08
xdut.n171                                    0
xdut.x_510.n9                          1.26842
xdut.x_510.n5                          4.14375
xdut.x_533.n8                                5
xdut.x_533.n7                          1.26842
xdut.n618                                    5
xdut.n250                          3.74461e-08
xdut.n522                                    0
xdut.x_534.n8                          4.98443
xdut.n170                                    5
xdut.x_534.n7                           4.9553
xdut.n325                          4.82942e-09
xdut.x_551.n6                                5
xdut.n604                          2.05775e-08
xdut.n335                                    5
xdut.x_554.qs                                5
xdut.x_554.n14                         1.34473
xdut.n598                                    5
xdut.x_554.n6                      8.60208e-08
xdut.x_554.ckp                     2.08524e-08
xdut.x_554.n7                      2.60748e-08
xdut.x_554.ckb                               5
xdut.x_554.qm                                5
xdut.x_554.n9                                5
xdut.n280                          2.05744e-08
xdut.x_554.n13                     4.30104e-08
xdut.x_555.n3                                5
xdut.n330                          1.16047e-07
xdut.n614                          3.74462e-08
xdut.n338                          2.05775e-08
xdut.x_555.n7                        0.0348173
xdut.n173                                    5
xdut.n296                                    0
xdut.x_556.qs                                5
xdut.x_556.n14                         1.34473
xdut.n68                                     5
xdut.x_556.n6                      8.60208e-08
xdut.x_556.ckp                     2.08524e-08
xdut.x_556.n7                      2.60748e-08
xdut.x_556.ckb                               5
xdut.x_556.qm                                5
xdut.x_556.n9                                5
xdut.x_556.n13                     4.30104e-08
xdut.x_557.n3                                5
xdut.n219                          1.16047e-07
xdut.x_557.n9                          1.26842
xdut.n244                          2.05775e-08
xdut.x_557.n5                      5.80236e-08
xdut.x_557.n6                          4.14375
xdut.x_558.n6                          4.96988
xdut.n599                          7.88485e-09
xdut.n343                                    5
xdut.x_559.n6                          4.96988
xdut.n69                                     5
xdut.n204                          7.88485e-09
xdut.n612                                    5
xdut.x_560.n7                                5
xdut.x_560.n3                      2.05775e-08
xdut.n281                                    5
xdut.x_561.n3                                5
xdut.x_561.n7                          4.14375
xdut.x_562.n7                                5
xdut.x_562.n3                      2.05775e-08
xdut.n174                                    5
xdut.x_564.n8                                5
xdut.x_564.n3                      2.05775e-08
xdut.n18                                     5
xdut.x_564.n9                                5
xdut.x_564.n5                      6.26479e-09
xdut.x_566.n2                                5
xdut.n202                                    5
xdut.x_567.n6                       6.2648e-09
xdut.x_568.n3                                5
xdut.n193                          1.16047e-07
xdut.x_568.n9                          1.26842
xdut.n66                                     5
xdut.n65                                     0
xdut.x_568.n5                      5.80236e-08
xdut.x_568.n6                          4.14375
xdut.x_569.n6                          4.96988
xdut.n295                          7.88485e-09
xdut.n201                                    5
xdut.x_570.n3                                5
xdut.n328                                    5
xdut.x_570.n5                      7.29463e-08
xdut.x_570.n4                      4.95105e-08
xdut.x_570.n6                      2.60748e-08
xdut.x_572.n6                                5
xdut.n596                          5.46059e-08
xdut.n594                          3.74462e-08
xdut.x_573.n6                          1.26842
xdut.x_574.n6                                5
xdut.x_575.n6                          1.26842
xdut.n600                          3.74462e-08
xdut.n601                          2.05775e-08
xdut.x_576.n6                                5
xdut.n248                                    0
xdut.x_578.qs                                5
xdut.x_578.n14                         1.34473
xdut.x_578.n6                      8.60208e-08
xdut.x_578.ckp                     2.08524e-08
xdut.x_578.n7                      2.60748e-08
xdut.x_578.ckb                               5
xdut.x_578.qm                                5
xdut.x_578.n9                                5
xdut.x_578.n13                     4.30104e-08
xdut.x_579.n6                          1.26842
xdut.n270                                    5
xdut.x_623.qs                      7.29463e-08
xdut.x_623.n14                               5
xdut.x_623.n6                                5
xdut.x_623.ckp                     2.08524e-08
xdut.x_623.n7                                5
xdut.x_623.ckb                               5
xdut.x_623.qm                      2.60748e-08
xdut.x_623.n9                      4.95105e-08
xdut.x_623.n13                         4.14374
xdut.n283                                    5
xdut.n311                          8.22975e-08
xdut.x_624.n8                       6.2648e-09
xdut.x_624.n7                      1.25296e-08
xdut.x_639.n7                          1.26842
xdut.x_639.n3                      3.74462e-08
xdut.n8                                      5
xdut.n2                                      5
xdut.x_640.n7                                5
xdut.n23                                     0
xdut.x_640.n3                                5
xdut.n10                           2.05775e-08
xdut.x_641.n6                                5
xdut.n22                                     5
xdut.n19                           8.23099e-08
xdut.x_646.n6                                5
xdut.n57                           2.05775e-08
xdut.x_648.n3                                5
xdut.n59                                     5
xdut.n56                           2.05775e-08
xdut.x_648.n7                          4.14375
xdut.x_649.n7                          4.96988
xdut.x_649.n3                      7.88485e-09
xdut.n35                                     5
hsync                                        5
xdut.ni1415                        2.08524e-08
xdut.x_665.qs                                5
xdut.x_665.n14                         1.34473
xdut.n37                                     5
xdut.x_665.n6                      8.60208e-08
xdut.x_665.ckp                     2.08524e-08
xdut.x_665.n7                      2.60748e-08
xdut.x_665.ckb                               5
xdut.x_665.qm                                5
xdut.x_665.n9                                5
xdut.n25                           2.05744e-08
xdut.x_665.n13                     4.30104e-08
xdut.n20                                     5
xdut.x_680.qs                                5
xdut.x_680.n14                               5
xdut.x_680.n6                                5
xdut.x_680.ckp                     2.08524e-08
xdut.x_680.n7                                5
xdut.x_680.ckb                               5
xdut.x_680.qm                      3.49785e-08
xdut.x_680.n9                                5
xdut.x_680.n13                         4.14374
xdut.x_682.n8                                5
xdut.n17                           1.85179e-07
xdut.x_682.n7                                5
xdut.n208                          8.22975e-08
xdut.n205                          2.05775e-08
xdut.x_687.n3                      8.23099e-08
xdut.x_687.n9                                5
xdut.x_687.n5                       3.1324e-09
xdut.x_687.n6                       4.1155e-08
xdut.n7                                      5
xdut.x_689.n2                      2.05775e-08
xdut.x_691.n8                                5
xdut.x_691.n7                                5
xdut.n206                          2.05775e-08
xdut.x_695.n2                                5
xdut.ni1433                                  5
xdut.x_696.qs                      7.29463e-08
xdut.x_696.n14                               5
xdut.n6                            8.23099e-08
xdut.x_696.n6                                5
xdut.x_696.ckp                     2.08524e-08
xdut.x_696.n7                                5
xdut.x_696.ckb                               5
xdut.x_696.qm                      2.60748e-08
xdut.x_696.n9                      4.95105e-08
xdut.x_696.n13                         4.14374
xdut.ni1435                                  0
xdut.x_714.qs                                5
xdut.x_714.n14                         1.34473
xdut.x_714.n6                      8.60208e-08
xdut.x_714.ckp                     2.08524e-08
xdut.x_714.n7                      2.60748e-08
xdut.x_714.ckb                               5
xdut.x_714.qm                                5
xdut.x_714.n9                                5
xdut.x_714.n13                     4.30104e-08
xdut.x_715.n10                         4.98484
xdut.x_715.n9                           4.9572
xdut.x_715.n8                           4.9572
xdut.n225                          4.87635e-09
xdut.n227                                    5
xdut.x_728.n7                          4.96988
xdut.x_728.n3                      7.88485e-09
xdut.n226                                    5
xdut.n211                          8.22975e-08
xdut.x_729.n8                       6.2648e-09
xdut.x_729.n7                      1.25296e-08
xdut.x_730.n6                      4.11487e-08
xdut.n188                                    5
xdut.x_731.qs                                5
xdut.x_731.n14                         1.34473
xdut.n3                                      5
xdut.x_731.n6                      8.60208e-08
xdut.x_731.ckp                     2.08524e-08
xdut.x_731.n7                      2.60748e-08
xdut.x_731.ckb                               5
xdut.x_731.qm                                5
xdut.x_731.n9                                5
xdut.x_731.n13                     4.30104e-08
xdut.n230                          2.05775e-08
xdut.n324                                    0
xdut.x_734.qs                                5
xdut.x_734.n14                         1.34473
xdut.x_734.n6                      8.60208e-08
xdut.x_734.ckp                     2.08524e-08
xdut.x_734.n7                      2.60748e-08
xdut.x_734.ckb                               5
xdut.x_734.qm                                5
xdut.x_734.n9                                5
xdut.x_734.n13                     4.30104e-08
xdut.x_751.n6                                5
xdut.n301                          2.05775e-08
xdut.n528                                    5
xdut.n287                          2.05775e-08
xdut.x_752.n6                                5
xdut.n292                          2.05775e-08
xdut.n584                                    5
xdut.x_758.n3                                5
xdut.n71                                     5
xdut.n195                          3.74461e-08
xdut.n194                          2.05775e-08
xdut.x_758.n7                      6.26479e-09
xdut.x_759.n8                                5
xdut.x_759.n7                                5
xdut.n182                                    5
xdut.n572                          7.88485e-09
xdut.x_760.n6                                5
xdut.n72                           2.05775e-08
xdut.n573                          2.05775e-08
xdut.n184                                    5
xdut.x_761.n8                          4.97062
xdut.x_761.n7                          4.97062
xdut.n185                          1.65851e-08
xdut.n187                          7.92437e-09
xdut.n288                                    5
xdut.x_762.n6                                5
xdut.n183                          2.05775e-08
xdut.x_765.n6                                5
xdut.n527                          7.92437e-09
xdut.n284                                    5
xdut.n300                          2.05775e-08
xdut.x_766.n6                                5
xdut.n297                          2.05775e-08
xdut.n299                          3.74462e-08
xdut.x_767.n8                                5
xdut.x_767.n7                                5
xdut.n375                          2.05775e-08
xdut.x_768.n10                               5
xdut.n581                          2.05775e-08
xdut.x_768.n9                                5
xdut.x_768.n8                                5
xdut.n360                                    5
xdut.x_770.n6                      4.11487e-08
xdut.x_771.n7                          4.96988
xdut.x_771.n3                      7.88485e-09
xdut.x_773.n6                                5
xdut.n526                                    5
xdut.x_778.n6                          4.96988
xdut.n606                          7.88485e-09
xdut.n74                                     5
xdut.x_779.n2                      2.05775e-08
xdut.x_787.n8                          4.97143
xdut.x_787.n7                          1.26023
xdut.x_790.n6                                5
xdut.x_793.n6                                5
xdut.x_794.n6                                5
xdut.n608                                    5
xdut.n308                          2.05775e-08
xdut.x_853.n8                          4.97143
xdut.x_853.n7                          1.26023
xdut.n657                          1.65851e-08
xdut.n70                           8.22975e-08
xdut.x_854.n6                                5
xdut.n329                                    5
xdut.x_865.n6                                5
xdut.n320                                    5
xdut.x_866.n8                                5
xdut.x_866.n7                                5
xdut.n664                                    5
xdut.x_869.n6                          4.96988
xdut.x_870.n6                                5
xdut.x_871.n8                          4.97062
xdut.x_871.n7                          4.97062
xdut.n77                                     5
xdut.x_873.n6                                5
xdut.x_877.n6                                5
xdut.x_879.n6                                5
xdut.x_881.n8                          1.31158
xdut.x_881.n7                          1.29144
xdut.x_884.n6                                5
xdut.x_889.n7                          1.26842
xdut.x_889.n3                      3.74462e-08
xdut.x_895.n3                                5
xdut.x_895.n7                      6.26479e-09
xdut.x_900.n8                                5
xdut.x_900.n7                          1.26842
xdut.x_902.n6                          4.96988
xdut.x_905.n2                      2.05775e-08
xdut.x_906.n8                                5
xdut.x_906.n7                                5
xdut.x_955.n3                                5
xdut.x_955.n9                                5
xdut.x_955.n5                      4.11549e-08
xdut.x_955.n6                      6.26479e-09
xdut.x_956.n6                                5
xdut.n16                           2.05775e-08
xdut.n54                                     5
xdut.x_965.n8                                5
xdut.x_965.n7                          1.26842
xdut.n50                           3.74461e-08
xdut.n48                                     5
xdut.x_969.n6                      4.11487e-08
xdut.x_970.n8                      6.17262e-08
xdut.x_970.n7                      1.23452e-07
xdut.x_972.n6                          4.14375
xdut.x_977.n6                          4.14375
xdut.x_981.n6                          1.26842
xdut.x_988.n6                      6.26479e-09
xdut.n51                                     5
xdut.x_990.n6                          4.14375
xdut.x_994.n6                      4.11487e-08
xdut.x_998.n6                        0.0348173
xdut.x_1002.n3                               5
xdut.n15                                     5
xdut.x_1002.n5                     7.29463e-08
xdut.x_1002.n4                     4.95105e-08
xdut.x_1002.n6                     2.60747e-08
xdut.x_1011.n3                               5
xdut.x_1011.n9                               5
xdut.x_1011.n5                      4.1155e-08
xdut.x_1011.n6                     6.26479e-09
xdut.x_1012.n6                               5
xdut.n5                                      5
xdut.x_1019.n7                               5
xdut.x_1019.n3                     2.05775e-08
xdut.n49                           3.74462e-08
xdut.x_1022.n3                               5
xdut.x_1022.n9                         1.26842
xdut.x_1022.n5                     5.80236e-08
xdut.x_1022.n6                         4.14375
xdut.x_1028.n8                               5
xdut.x_1028.n7                               5
xdut.n4                                      5
xdut.x_1029.n2                     1.85179e-07
xdut.x_1029.n4                     6.17262e-08
xdut.x_1029.n5                     1.23452e-07
xdut.x_1030.n6                         4.96988
xdut.n213                          7.88485e-09
xdut.x_1034.n6                       0.0348173
xdut.n11                                     5
xdut.n14                           2.05775e-08
xdut.x_1038.n6                       0.0171313
xdut.x_1038.n8                       0.0486804
xdut.x_1038.n7                         4.15573
xdut.n45                                     5
xdut.n12                                     5
xdut.x_1064.n8                     6.17262e-08
xdut.x_1064.n7                     1.23452e-07
xdut.n13                                     5
xdut.x_1066.n8                       0.0333738
xdut.x_1066.n7                       0.0333738
xdut.x_1082.n9                         4.95563
xdut.x_1082.n2                      4.8375e-09
xdut.x_1082.n11                        4.98479
xdut.x_1082.n10                        4.98479
xdut.x_1089.n6                     4.11487e-08
xdut.x_1099.n6                         1.26842
xdut.n46                           2.05775e-08
xdut.x_1102.n6                     6.26479e-09
xdut.x_1107.n3                               5
xdut.n47                           2.05775e-08
xdut.x_1107.n7                       0.0348173
xdut.x_1109.n6                               5
xdut.x_1110.n3                               5
xdut.x_1110.n9                               5
xdut.x_1110.n5                         4.10687
xdut.x_1110.n6                       0.0348173
xdut.x_1111.n9                         4.97131
xdut.x_1111.n2                     7.96197e-09
xdut.x_1111.n11                        4.97131
xdut.x_1111.n10                        4.97131
xdut.x_1112.n9                          4.9572
xdut.x_1112.n2                     4.87635e-09
xdut.x_1112.n11                         4.9572
xdut.x_1112.n10                        4.98484
vclk#branch                                  0
vdd#branch                        -6.15726e-09

 Reference value :  9.12800e-08 Reference value :  2.28280e-07 Reference value :  3.71280e-07 Reference value :  5.13280e-07 Reference value :  6.52280e-07 Reference value :  7.82280e-07 Reference value :  9.27280e-07 Reference value :  1.01148e-06 Reference value :  1.07657e-06 Reference value :  1.16985e-06 Reference value :  1.26642e-06 Reference value :  1.33183e-06 Reference value :  1.43265e-06 Reference value :  1.49377e-06 Reference value :  1.62538e-06 Reference value :  1.65417e-06 Reference value :  1.73349e-06 Reference value :  1.80942e-06 Reference value :  1.93190e-06 Reference value :  1.96942e-06 Reference value :  2.02593e-06 Reference value :  2.12302e-06 Reference value :  2.22047e-06 Reference value :  2.28369e-06 Reference value :  2.36982e-06 Reference value :  2.44369e-06 Reference value :  2.57229e-06 Reference value :  2.60516e-06 Reference value :  2.72042e-06 Reference value :  2.78723e-06 Reference value :  2.90676e-06 Reference value :  2.92921e-06 Reference value :  3.06046e-06 Reference value :  3.11305e-06 Reference value :  3.22728e-06 Reference value :  3.24785e-06 Reference value :  3.38040e-06 Reference value :  3.45527e-06 Reference value :  3.54902e-06 Reference value :  3.61321e-06 Reference value :  3.71107e-06 Reference value :  3.81488e-06 Reference value :  3.87242e-06 Reference value :  3.97856e-06 Reference value :  4.04300e-06 Reference value :  4.17465e-06 Reference value :  4.19744e-06 Reference value :  4.28357e-06 Reference value :  4.34922e-06 Reference value :  4.47293e-06 Reference value :  4.51089e-06 Reference value :  4.59745e-06 Reference value :  4.66993e-06 Reference value :  4.80952e-06 Reference value :  4.84337e-06 Reference value :  4.97051e-06 Reference value :  5.05078e-06 Reference value :  5.13891e-06 Reference value :  5.21568e-06 Reference value :  5.29967e-06 Reference value :  5.40802e-06 Reference value :  5.46059e-06 Reference value :  5.55097e-06 Reference value :  5.62035e-06 Reference value :  5.74637e-06 Reference value :  5.78258e-06 Reference value :  5.88681e-06 Reference value :  5.94503e-06 Reference value :  6.07940e-06 Reference value :  6.10773e-06 Reference value :  6.23851e-06 Reference value :  6.31175e-06 Reference value :  6.40773e-06 Reference value :  6.47516e-06 Reference value :  6.57102e-06 Reference value :  6.69071e-06 Reference value :  6.73247e-06 Reference value :  6.82649e-06 Reference value :  6.89470e-06 Reference value :  7.03178e-06 Reference value :  7.05378e-06 Reference value :  7.18950e-06 Reference value :  7.26234e-06 Reference value :  7.35863e-06 Reference value :  7.43394e-06 Reference value :  7.52141e-06 Reference value :  7.61956e-06 Reference value :  7.68108e-06 Reference value :  7.76728e-06 Reference value :  7.84170e-06 Reference value :  7.97470e-06 Reference value :  8.00477e-06 Reference value :  8.11232e-06 Reference value :  8.17572e-06 Reference value :  8.30361e-06 Reference value :  8.32482e-06 Reference value :  8.44955e-06 Reference value :  8.51741e-06 Reference value :  8.62773e-06 Reference value :  8.68945e-06 Reference value :  8.78901e-06 Reference value :  8.88533e-06 Reference value :  8.95141e-06 Reference value :  9.03569e-06 Reference value :  9.11134e-06 Reference value :  9.23445e-06 Reference value :  9.27263e-06 Reference value :  9.36937e-06 Reference value :  9.43060e-06 Reference value :  9.56336e-06 Reference value :  9.59080e-06 Reference value :  9.66278e-06 Reference value :  9.74463e-06 Reference value :  9.86032e-06 Reference value :  9.90534e-06 Reference value :  1.00234e-05 Reference value :  1.00943e-05 Reference value :  1.02102e-05 Reference value :  1.02384e-05 Reference value :  1.03674e-05 Reference value :  1.04523e-05 Reference value :  1.05365e-05 Reference value :  1.05934e-05 Reference value :  1.06927e-05 Reference value :  1.07857e-05 Reference value :  1.08555e-05 Reference value :  1.09188e-05 Reference value :  1.10143e-05 Reference value :  1.11343e-05 Reference value :  1.11766e-05 Reference value :  1.12832e-05 Reference value :  1.13394e-05 Reference value :  1.14765e-05 Reference value :  1.15001e-05 Reference value :  1.16180e-05 Reference value :  1.16740e-05 Reference value :  1.17953e-05 Reference value :  1.18167e-05 Reference value :  1.19385e-05 Reference value :  1.20130e-05 Reference value :  1.21206e-05 Reference value :  1.21488e-05 Reference value :  1.22718e-05 Reference value :  1.23612e-05 Reference value :  1.24408e-05 Reference value :  1.25183e-05 Reference value :  1.26003e-05 Reference value :  1.27070e-05 Reference value :  1.27617e-05 Reference value :  1.28605e-05 Reference value :  1.29288e-05 Reference value :  1.30636e-05 Reference value :  1.30839e-05 Reference value :  1.31976e-05 Reference value :  1.32511e-05 Reference value :  1.33820e-05 Reference value :  1.34054e-05 Reference value :  1.35398e-05 Reference value :  1.36224e-05 Reference value :  1.37099e-05 Reference value :  1.37901e-05 Reference value :  1.38714e-05 Reference value :  1.40018e-05 Reference value :  1.40337e-05 Reference value :  1.41535e-05 Reference value :  1.42138e-05 Reference value :  1.43355e-05 Reference value :  1.43587e-05 Reference value :  1.44629e-05 Reference value :  1.45233e-05 Reference value :  1.46525e-05 Reference value :  1.46733e-05 Reference value :  1.48010e-05 Reference value :  1.48717e-05 Reference value :  1.49780e-05 Reference value :  1.50519e-05 Reference value :  1.51412e-05 Reference value :  1.52487e-05 Reference value :  1.53021e-05 Reference value :  1.53902e-05 Reference value :  1.54638e-05 Reference value :  1.56018e-05 Reference value :  1.56241e-05 Reference value :  1.57363e-05 Reference value :  1.57908e-05 Reference value :  1.59213e-05 Reference value :  1.59453e-05 Reference value :  1.60773e-05 Reference value :  1.61407e-05 Reference value :  1.62471e-05 Reference value :  1.63108e-05 Reference value :  1.64096e-05 Reference value :  1.65245e-05 Reference value :  1.65713e-05 Reference value :  1.66714e-05 Reference value :  1.67311e-05 Reference value :  1.68694e-05 Reference value :  1.68941e-05 Reference value :  1.70019e-05 Reference value :  1.70654e-05 Reference value :  1.71905e-05 Reference value :  1.72131e-05 Reference value :  1.73101e-05 Reference value :  1.73705e-05 Reference value :  1.74945e-05 Reference value :  1.75284e-05 Reference value :  1.76371e-05 Reference value :  1.77024e-05 Reference value :  1.78268e-05 Reference value :  1.78530e-05 Reference value :  1.79853e-05 Reference value :  1.80584e-05 Reference value :  1.81535e-05 Reference value :  1.82004e-05 Reference value :  1.83116e-05 Reference value :  1.84028e-05 Reference value :  1.84742e-05 Reference value :  1.85437e-05 Reference value :  1.86341e-05 Reference value :  1.87502e-05 Reference value :  1.87945e-05 Reference value :  1.89043e-05 Reference value :  1.89761e-05 Reference value :  1.90972e-05 Reference value :  1.91365e-05 Reference value :  1.92560e-05 Reference value :  1.93382e-05 Reference value :  1.94251e-05 Reference value :  1.94771e-05 Reference value :  1.95823e-05 Reference value :  1.96701e-05 Reference value :  1.97416e-05 Reference value :  1.97823e-05 Reference value :  1.98976e-05 Reference value :  1.99850e-05 Reference value :  2.00600e-05 Reference value :  2.01493e-05 Reference value :  2.02228e-05 Reference value :  2.03530e-05 Reference value :  2.03843e-05 Reference value :  2.04973e-05 Reference value :  2.05600e-05 Reference value :  2.06842e-05 Reference value :  2.07061e-05 Reference value :  2.08371e-05 Reference value :  2.09024e-05 Reference value :  2.10045e-05 Reference value :  2.10332e-05 Reference value :  2.11608e-05 Reference value :  2.12419e-05 Reference value :  2.13298e-05 Reference value :  2.14096e-05 Reference value :  2.14918e-05 Reference value :  2.16319e-05 Reference value :  2.16541e-05 Reference value :  2.17634e-05 Reference value :  2.18295e-05 Reference value :  2.19525e-05 Reference value :  2.19744e-05 Reference value :  2.20812e-05 Reference value :  2.21417e-05 Reference value :  2.22710e-05 Reference value :  2.22929e-05 Reference value :  2.24197e-05 Reference value :  2.24829e-05 Reference value :  2.25911e-05 Reference value :  2.26350e-05 Reference value :  2.27548e-05 Reference value :  2.28447e-05 Reference value :  2.29189e-05 Reference value :  2.30017e-05 Reference value :  2.30809e-05 Reference value :  2.32163e-05 Reference value :  2.32429e-05 Reference value :  2.33604e-05 Reference value :  2.34075e-05 Reference value :  2.35397e-05 Reference value :  2.35616e-05 Reference value :  2.36525e-05 Reference value :  2.37156e-05 Reference value :  2.38465e-05 Reference value :  2.38742e-05 Reference value :  2.39725e-05 Reference value :  2.40344e-05 Reference value :  2.41664e-05 Reference value :  2.41957e-05 Reference value :  2.43333e-05 Reference value :  2.44017e-05 Reference value :  2.45021e-05 Reference value :  2.45213e-05 Reference value :  2.46297e-05 Reference value :  2.47072e-05 Reference value :  2.48165e-05 Reference value :  2.48343e-05 Reference value :  2.49518e-05 Reference value :  2.50244e-05 Reference value :  2.51333e-05 Reference value :  2.51957e-05 Reference value :  2.52958e-05 Reference value :  2.53884e-05 Reference value :  2.54578e-05 Reference value :  2.55278e-05 Reference value :  2.56183e-05 Reference value :  2.57464e-05 Reference value :  2.57812e-05 Reference value :  2.58809e-05 Reference value :  2.59455e-05 Reference value :  2.60794e-05 Reference value :  2.61021e-05 Reference value :  2.62293e-05 Reference value :  2.63005e-05 Reference value :  2.64044e-05 Reference value :  2.64585e-05 Reference value :  2.65658e-05 Reference value :  2.66573e-05 Reference value :  2.67281e-05 Reference value :  2.68071e-05 Reference value :  2.68888e-05 Reference value :  2.70121e-05 Reference value :  2.70506e-05 Reference value :  2.71327e-05 Reference value :  2.72056e-05 Reference value :  2.73341e-05 Reference value :  2.73685e-05 Reference value :  2.74689e-05 Reference value :  2.75362e-05 Reference value :  2.76632e-05 Reference value :  2.76887e-05 Reference value :  2.78195e-05 Reference value :  2.78829e-05 Reference value :  2.79898e-05 Reference value :  2.80220e-05 Reference value :  2.81462e-05 Reference value :  2.82300e-05 Reference value :  2.83124e-05 Reference value :  2.83633e-05 Reference value :  2.84713e-05 Reference value :  2.85671e-05 Reference value :  2.86347e-05 Reference value :  2.87023e-05 Reference value :  2.87919e-05 Reference value :  2.89170e-05 Reference value :  2.89545e-05 Reference value :  2.90752e-05 Reference value :  2.91279e-05 Reference value :  2.92551e-05 Reference value :  2.92944e-05 Reference value :  2.94151e-05 Reference value :  2.95018e-05 Reference value :  2.95841e-05 Reference value :  2.96553e-05 Reference value :  2.97430e-05 Reference value :  2.98492e-05 Reference value :  2.99044e-05 Reference value :  2.99481e-05 Reference value :  3.00594e-05 Reference value :  3.01618e-05 Reference value :  3.02216e-05 Reference value :  3.03410e-05 Reference value :  3.04027e-05 Reference value :  3.05258e-05 Reference value :  3.05537e-05 Reference value :  3.06844e-05 Reference value :  3.07637e-05 Reference value :  3.08525e-05 Reference value :  3.09071e-05 Reference value :  3.10106e-05 Reference value :  3.11040e-05 Reference value :  3.11721e-05 Reference value :  3.12348e-05 Reference value :  3.13326e-05 Reference value :  3.14546e-05 Reference value :  3.14952e-05 Reference value :  3.16074e-05 Reference value :  3.16707e-05 Reference value :  3.17957e-05 Reference value :  3.18171e-05 Reference value :  3.19402e-05 Reference value :  3.19980e-05 Reference value :  3.21147e-05 Reference value :  3.21368e-05 Reference value :  3.22699e-05 Reference value :  3.23333e-05 Reference value :  3.24332e-05 Reference value :  3.24518e-05 Reference value :  3.25723e-05 Reference value :  3.26447e-05 Reference value :  3.27546e-05 Reference value :  3.28157e-05 Reference value :  3.29181e-05 Reference value :  3.30464e-05 Reference value :  3.30854e-05 Reference value :  3.32242e-05 Reference value :  3.33064e-05 Reference value :  3.33927e-05 Reference value :  3.34379e-05 Reference value :  3.35497e-05 Reference value :  3.36397e-05 Reference value :  3.37126e-05 Reference value :  3.37540e-05 Reference value :  3.38665e-05 Reference value :  3.39715e-05 Reference value :  3.40306e-05 Reference value :  3.41318e-05 Reference value :  3.41961e-05 Reference value :  3.43339e-05 Reference value :  3.43547e-05 Reference value :  3.44906e-05 Reference value :  3.45663e-05 Reference value :  3.46616e-05 Reference value :  3.47238e-05 Reference value :  3.48230e-05 Reference value :  3.49374e-05 Reference value :  3.49863e-05 Reference value :  3.50808e-05 Reference value :  3.51532e-05 Reference value :  3.52877e-05 Reference value :  3.53317e-05 Reference value :  3.54517e-05 Reference value :  3.55461e-05 Reference value :  3.56179e-05 Reference value :  3.57165e-05 Reference value :  3.57891e-05 Reference value :  3.59217e-05 Reference value :  3.59445e-05 Reference value :  3.60507e-05 Reference value :  3.61182e-05 Reference value :  3.62407e-05 Reference value :  3.62613e-05 Reference value :  3.63906e-05 Reference value :  3.64640e-05 Reference value :  3.65657e-05 Reference value :  3.66441e-05 Reference value :  3.67293e-05 Reference value :  3.68614e-05 Reference value :  3.68958e-05 Reference value :  3.70268e-05 Reference value :  3.70999e-05 Reference value :  3.72009e-05 Reference value :  3.72510e-05 Reference value :  3.73594e-05 Reference value :  3.74605e-05 Reference value :  3.75246e-05 Reference value :  3.76210e-05 Reference value :  3.76968e-05 Reference value :  3.78274e-05 Reference value :  3.78735e-05 Reference value :  3.79945e-05 Reference value :  3.80938e-05 Reference value :  3.81575e-05 Reference value :  3.82525e-05 Reference value :  3.83258e-05 Reference value :  3.84623e-05 Reference value :  3.84837e-05 Reference value :  3.86132e-05 Reference value :  3.86826e-05 Reference value :  3.87873e-05 Reference value :  3.88266e-05 Reference value :  3.89457e-05 Reference value :  3.90423e-05 Reference value :  3.91100e-05 Reference value :  3.92246e-05 Reference value :  3.92935e-05 Reference value :  3.94147e-05 Reference value :  3.94491e-05 Reference value :  3.95734e-05 Reference value :  3.96581e-05 Reference value :  3.97425e-05 Reference value :  3.98138e-05 Reference value :  3.99034e-05 Reference value :  4.00293e-05 Reference value :  4.00671e-05 Reference value :  4.01657e-05 Reference value :  4.02375e-05 Reference value :  4.03671e-05 Reference value :  4.04145e-05 Reference value :  4.05325e-05 Reference value :  4.06294e-05 Reference value :  4.06974e-05 Reference value :  4.07856e-05 Reference value :  4.08605e-05 Reference value :  4.10000e-05 Reference value :  4.10227e-05 Reference value :  4.11494e-05 Reference value :  4.12074e-05 Reference value :  4.13225e-05 Reference value :  4.13441e-05 Reference value :  4.14762e-05 Reference value :  4.15503e-05 Reference value :  4.16460e-05 Reference value :  4.17284e-05 Reference value :  4.18098e-05 Reference value :  4.19464e-05 Reference value :  4.19759e-05 Reference value :  4.20936e-05 Reference value :  4.21693e-05 Reference value :  4.22793e-05 Reference value :  4.23244e-05 Reference value :  4.24380e-05 Reference value :  4.25359e-05 Reference value :  4.26034e-05 Reference value :  4.26884e-05 Reference value :  4.27636e-05 Reference value :  4.29040e-05 Reference value :  4.29320e-05 Reference value :  4.30655e-05 Reference value :  4.31471e-05 Reference value :  4.32334e-05 Reference value :  4.32960e-05 Reference value :  4.33934e-05 Reference value :  4.35063e-05 Reference value :  4.35558e-05 Reference value :  4.36235e-05 Reference value :  4.37129e-05 Reference value :  4.38400e-05 Reference value :  4.38771e-05 Reference value :  4.39778e-05 Reference value :  4.40512e-05 Reference value :  4.41778e-05 Reference value :  4.42294e-05 Reference value :  4.43439e-05 Reference value :  4.44459e-05 Reference value :  4.45084e-05 Reference value :  4.46218e-05 Reference value :  4.46901e-05 Reference value :  4.48140e-05 Reference value :  4.48461e-05 Reference value :  4.49706e-05 Reference value :  4.50565e-05 Reference value :  4.51393e-05 Reference value :  4.52119e-05 Reference value :  4.53020e-05 Reference value :  4.54389e-05 Reference value :  4.54740e-05 Reference value :  4.56051e-05 Reference value :  4.56899e-05 Reference value :  4.57742e-05 Reference value :  4.58685e-05 Reference value :  4.59430e-05 Reference value :  4.60800e-05 Reference value :  4.61022e-05 Reference value :  4.62012e-05 Reference value :  4.62607e-05 Reference value :  4.63977e-05 Reference value :  4.64189e-05 Reference value :  4.65443e-05 Reference value :  4.66145e-05 Reference value :  4.67234e-05 Reference value :  4.67988e-05 Reference value :  4.68878e-05 Reference value :  4.70207e-05 Reference value :  4.70540e-05 Reference value :  4.71852e-05 Reference value :  4.72607e-05 Reference value :  4.73597e-05 Reference value :  4.74108e-05 Reference value :  4.75187e-05 Reference value :  4.76243e-05 Reference value :  4.76836e-05 Reference value :  4.77823e-05 Reference value :  4.78517e-05 Reference value :  4.79855e-05 Reference value :  4.80196e-05 Reference value :  4.81450e-05 Reference value :  4.82307e-05 Reference value :  4.83147e-05 Reference value :  4.83961e-05 Reference value :  4.84770e-05 Reference value :  4.86167e-05 Reference value :  4.86415e-05 Reference value :  4.87601e-05 Reference value :  4.88305e-05 Reference value :  4.89429e-05 Reference value :  4.89658e-05 Reference value :  4.90942e-05 Reference value :  4.91683e-05 Reference value :  4.92644e-05 Reference value :  4.93161e-05 Reference value :  4.94245e-05 Reference value :  4.95244e-05 Reference value :  4.95867e-05 Reference value :  4.96850e-05 Reference value :  4.97575e-05 Reference value :  4.98909e-05 Reference value :  4.99164e-05 Reference value :  5.00496e-05 Reference value :  5.01258e-05 Reference value :  5.02171e-05 Reference value :  5.02802e-05 Reference value :  5.03782e-05 Reference value :  5.04922e-05 Reference value :  5.05419e-05 Reference value :  5.06703e-05 Reference value :  5.07460e-05 Reference value :  5.08505e-05 Reference value :  5.09139e-05 Reference value :  5.10130e-05 Reference value :  5.11353e-05 Reference value :  5.11775e-05 Reference value :  5.12761e-05 Reference value :  5.13401e-05 Reference value :  5.14770e-05 Reference value :  5.14988e-05 Reference value :  5.16243e-05 Reference value :  5.16901e-05 Reference value :  5.18013e-05 Reference value :  5.18673e-05 Reference value :  5.19650e-05 Reference value :  5.20831e-05 Reference value :  5.21279e-05 Reference value :  5.22405e-05 Reference value :  5.23140e-05 Reference value :  5.24343e-05 Reference value :  5.24651e-05 Reference value :  5.25894e-05 Reference value :  5.26714e-05 Reference value :  5.27583e-05 Reference value :  5.28311e-05 Reference value :  5.29202e-05 Reference value :  5.30539e-05 Reference value :  5.30866e-05 Reference value :  5.32223e-05 Reference value :  5.32959e-05 Reference value :  5.33913e-05 Reference value :  5.34564e-05 Reference value :  5.35527e-05 Reference value :  5.36750e-05 Reference value :  5.37171e-05 Reference value :  5.38183e-05 Reference value :  5.38878e-05 Reference value :  5.40173e-05 Reference value :  5.40397e-05 Reference value :  5.41716e-05 Reference value :  5.42427e-05 Reference value :  5.43435e-05 Reference value :  5.44227e-05 Reference value :  5.45077e-05 Reference value :  5.46466e-05 Reference value :  5.46717e-05 Reference value :  5.48012e-05 Reference value :  5.48807e-05 Reference value :  5.49795e-05 Reference value :  5.50393e-05 Reference value :  5.51402e-05 Reference value :  5.52498e-05 Reference value :  5.53033e-05 Reference value :  5.53822e-05 Reference value :  5.54608e-05 Reference value :  5.55957e-05 Reference value :  5.56232e-05 Reference value :  5.57545e-05 Reference value :  5.58265e-05 Reference value :  5.59302e-05 Reference value :  5.60013e-05 Reference value :  5.60941e-05 Reference value :  5.62187e-05 Reference value :  5.62573e-05 Reference value :  5.63157e-05 Reference value :  5.64111e-05 Reference value :  5.65432e-05 Reference value :  5.65749e-05 Reference value :  5.66628e-05 Reference value :  5.67334e-05 Reference value :  5.68730e-05 Reference value :  5.69147e-05 Reference value :  5.70353e-05 Reference value :  5.71335e-05 Reference value :  5.72046e-05 Reference value :  5.72958e-05 Reference value :  5.73694e-05 Reference value :  5.75082e-05 Reference value :  5.75307e-05 Reference value :  5.76619e-05 Reference value :  5.77315e-05 Reference value :  5.78348e-05 Reference value :  5.78782e-05 Reference value :  5.79941e-05 Reference value :  5.80922e-05 Reference value :  5.81574e-05 Reference value :  5.82601e-05 Reference value :  5.83322e-05 Reference value :  5.84620e-05 Reference value :  5.84971e-05 Reference value :  5.86213e-05 Reference value :  5.87011e-05 Reference value :  5.87899e-05 Reference value :  5.88427e-05 Reference value :  5.89471e-05 Reference value :  5.90492e-05 Reference value :  5.91111e-05 Reference value :  5.91889e-05 Reference value :  5.92700e-05 Reference value :  5.94053e-05 Reference value :  5.94356e-05 Reference value :  5.95715e-05 Reference value :  5.96460e-05 Reference value :  5.97407e-05 Reference value :  5.97890e-05 Reference value :  5.98998e-05 Reference value :  6.00060e-05 Reference value :  6.00632e-05 Reference value :  6.01557e-05 Reference value :  6.02262e-05 Reference value :  6.03661e-05 Reference value :  6.03886e-05 Reference value :  6.05238e-05 Reference value :  6.05957e-05 Reference value :  6.06936e-05 Reference value :  6.07763e-05 Reference value :  6.08571e-05 Reference value :  6.09980e-05 Reference value :  6.10226e-05 Reference value :  6.11589e-05 Reference value :  6.12409e-05 Reference value :  6.13298e-05 Reference value :  6.13870e-05 Reference value :  6.14888e-05 Reference value :  6.16014e-05 Reference value :  6.16520e-05 Reference value :  6.17153e-05 Reference value :  6.18087e-05 Reference value :  6.19378e-05 Reference value :  6.19771e-05 Reference value :  6.21131e-05 Reference value :  6.22028e-05 Reference value :  6.22836e-05 Reference value :  6.23509e-05 Reference value :  6.24437e-05 Reference value :  6.25758e-05 Reference value :  6.26081e-05 Reference value :  6.27381e-05 Reference value :  6.27966e-05 Reference value :  6.29125e-05 Reference value :  6.29548e-05 Reference value :  6.30745e-05 Reference value :  6.31806e-05 Reference value :  6.32384e-05 Reference value :  6.33474e-05 Reference value :  6.34217e-05 Reference value :  6.35441e-05 Reference value :  6.35661e-05 Reference value :  6.36985e-05 Reference value :  6.37786e-05 Reference value :  6.38689e-05 Reference value :  6.39290e-05 Reference value :  6.40290e-05 Reference value :  6.41453e-05 Reference value :  6.41933e-05 Reference value :  6.42903e-05 Reference value :  6.43638e-05 Reference value :  6.44941e-05 Reference value :  6.45366e-05 Reference value :  6.46563e-05 Reference value :  6.47585e-05 Reference value :  6.48255e-05 Reference value :  6.49428e-05 Reference value :  6.50204e-05 Reference value :  6.51352e-05 Reference value :  6.51631e-05 Reference value :  6.52722e-05 Reference value :  6.53380e-05 Reference value :  6.54526e-05 Reference value :  6.54673e-05 Reference value :  6.55749e-05 Reference value :  6.56486e-05 Reference value :  6.57695e-05 Reference value :  6.58241e-05 Reference value :  6.59331e-05 Reference value :  6.60413e-05 Reference value :  6.60972e-05 Reference value :  6.62092e-05 Reference value :  6.62752e-05 Reference value :  6.64013e-05 Reference value :  6.64336e-05 Reference value :  6.65617e-05 Reference value :  6.66597e-05 Reference value :  6.67297e-05 Reference value :  6.68184e-05 Reference value :  6.68952e-05 Reference value :  6.70331e-05 Reference value :  6.70719e-05 Reference value :  6.71982e-05 Reference value :  6.72942e-05 Reference value :  6.73638e-05 Reference value :  6.74712e-05 Reference value :  6.75481e-05 Reference value :  6.76730e-05 Reference value :  6.76945e-05 Reference value :  6.78167e-05
No. of Data Rows : 83895

Total analysis time (seconds) = 195.351

Total elapsed time (seconds) = 195.402 

Total DRAM available = 23968.098 MB.
DRAM currently available =  740.793 MB.
Maximum ngspice program size =   93.246 MB.
Current ngspice program size =   26.129 MB.

Shared ngspice pages =   10.160 MB.
Text (code) pages =    5.523 MB.
Stack = 0 bytes.
Library pages =   72.277 MB.

