設計 : ishi_vga_core   (/home/ishi-kai/ishi-vga/experiments/animation_addenable/letter_scan)
Yosys: yosys  (Yosys 0.33 (git sha1 2584903a060))
Liberty: /home/ishi-kai/ishi-vga/tools/APRtools/stdcell/v59_4/tr1um_typ_5v0_25c.lib
ABC 制約: set_driving_cell BUF_X2 set_load 45.923    （/home/ishi-kai/ishi-vga/experiments/animation_addenable/letter_scan/out/abc.constr / set_load は /home/ishi-kai/ishi-vga/tools/APRtools/stdcell/v59_4/tr1um_typ_5v0_25c.lib の OSS_ESD_5V_DIO / OUT から引いた値。U99）

##################### 0. セルの Verilog モデルを生成
wrote build/tr1um_cells.v  (26 cells)

##################### 1. RTL の機能検証
  飛ばす（SYN_TB_RTL 未設定か iverilog 無し）

##################### 2. 合成 → 実セルへマッピング
Warning: Found unsupported expression 'A*!S+B*S' in pin attribute of cell 'MUXDFFRB' - skipping.
  ishi_vga_core    223 セル (FF 28 / 組合せ 195)     338,080 um2 = 0.338 mm2

##################### 3. 重複ゲートの整理（dedup_gates.py）
found 0 duplicate group(s), 0 redundant instance(s) to remove
wrote /home/ishi-kai/ishi-vga/experiments/animation_addenable/letter_scan/out/ishi_vga_core_dedup.v

##################### 4. MUXDFFRB / RSLATCH への畳み込み
parsed 223 instances from /home/ishi-kai/ishi-vga/experiments/animation_addenable/letter_scan/out/ishi_vga_core_dedup.v
found 0 MUX2->DFFRB.D pairs -> MUXDFFRB, 0 cross-coupled NOR2 pairs -> RSLATCH
wrote /home/ishi-kai/ishi-vga/experiments/animation_addenable/letter_scan/out/ishi_vga_core_merged.v
  MUXDFFRB instances created: 0
  RSLATCH instances created:  0

post-merge instance count: 223
  AND2_X1      7
  AND3_X1      3
  BUF_X2       9
  DFF          28
  INV_X1       14
  INV_X2       1
  MUX2         4
  NAND2        34
  NAND3        9
  NAND4        4
  NOR2         43
  NOR3         20
  NOR4         13
  OR2          10
  OR3          2
  OR4          2
  XNOR2        15
  XOR2         5

##################### 5. ゲートレベル TB（畳み込み後）
  飛ばす（SYN_TB_NET 未設定か iverilog 無し）

##################### 6. BUFTH で外部入力を受ける
入力ポート 1 本、対象 1 本
  BUFTH on clk → clk_buf
wrote /home/ishi-kai/ishi-vga/experiments/animation_addenable/letter_scan/out/ishi_vga_core_pnr.v
  BUFTH 1 個を挿入（32.4 um / 1,925 um2）
  ishi_vga_core    224 セル (FF 28 / 組合せ 196)     340,005 um2 = 0.340 mm2

##################### 7. 面積と使用率
--- ishi_vga_core: マッピング後の実セル（/home/ishi-kai/ishi-vga/experiments/animation_addenable/letter_scan/out/ishi_vga_core_pnr.v）---
  DFF          28  x   3849.1 =    107,775 um2
  NOR2         43  x    962.3 =     41,379 um2
  NAND2        34  x    962.3 =     32,718 um2
  NOR3         20  x   1283.0 =     25,660 um2
  XNOR2        15  x   1603.8 =     24,057 um2
  NOR4         13  x   1603.8 =     20,849 um2
  OR2          10  x   1283.0 =     12,830 um2
  NAND3         9  x   1283.0 =     11,547 um2
  INV_X1       14  x    641.5 =      8,981 um2
  AND2_X1       7  x   1283.0 =      8,981 um2
  BUF_X2        9  x    962.3 =      8,661 um2
  XOR2          5  x   1603.8 =      8,019 um2
  MUX2          4  x   1924.6 =      7,698 um2
  NAND4         4  x   1603.8 =      6,415 um2
  AND3_X1       3  x   1603.8 =      4,811 um2
  OR4           2  x   1924.6 =      3,849 um2
  OR3           2  x   1603.8 =      3,208 um2
  BUFTH         1  x   1924.6 =      1,925 um2
  INV_X2        1  x    641.5 =        642 um2
  合計          224                     340,005 um2 = 0.340 mm2
FF 28 / 組合せ 196 / NAND2 換算 353 ゲート
セル幅の総和 5,724 um  (行高 59.4 um → 1 行 1840um なら 3.1 行ぶん)
コア 1840 x 1840 um から四隅を欠いて 3.328 mm2
  util 50%:  0.680 mm2  OK
  util 60%:  0.567 mm2  OK
  util 70%:  0.486 mm2  OK
  util 80%:  0.425 mm2  OK

★ セル面積は **実測**（GDS の (235,0) abutment box）。
  行数・util・所要面積は **見積り**（配置も配線も済んでいない）。
  成果物の寸法は配置配線のあと GDS を測ること。

##################### 8. 既提出ネットリストとの突き合わせ
  飛ばす（SYN_REF_NETLIST 未設定）

##################### 9. STA
  飛ばす（config.py に STA_CLK_PORT が無い）

完了
