
Note: No compatibility mode selected!


Circuit: * letter scan lower: final extracted transistor core

binary raw file "wave.raw"
Doing analysis at TEMP = 27.000000 and TNOM = 27.000000

Using SPARSE 1.3 as Direct Linear Solver
No. of Data Columns : 31  

Initial Transient Solution
--------------------------

Node                                   Voltage
----                                   -------
vdd                                          5
clk                                          0
xdut.n943                                    5
xdut.n948                          2.05775e-08
xdut.n697                          2.05775e-08
xdut.x_13.n6                         0.0348173
xdut.n920                                    5
xdut.n985                                    5
xdut.n222                                    0
xdut.x_14.n6                       6.26479e-09
xdut.x_15.n3                                 5
xdut.n661                          8.23099e-08
xdut.x_15.n9                                 5
xdut.n952                          7.88485e-09
xdut.n525                                    5
xdut.x_15.n5                        4.1155e-08
xdut.x_15.n6                       6.26479e-09
xdut.n656                                    5
xdut.x_16.n1                       2.05775e-08
xdut.n610                          8.22975e-08
xdut.x_17.n6                       4.11487e-08
xdut.n624                                    5
xdut.n579                                    5
xdut.n954                          5.46059e-08
xdut.x_19.n8                         0.0175683
xdut.x_19.n7                         0.0508865
xdut.x_20.n8                                 5
xdut.n529                          2.05744e-08
xdut.x_20.n7                           1.26842
xdut.n362                                    5
xdut.n929                          3.74461e-08
xdut.n696                                    5
xdut.x_21.n6                       6.26479e-09
xdut.x_22.n6                                 5
xdut.n688                                    5
xdut.n515                          2.05775e-08
xdut.n640                                    5
xdut.n38                           8.22975e-08
xdut.n949                                    5
xdut.n633                                    5
xdut.x_23.n6                            4.0396
xdut.x_23.n8                           4.04907
xdut.x_23.n7                           4.07278
xdut.n966                          8.22975e-08
xdut.n519                                    5
xdut.n956                                    5
xdut.x_24.n6                       4.11487e-08
xdut.x_25.n6                                 5
xdut.n523                                    0
xdut.n703                                    5
xdut.n915                          8.22975e-08
xdut.x_27.n10                                5
xdut.n917                                    0
xdut.x_27.n9                                 5
xdut.n988                                    0
xdut.x_27.n8                                 5
xdut.n711                          2.05775e-08
xdut.n693                                    5
xdut.n791                                    5
xdut.x_28.n8                       5.86677e-09
xdut.x_28.n7                           4.14375
xdut.x_29.n3                       8.23099e-08
xdut.n671                                    5
xdut.x_29.n9                                 5
xdut.x_29.n5                        3.1324e-09
xdut.x_29.n6                        4.1155e-08
xdut.x_30.n6                           4.96988
xdut.n518                                    5
xdut.x_31.n6                           4.14375
xdut.x_32.n6                       4.11487e-08
xdut.x_33.n9                           1.26842
xdut.x_33.n2                       3.74461e-08
xdut.x_33.n8                                 5
xdut.x_34.n6                                 5
xdut.n930                          2.05775e-08
xdut.x_35.n6                                 5
xdut.n685                          2.05775e-08
xdut.x_36.n8                                 5
xdut.x_36.n7                                 5
xdut.n570                                    5
xdut.n928                          2.05775e-08
xdut.x_37.n8                           4.97062
xdut.x_37.n7                           4.97062
xdut.n927                                    0
xdut.n914                          7.92437e-09
xdut.n587                                    5
xdut.n687                          2.05775e-08
xdut.n179                          7.88485e-09
xdut.x_38.n8                         0.0175683
xdut.x_38.n7                         0.0508864
xdut.x_39.n10                                5
xdut.x_39.n9                                 5
xdut.x_39.n8                                 5
xdut.n575                          2.05775e-08
xdut.n180                                    5
xdut.x_40.n3                                 5
xdut.n686                                    5
xdut.n913                          2.05775e-08
xdut.n732                          2.05775e-08
xdut.x_40.n7                       6.26479e-09
xdut.n569                          8.22975e-08
xdut.n802                                    5
xdut.x_41.n6                       4.11488e-08
xdut.x_42.n3                                 5
xdut.n580                          1.85179e-07
xdut.n677                          2.05775e-08
xdut.x_42.n7                       6.26481e-09
xdut.x_43.n9                           1.30646
xdut.n683                           7.1595e-08
xdut.x_43.n2                       7.15949e-08
xdut.x_43.n11                          1.32985
xdut.x_43.n10                          1.33931
xdut.n578                                    5
xdut.n571                                    5
xdut.x_44.n6                            4.0396
xdut.x_44.n8                           4.04907
xdut.x_44.n7                           4.07278
xdut.x_45.n8                       6.17262e-08
xdut.x_45.n7                       1.23452e-07
xdut.x_46.n9                                 5
xdut.x_46.n2                                 5
xdut.x_46.n8                                 5
xdut.n177                          1.85179e-07
xdut.x_47.n6                           4.14375
xdut.n626                          8.22975e-08
xdut.x_51.n6                       4.11488e-08
xdut.x_52.n8                       2.94541e-09
xdut.x_52.n7                         0.0348173
xdut.x_53.n6                                 5
xdut.n1005                                   5
xdut.x_54.n6                           4.14375
xdut.n1017                                   5
xdut.n1037                         1.16739e-08
xdut.n1004                                   0
xdut.n1016                                   0
xdut.x_78.n8                         0.0175683
xdut.x_78.n7                         0.0508864
xdut.x_80.n3                                 5
xdut.n1018                         1.16047e-07
xdut.x_80.n9                           1.26842
xdut.n1100                                   0
xdut.x_80.n5                       5.80236e-08
xdut.x_80.n6                           4.14375
xdut.n980                          2.05775e-08
xdut.x_87.n2                                 5
xdut.x_87.n4                         0.0116791
xdut.x_87.n5                         0.0282461
xdut.x_87.n6                         0.0602162
xdut.ni1418                                  0
xdut.x_102.qs                                5
xdut.x_102.n14                         1.34473
xdut.n1053                                   5
xdut.x_102.n6                      8.60208e-08
xdut.x_102.ckp                     2.08524e-08
xdut.x_102.n7                      2.60748e-08
xdut.x_102.ckb                               5
xdut.x_102.qm                                5
xdut.x_102.n9                                5
xdut.n1002                         2.05744e-08
xdut.x_102.n13                     4.30104e-08
xdut.x_103.n6                                5
xdut.n939                          3.74462e-08
xdut.n924                                    5
xdut.n987                          2.05775e-08
xdut.x_104.n3                                5
xdut.n1051                         8.23099e-08
xdut.x_104.n9                                5
xdut.x_104.n5                      4.11549e-08
xdut.x_104.n6                      6.26479e-09
xdut.n923                                    5
xdut.n919                          5.46059e-08
xdut.x_108.n6                        0.0320913
xdut.x_108.n8                        0.0320913
xdut.x_108.n7                        0.0320913
xdut.x_109.n8                          4.98443
xdut.n921                                    5
xdut.x_109.n7                           4.9553
xdut.n925                                    5
xdut.n986                          4.82942e-09
xdut.ni1416                                  5
xdut.x_110.qs                      7.29463e-08
xdut.x_110.n14                               5
xdut.n1099                         1.16047e-07
xdut.x_110.n6                                5
xdut.x_110.ckp                     2.08524e-08
xdut.x_110.n7                                5
xdut.x_110.ckb                               5
xdut.x_110.qm                      2.60748e-08
xdut.x_110.n9                      4.95105e-08
xdut.x_110.n13                         4.14374
xdut.ni1412                                  5
xdut.x_111.qs                      7.29463e-08
xdut.x_111.n14                               5
xdut.x_111.n6                                5
xdut.x_111.ckp                     2.08524e-08
xdut.x_111.n7                                5
xdut.x_111.ckb                               5
xdut.x_111.qm                      2.60748e-08
xdut.x_111.n9                      4.95105e-08
xdut.x_111.n13                         4.14374
xdut.x_112.n8                          1.31158
xdut.x_112.n7                          1.29144
xdut.n1112                         8.22975e-08
xdut.x_114.n3                                5
xdut.n1003                         8.23099e-08
xdut.x_114.n9                                5
xdut.n533                                    5
xdut.x_114.n5                      4.11549e-08
xdut.x_114.n6                      6.26479e-09
vsync                                        5
xdut.ni1413                        2.08524e-08
xdut.x_116.qs                                5
xdut.x_116.n14                         1.34473
xdut.x_116.n6                      8.60208e-08
xdut.x_116.ckp                     2.08524e-08
xdut.x_116.n7                      2.60748e-08
xdut.x_116.ckb                               5
xdut.x_116.qm                                5
xdut.x_116.n9                                5
xdut.x_116.n13                     4.30104e-08
xdut.ni1414                                  0
xdut.x_117.qs                                5
xdut.x_117.n14                         1.34473
xdut.x_117.n6                      8.60208e-08
xdut.x_117.ckp                     2.08524e-08
xdut.x_117.n7                      2.60748e-08
xdut.x_117.ckb                               5
xdut.x_117.qm                                5
xdut.x_117.n9                                5
xdut.x_117.n13                     4.30104e-08
xdut.x_136.n6                                5
xdut.n975                                    5
xdut.x_137.n6                          1.26842
xdut.n1105                         2.05775e-08
xdut.x_138.n6                      4.11487e-08
xdut.ni1424                                  5
xdut.x_157.qs                      7.29463e-08
xdut.x_157.n14                               5
xdut.x_157.n6                                5
xdut.x_157.ckp                     2.08524e-08
xdut.x_157.n7                                5
xdut.x_157.ckb                               5
xdut.x_157.qm                      2.60748e-08
xdut.x_157.n9                      4.95105e-08
xdut.x_157.n13                         4.14374
xdut.n1038                                   5
xdut.x_158.n6                        0.0348173
xdut.n1000                                   0
xdut.ni1434                                  5
xdut.x_160.qs                      7.29463e-08
xdut.x_160.n14                               5
xdut.n984                          2.05775e-08
xdut.x_160.n6                                5
xdut.x_160.ckp                     2.08524e-08
xdut.x_160.n7                                5
xdut.x_160.ckb                               5
xdut.x_160.qm                      2.60748e-08
xdut.x_160.n9                      4.95105e-08
xdut.x_160.n13                         4.14374
xdut.x_161.n3                                5
xdut.x_161.n9                          1.26842
xdut.x_161.n5                      5.80236e-08
xdut.x_161.n6                          4.14375
xdut.n912                                    5
xdut.n727                                    5
xdut.n516                                    5
xdut.n517                          2.05775e-08
xdut.x_295.n6                      6.26479e-09
r                                  2.08524e-08
xdut.ni1429                                  5
xdut.x_298.qs                      7.29463e-08
xdut.x_298.n14                               5
xdut.x_298.n6                                5
xdut.x_298.ckp                     2.08524e-08
xdut.x_298.n7                                5
xdut.x_298.ckb                               5
xdut.x_298.qm                      2.60748e-08
xdut.x_298.n9                      4.95105e-08
xdut.n674                          2.05744e-08
xdut.x_298.n13                         4.14374
b                                            5
xdut.ni1425                        2.08524e-08
xdut.x_299.qs                                5
xdut.x_299.n14                               5
xdut.n730                          2.05775e-08
xdut.x_299.n6                                5
xdut.x_299.ckp                     2.08524e-08
xdut.x_299.n7                                5
xdut.x_299.ckb                               5
xdut.x_299.qm                      3.49785e-08
xdut.x_299.n9                                5
xdut.x_299.n13                         4.14375
xdut.n521                                    0
xdut.ni1426                                  5
xdut.x_300.qs                      7.29463e-08
xdut.x_300.n14                               5
xdut.n632                          8.22975e-08
xdut.x_300.n6                                5
xdut.x_300.ckp                     2.08524e-08
xdut.x_300.n7                                5
xdut.x_300.ckb                               5
xdut.x_300.qm                      2.60748e-08
xdut.x_300.n9                      4.95105e-08
xdut.x_300.n13                         4.14374
xdut.x_301.qs                                5
xdut.x_301.n14                         1.34473
xdut.x_301.n6                      8.60208e-08
xdut.x_301.ckp                     2.08524e-08
xdut.x_301.n7                      2.60748e-08
xdut.x_301.ckb                               5
xdut.x_301.qm                                5
xdut.x_301.n9                                5
xdut.x_301.n13                     4.30104e-08
xdut.x_302.n6                      6.26479e-09
xdut.x_303.n3                                5
xdut.x_303.n7                      6.26479e-09
xdut.n655                                    5
xdut.x_304.n6                       6.2648e-09
xdut.x_305.n6                        0.0348173
xdut.x_306.n8                          1.31158
xdut.x_306.n7                          1.29144
xdut.x_307.n8                          4.97062
xdut.x_307.n7                          4.97062
xdut.n714                          7.92437e-09
xdut.n588                                    5
xdut.x_312.qs                      7.29463e-08
xdut.x_312.n14                               5
xdut.n591                          2.19645e-08
xdut.x_312.n6                                5
xdut.x_312.ckp                     2.08524e-08
xdut.x_312.n7                                5
xdut.x_312.ckb                               5
xdut.x_312.qm                      2.60748e-08
xdut.x_312.n9                      4.95105e-08
xdut.x_312.n13                         4.14374
xdut.x_313.n7                                5
xdut.x_313.n3                                5
xdut.n24                           7.92437e-09
xdut.n568                          2.05775e-08
xdut.ni1437                                  0
xdut.x_314.qs                                5
xdut.x_314.n14                         1.34473
xdut.n701                                    5
xdut.x_314.n6                      8.60208e-08
xdut.x_314.ckp                     2.08524e-08
xdut.x_314.n7                      2.60748e-08
xdut.x_314.ckb                               5
xdut.x_314.qm                                5
xdut.x_314.n9                                5
xdut.x_314.n13                     4.30104e-08
g                                  2.08524e-08
xdut.ni1430                                  5
xdut.x_316.qs                      7.29463e-08
xdut.x_316.n14                               5
xdut.n676                          2.05775e-08
xdut.x_316.n6                                5
xdut.x_316.ckp                     2.08524e-08
xdut.x_316.n7                                5
xdut.x_316.ckb                               5
xdut.x_316.qm                      2.60748e-08
xdut.x_316.n9                      4.95105e-08
xdut.x_316.n13                         4.14374
xdut.n617                                    5
xdut.x_317.n6                      4.11487e-08
xdut.n623                                    5
xdut.x_318.n8                        0.0175683
xdut.x_318.n7                        0.0508864
xdut.n353                          2.05775e-08
xdut.x_319.n2                                5
xdut.n577                          2.05775e-08
xdut.x_321.n6                        0.0348173
xdut.x_322.n3                                5
xdut.x_322.n5                                5
xdut.x_322.n4                                5
xdut.x_322.n6                      3.49785e-08
xdut.n582                                    5
xdut.x_324.n6                        0.0348173
xdut.x_325.n3                      8.22975e-08
xdut.x_325.n7                      4.11487e-08
xdut.x_326.n6                       6.2648e-09
xdut.x_327.n7                                5
xdut.x_327.n3                                5
xdut.n678                          7.96197e-09
xdut.x_329.n10                         4.97131
xdut.x_329.n9                          4.97131
xdut.x_329.n8                          4.97131
xdut.n1001                                   0
xdut.n679                                    5
xdut.ni1417                                  0
xdut.x_330.qs                                5
xdut.x_330.n14                         1.34473
xdut.n982                                    5
xdut.x_330.n6                      8.60208e-08
xdut.x_330.ckp                     2.08524e-08
xdut.x_330.n7                      2.60748e-08
xdut.x_330.ckb                               5
xdut.x_330.qm                                5
xdut.x_330.n9                                5
xdut.x_330.n13                     4.30104e-08
xdut.x_332.n7                                5
xdut.x_332.n3                                5
xdut.x_333.n8                                5
xdut.x_333.n3                                5
xdut.x_333.n9                                5
xdut.x_333.n5                      1.01216e-08
xdut.x_340.n2                                5
xdut.ni1420                                  5
xdut.x_341.qs                      7.29463e-08
xdut.x_341.n14                               5
xdut.n953                          2.19645e-08
xdut.x_341.n6                                5
xdut.x_341.ckp                     2.08524e-08
xdut.x_341.n7                                5
xdut.x_341.ckb                               5
xdut.x_341.qm                      2.60748e-08
xdut.x_341.n9                      4.95105e-08
xdut.x_341.n13                         4.14374
xdut.ni1421                                  0
xdut.x_342.qs                                5
xdut.x_342.n14                         1.34473
xdut.n965                                    5
xdut.x_342.n6                      8.60208e-08
xdut.x_342.ckp                     2.08524e-08
xdut.x_342.n7                      2.60748e-08
xdut.x_342.ckb                               5
xdut.x_342.qm                                5
xdut.x_342.n9                                5
xdut.x_342.n13                     4.30104e-08
xdut.x_343.n7                                5
xdut.x_343.n5                                5
xdut.x_343.n3                           4.1532
xdut.ni1422                                  5
xdut.x_358.qs                      7.29463e-08
xdut.x_358.n14                               5
xdut.n983                          1.16047e-07
xdut.x_358.n6                                5
xdut.x_358.ckp                     2.08524e-08
xdut.x_358.n7                                5
xdut.x_358.ckb                               5
xdut.x_358.qm                      2.60748e-08
xdut.x_358.n9                      4.95105e-08
xdut.x_358.n13                         4.14374
xdut.n675                                    0
xdut.n979                                    5
xdut.x_359.qs                      7.29463e-08
xdut.x_359.n14                               5
xdut.n999                          2.19645e-08
xdut.x_359.n6                                5
xdut.x_359.ckp                     2.08524e-08
xdut.x_359.n7                                5
xdut.x_359.ckb                               5
xdut.x_359.qm                      2.60748e-08
xdut.x_359.n9                      4.95105e-08
xdut.x_359.n13                         4.14374
xdut.x_360.n3                      1.43584e-08
xdut.n998                                    5
xdut.x_360.n5                                5
xdut.x_360.n4                      3.49785e-08
xdut.x_360.n6                                5
xdut.n981                                    5
xdut.x_362.n8                        0.0175683
xdut.x_362.n7                        0.0508865
xdut.x_363.n3                      8.23099e-08
xdut.x_363.n9                                5
xdut.x_363.n5                       3.1324e-09
xdut.x_363.n6                       4.1155e-08
xdut.x_364.n6                        0.0348173
xdut.n1034                                   5
xdut.x_365.n6                        0.0169083
xdut.x_365.n8                        0.0476063
xdut.x_365.n7                        0.0476063
xdut.n922                          1.16047e-07
xdut.x_375.n6                       6.2648e-09
xdut.x_406.n3                                5
xdut.x_406.n9                          1.26842
xdut.n937                          2.05775e-08
xdut.x_406.n5                      5.80236e-08
xdut.x_406.n6                          4.14375
xdut.x_407.n3                                5
xdut.x_407.n5                                5
xdut.x_407.n4                                5
xdut.x_407.n6                                5
xdut.n934                          2.05775e-08
xdut.x_408.n6                       6.2648e-09
xdut.x_409.n8                        0.0175683
xdut.x_409.n7                        0.0508865
xdut.x_410.n6                                5
xdut.x_411.n8                                5
xdut.x_411.n3                                5
xdut.x_411.n9                                5
xdut.x_411.n5                      1.01216e-08
xdut.x_414.n3                                5
xdut.x_414.n9                          1.26842
xdut.x_414.n5                      5.80236e-08
xdut.x_414.n6                          4.14375
xdut.x_510.n8                                5
xdut.x_510.n3                                5
xdut.n171                                    0
xdut.x_510.n9                                5
xdut.x_510.n5                      1.01216e-08
xdut.x_533.n8                                5
xdut.x_533.n7                          4.96988
xdut.n618                                    5
xdut.n250                          7.88485e-09
xdut.n522                                    5
xdut.x_534.n8                          4.97062
xdut.n170                                    5
xdut.x_534.n7                          4.97062
xdut.n325                          7.92437e-09
xdut.x_551.n6                          1.26842
xdut.n604                          3.74462e-08
xdut.n335                          2.05775e-08
xdut.x_554.qs                      7.29463e-08
xdut.x_554.n14                               5
xdut.n598                          1.85179e-07
xdut.x_554.n6                                5
xdut.x_554.ckp                     2.08524e-08
xdut.x_554.n7                                5
xdut.x_554.ckb                               5
xdut.x_554.qm                      2.60748e-08
xdut.x_554.n9                      4.95105e-08
xdut.n280                          2.05744e-08
xdut.x_554.n13                         4.14375
xdut.x_555.n3                                5
xdut.n330                                    5
xdut.n614                          3.74462e-08
xdut.n338                          2.05775e-08
xdut.x_555.n7                      6.26479e-09
xdut.n173                                    5
xdut.n296                                    0
xdut.x_556.qs                                5
xdut.x_556.n14                         1.34473
xdut.n68                                     5
xdut.x_556.n6                      8.60208e-08
xdut.x_556.ckp                     2.08524e-08
xdut.x_556.n7                      2.60748e-08
xdut.x_556.ckb                               5
xdut.x_556.qm                                5
xdut.x_556.n9                                5
xdut.x_556.n13                     4.30104e-08
xdut.x_557.n3                                5
xdut.n219                          1.16047e-07
xdut.x_557.n9                          1.26842
xdut.n244                          2.05775e-08
xdut.x_557.n5                      5.80236e-08
xdut.x_557.n6                          4.14375
xdut.x_558.n6                          4.96988
xdut.n599                          7.88485e-09
xdut.n343                                    5
xdut.x_559.n6                          4.96988
xdut.n69                                     5
xdut.n204                          7.88485e-09
xdut.n612                                    5
xdut.x_560.n7                                5
xdut.x_560.n3                      2.05775e-08
xdut.n281                                    5
xdut.x_561.n3                                5
xdut.x_561.n7                          4.14375
xdut.x_562.n7                          4.96988
xdut.x_562.n3                      7.88485e-09
xdut.n174                                    5
xdut.x_564.n8                                5
xdut.x_564.n3                      3.74462e-08
xdut.n18                                     0
xdut.x_564.n9                          1.26842
xdut.x_564.n5                          4.14375
xdut.x_566.n2                                5
xdut.n202                                    5
xdut.x_567.n6                       6.2648e-09
xdut.x_568.n3                                5
xdut.n193                          1.16047e-07
xdut.x_568.n9                          1.26842
xdut.n66                                     5
xdut.n65                                     0
xdut.x_568.n5                      5.80236e-08
xdut.x_568.n6                          4.14375
xdut.x_569.n6                          4.96988
xdut.n295                          7.88485e-09
xdut.n201                                    5
xdut.x_570.n3                                5
xdut.n328                                    5
xdut.x_570.n5                      7.29463e-08
xdut.x_570.n4                      4.95105e-08
xdut.x_570.n6                      2.60748e-08
xdut.x_572.n6                                5
xdut.n596                          7.92437e-09
xdut.n594                          3.74462e-08
xdut.x_573.n6                          1.26842
xdut.x_574.n6                                5
xdut.x_575.n6                          1.26842
xdut.n600                          3.74462e-08
xdut.n601                          2.05775e-08
xdut.x_576.n6                                5
xdut.n248                                    0
xdut.x_578.qs                                5
xdut.x_578.n14                         1.34473
xdut.x_578.n6                      8.60208e-08
xdut.x_578.ckp                     2.08524e-08
xdut.x_578.n7                      2.60748e-08
xdut.x_578.ckb                               5
xdut.x_578.qm                                5
xdut.x_578.n9                                5
xdut.x_578.n13                     4.30104e-08
xdut.x_579.n6                          1.26842
xdut.n270                                    5
xdut.x_623.qs                      7.29463e-08
xdut.x_623.n14                               5
xdut.x_623.n6                                5
xdut.x_623.ckp                     2.08524e-08
xdut.x_623.n7                                5
xdut.x_623.ckb                               5
xdut.x_623.qm                      2.60748e-08
xdut.x_623.n9                      4.95105e-08
xdut.x_623.n13                         4.14374
xdut.n283                                    5
xdut.n311                                    5
xdut.x_624.n8                      6.17262e-08
xdut.x_624.n7                      1.23452e-07
xdut.x_639.n7                          1.26842
xdut.x_639.n3                      3.74462e-08
xdut.n8                                      5
xdut.n2                                      5
xdut.x_640.n7                                5
xdut.n23                                     0
xdut.x_640.n3                                5
xdut.n10                           2.05775e-08
xdut.x_641.n6                                5
xdut.n22                           2.05775e-08
xdut.n19                                     5
xdut.x_646.n6                                5
xdut.n57                           2.05775e-08
xdut.x_648.n3                                5
xdut.n59                                     5
xdut.n56                           2.05775e-08
xdut.x_648.n7                          4.14375
xdut.x_649.n7                          4.96988
xdut.x_649.n3                      7.88485e-09
xdut.n35                                     5
hsync                                        5
xdut.ni1415                        2.08524e-08
xdut.x_665.qs                                5
xdut.x_665.n14                         1.34473
xdut.n37                                     5
xdut.x_665.n6                      8.60208e-08
xdut.x_665.ckp                     2.08524e-08
xdut.x_665.n7                      2.60748e-08
xdut.x_665.ckb                               5
xdut.x_665.qm                                5
xdut.x_665.n9                                5
xdut.n25                           2.05744e-08
xdut.x_665.n13                     4.30104e-08
xdut.n20                                     5
xdut.x_680.qs                                5
xdut.x_680.n14                               5
xdut.x_680.n6                                5
xdut.x_680.ckp                     2.08524e-08
xdut.x_680.n7                                5
xdut.x_680.ckb                               5
xdut.x_680.qm                      3.49785e-08
xdut.x_680.n9                                5
xdut.x_680.n13                         4.14374
xdut.x_682.n8                          4.97062
xdut.n17                                     5
xdut.x_682.n7                          4.97062
xdut.n208                          8.22975e-08
xdut.n205                          2.05775e-08
xdut.x_687.n3                      8.23099e-08
xdut.x_687.n9                                5
xdut.x_687.n5                       3.1324e-09
xdut.x_687.n6                       4.1155e-08
xdut.n7                                      5
xdut.x_689.n2                      2.05775e-08
xdut.x_691.n8                                5
xdut.x_691.n7                                5
xdut.n206                          2.05775e-08
xdut.x_695.n2                                5
xdut.ni1433                                  5
xdut.x_696.qs                      7.29463e-08
xdut.x_696.n14                               5
xdut.n6                            8.23099e-08
xdut.x_696.n6                                5
xdut.x_696.ckp                     2.08524e-08
xdut.x_696.n7                                5
xdut.x_696.ckb                               5
xdut.x_696.qm                      2.60748e-08
xdut.x_696.n9                      4.95105e-08
xdut.x_696.n13                         4.14374
xdut.ni1435                                  5
xdut.x_714.qs                      7.29463e-08
xdut.x_714.n14                               5
xdut.x_714.n6                                5
xdut.x_714.ckp                     2.08524e-08
xdut.x_714.n7                                5
xdut.x_714.ckb                               5
xdut.x_714.qm                      2.60748e-08
xdut.x_714.n9                      4.95105e-08
xdut.x_714.n13                         4.14374
xdut.x_715.n10                         4.98965
xdut.x_715.n9                          4.97478
xdut.x_715.n8                          4.94657
xdut.n225                          3.48086e-09
xdut.n227                                    5
xdut.x_728.n7                          4.96988
xdut.x_728.n3                      7.88485e-09
xdut.n226                                    5
xdut.n211                          8.22975e-08
xdut.x_729.n8                       6.2648e-09
xdut.x_729.n7                      1.25296e-08
xdut.x_730.n6                      4.11487e-08
xdut.n188                                    5
xdut.x_731.qs                                5
xdut.x_731.n14                         1.34473
xdut.n3                                      5
xdut.x_731.n6                      8.60208e-08
xdut.x_731.ckp                     2.08524e-08
xdut.x_731.n7                      2.60748e-08
xdut.x_731.ckb                               5
xdut.x_731.qm                                5
xdut.x_731.n9                                5
xdut.x_731.n13                     4.30104e-08
xdut.n230                          2.05775e-08
xdut.n324                                    0
xdut.x_734.qs                                5
xdut.x_734.n14                         1.34473
xdut.x_734.n6                      8.60208e-08
xdut.x_734.ckp                     2.08524e-08
xdut.x_734.n7                      2.60748e-08
xdut.x_734.ckb                               5
xdut.x_734.qm                                5
xdut.x_734.n9                                5
xdut.x_734.n13                     4.30104e-08
xdut.x_751.n6                                5
xdut.n301                          7.88485e-09
xdut.n528                          2.05775e-08
xdut.n287                                    5
xdut.x_752.n6                                5
xdut.n292                          2.05775e-08
xdut.n584                                    5
xdut.x_758.n3                      8.22975e-08
xdut.n71                                     5
xdut.n195                                    5
xdut.n194                                    5
xdut.x_758.n7                      4.11488e-08
xdut.x_759.n8                                5
xdut.x_759.n7                          1.26842
xdut.n182                          3.74461e-08
xdut.n572                          7.88485e-09
xdut.x_760.n6                          1.26842
xdut.n72                                     5
xdut.n573                          3.74462e-08
xdut.n184                          3.74462e-08
xdut.x_761.n8                          4.97062
xdut.x_761.n7                          4.97062
xdut.n185                          5.46059e-08
xdut.n187                          7.92437e-09
xdut.n288                                    5
xdut.x_762.n6                                5
xdut.n183                          2.05775e-08
xdut.x_765.n6                                5
xdut.n527                          5.46059e-08
xdut.n284                                    5
xdut.n300                          7.88485e-09
xdut.x_766.n6                                5
xdut.n297                          2.05775e-08
xdut.n299                          3.74462e-08
xdut.x_767.n8                                5
xdut.x_767.n7                                5
xdut.n375                          2.05775e-08
xdut.x_768.n10                         1.33931
xdut.n581                                    5
xdut.x_768.n9                          1.32985
xdut.x_768.n8                          1.30646
xdut.n360                                    5
xdut.x_770.n6                          4.14375
xdut.x_771.n7                          1.26842
xdut.x_771.n3                      3.74462e-08
xdut.x_773.n6                                5
xdut.n526                                    5
xdut.x_778.n6                          4.96988
xdut.n606                          7.88485e-09
xdut.n74                                     5
xdut.x_779.n2                                5
xdut.x_787.n8                          1.31158
xdut.x_787.n7                          1.29144
xdut.x_790.n6                          1.26842
xdut.x_793.n6                                5
xdut.x_794.n6                                5
xdut.n608                                    5
xdut.n308                          3.74462e-08
xdut.x_853.n8                                5
xdut.x_853.n7                          4.96988
xdut.n657                          7.88485e-09
xdut.n70                                     5
xdut.x_854.n6                                5
xdut.n329                                    5
xdut.x_865.n6                                5
xdut.n320                                    5
xdut.x_866.n8                                5
xdut.x_866.n7                          1.26842
xdut.n664                          7.88485e-09
xdut.x_869.n6                          4.96988
xdut.x_870.n6                                5
xdut.x_871.n8                          1.31158
xdut.x_871.n7                          1.29144
xdut.n77                           8.22975e-08
xdut.x_873.n6                          4.96988
xdut.x_877.n6                                5
xdut.x_879.n6                          4.96988
xdut.x_881.n8                          4.97062
xdut.x_881.n7                          4.97062
xdut.x_884.n6                                5
xdut.x_889.n7                          1.26842
xdut.x_889.n3                      3.74462e-08
xdut.x_895.n3                                5
xdut.x_895.n7                        0.0348173
xdut.x_900.n8                                5
xdut.x_900.n7                                5
xdut.x_902.n6                          4.96988
xdut.x_905.n2                      2.05775e-08
xdut.x_906.n8                                5
xdut.x_906.n7                          4.96988
xdut.x_955.n3                                5
xdut.x_955.n9                                5
xdut.x_955.n5                          4.10687
xdut.x_955.n6                        0.0348173
xdut.x_956.n6                                5
xdut.n16                           5.46059e-08
xdut.n54                                     5
xdut.x_965.n8                                5
xdut.x_965.n7                          1.26842
xdut.n50                           3.74461e-08
xdut.n48                                     5
xdut.x_969.n6                      6.26479e-09
xdut.x_970.n8                      5.86677e-09
xdut.x_970.n7                          4.14375
xdut.x_972.n6                        0.0348173
xdut.x_977.n6                          4.14375
xdut.x_981.n6                          1.26842
xdut.x_988.n6                      6.26479e-09
xdut.n51                                     5
xdut.x_990.n6                          4.14375
xdut.x_994.n6                      4.11487e-08
xdut.x_998.n6                        0.0348173
xdut.x_1002.n3                               5
xdut.n15                                     5
xdut.x_1002.n5                     7.29463e-08
xdut.x_1002.n4                     4.95105e-08
xdut.x_1002.n6                     2.60747e-08
xdut.x_1011.n3                               5
xdut.x_1011.n9                               5
xdut.x_1011.n5                      4.1155e-08
xdut.x_1011.n6                     6.26479e-09
xdut.x_1012.n6                         1.26842
xdut.n5                            3.74462e-08
xdut.x_1019.n7                               5
xdut.x_1019.n3                     2.05775e-08
xdut.n49                           3.74462e-08
xdut.x_1022.n3                               5
xdut.x_1022.n9                               5
xdut.x_1022.n5                         4.10687
xdut.x_1022.n6                       0.0348173
xdut.x_1028.n8                         1.31158
xdut.x_1028.n7                         1.29144
xdut.n4                                      5
xdut.x_1029.n2                     1.85179e-07
xdut.x_1029.n4                     6.17262e-08
xdut.x_1029.n5                     1.23452e-07
xdut.x_1030.n6                         4.96988
xdut.n213                          7.88485e-09
xdut.x_1034.n6                         4.14375
xdut.n11                                     5
xdut.n14                           2.05775e-08
xdut.x_1038.n6                       0.0171313
xdut.x_1038.n8                       0.0486804
xdut.x_1038.n7                         4.15573
xdut.n45                                     5
xdut.n12                                     5
xdut.x_1064.n8                     6.17262e-08
xdut.x_1064.n7                     1.23452e-07
xdut.n13                                     5
xdut.x_1066.n8                       0.0333738
xdut.x_1066.n7                       0.0333738
xdut.x_1082.n9                         4.95563
xdut.x_1082.n2                      4.8375e-09
xdut.x_1082.n11                        4.98479
xdut.x_1082.n10                        4.98479
xdut.x_1089.n6                     4.11487e-08
xdut.x_1099.n6                         1.26842
xdut.n46                           2.05775e-08
xdut.x_1102.n6                     4.11487e-08
xdut.x_1107.n3                               5
xdut.n47                           2.05775e-08
xdut.x_1107.n7                     6.26479e-09
xdut.x_1109.n6                               5
xdut.x_1110.n3                               5
xdut.x_1110.n9                               5
xdut.x_1110.n5                         4.10687
xdut.x_1110.n6                       0.0348173
xdut.x_1111.n9                         4.97131
xdut.x_1111.n2                     7.96197e-09
xdut.x_1111.n11                        4.97131
xdut.x_1111.n10                        4.97131
xdut.x_1112.n9                         4.97062
xdut.x_1112.n2                     7.92437e-09
xdut.x_1112.n11                        4.97062
xdut.x_1112.n10                              5
vclk#branch                                  0
vdd#branch                        -6.21201e-09

 Reference value :  8.52800e-08 Reference value :  2.20280e-07 Reference value :  3.62280e-07 Reference value :  5.05280e-07 Reference value :  6.51280e-07 Reference value :  7.87280e-07 Reference value :  9.24280e-07 Reference value :  1.01123e-06 Reference value :  1.07123e-06 Reference value :  1.17121e-06 Reference value :  1.26638e-06 Reference value :  1.33250e-06 Reference value :  1.42361e-06 Reference value :  1.49338e-06 Reference value :  1.62439e-06 Reference value :  1.65551e-06 Reference value :  1.77363e-06 Reference value :  1.83429e-06 Reference value :  1.95531e-06 Reference value :  1.97603e-06 Reference value :  2.10312e-06 Reference value :  2.16957e-06 Reference value :  2.27750e-06 Reference value :  2.33288e-06 Reference value :  2.44148e-06 Reference value :  2.55730e-06 Reference value :  2.60340e-06 Reference value :  2.71050e-06 Reference value :  2.77922e-06 Reference value :  2.90678e-06 Reference value :  2.92788e-06 Reference value :  3.02447e-06 Reference value :  3.08513e-06 Reference value :  3.22225e-06 Reference value :  3.24380e-06 Reference value :  3.32245e-06 Reference value :  3.39705e-06 Reference value :  3.52510e-06 Reference value :  3.56058e-06 Reference value :  3.69935e-06 Reference value :  3.76994e-06 Reference value :  3.86734e-06 Reference value :  3.93419e-06 Reference value :  4.02940e-06 Reference value :  4.15508e-06 Reference value :  4.19382e-06 Reference value :  4.29963e-06 Reference value :  4.36018e-06 Reference value :  4.49112e-06 Reference value :  4.51338e-06 Reference value :  4.60825e-06 Reference value :  4.68090e-06 Reference value :  4.81090e-06 Reference value :  4.84303e-06 Reference value :  4.96843e-06 Reference value :  5.02625e-06 Reference value :  5.13398e-06 Reference value :  5.19745e-06 Reference value :  5.29667e-06 Reference value :  5.39984e-06 Reference value :  5.45893e-06 Reference value :  5.53437e-06 Reference value :  5.61743e-06 Reference value :  5.73477e-06 Reference value :  5.78012e-06 Reference value :  5.86505e-06 Reference value :  5.93749e-06 Reference value :  6.07278e-06 Reference value :  6.11099e-06 Reference value :  6.23920e-06 Reference value :  6.32642e-06 Reference value :  6.40911e-06 Reference value :  6.49846e-06 Reference value :  6.57686e-06 Reference value :  6.71286e-06 Reference value :  6.73400e-06 Reference value :  6.85697e-06 Reference value :  6.92522e-06 Reference value :  7.03749e-06 Reference value :  7.05703e-06 Reference value :  7.18525e-06 Reference value :  7.25078e-06 Reference value :  7.35683e-06 Reference value :  7.40869e-06 Reference value :  7.51796e-06 Reference value :  7.60777e-06 Reference value :  7.68019e-06 Reference value :  7.70073e-06 Reference value :  7.82540e-06 Reference value :  7.89346e-06 Reference value :  7.99456e-06 Reference value :  8.01350e-06 Reference value :  8.11765e-06 Reference value :  8.17634e-06 Reference value :  8.30283e-06 Reference value :  8.32275e-06 Reference value :  8.41045e-06 Reference value :  8.47746e-06 Reference value :  8.61905e-06 Reference value :  8.64677e-06 Reference value :  8.77727e-06 Reference value :  8.84749e-06 Reference value :  8.94462e-06 Reference value :  8.97136e-06 Reference value :  9.09011e-06 Reference value :  9.15647e-06 Reference value :  9.26161e-06 Reference value :  9.30769e-06 Reference value :  9.42143e-06 Reference value :  9.50651e-06 Reference value :  9.58371e-06 Reference value :  9.62481e-06 Reference value :  9.73887e-06 Reference value :  9.82929e-06 Reference value :  9.90337e-06 Reference value :  1.00012e-05 Reference value :  1.00682e-05 Reference value :  1.02064e-05 Reference value :  1.02305e-05 Reference value :  1.03497e-05 Reference value :  1.04112e-05 Reference value :  1.05264e-05 Reference value :  1.05474e-05 Reference value :  1.06677e-05 Reference value :  1.07361e-05 Reference value :  1.08496e-05 Reference value :  1.08657e-05 Reference value :  1.10000e-05 Reference value :  1.10614e-05 Reference value :  1.11685e-05 Reference value :  1.12324e-05 Reference value :  1.13301e-05 Reference value :  1.14392e-05 Reference value :  1.14926e-05 Reference value :  1.16028e-05 Reference value :  1.16763e-05 Reference value :  1.17968e-05 Reference value :  1.18233e-05 Reference value :  1.19535e-05 Reference value :  1.20239e-05 Reference value :  1.21216e-05 Reference value :  1.21749e-05 Reference value :  1.22804e-05 Reference value :  1.23717e-05 Reference value :  1.24419e-05 Reference value :  1.25327e-05 Reference value :  1.26032e-05 Reference value :  1.27430e-05 Reference value :  1.27674e-05 Reference value :  1.28991e-05 Reference value :  1.29680e-05 Reference value :  1.30726e-05 Reference value :  1.30936e-05 Reference value :  1.32242e-05 Reference value :  1.32954e-05 Reference value :  1.33896e-05 Reference value :  1.34077e-05 Reference value :  1.35266e-05 Reference value :  1.35908e-05 Reference value :  1.37054e-05 Reference value :  1.37531e-05 Reference value :  1.38618e-05 Reference value :  1.39517e-05 Reference value :  1.40284e-05 Reference value :  1.40635e-05 Reference value :  1.41777e-05 Reference value :  1.42688e-05 Reference value :  1.43465e-05 Reference value :  1.44094e-05 Reference value :  1.45050e-05 Reference value :  1.46099e-05 Reference value :  1.46672e-05 Reference value :  1.47443e-05 Reference value :  1.48259e-05 Reference value :  1.49629e-05 Reference value :  1.49890e-05 Reference value :  1.51158e-05 Reference value :  1.51699e-05 Reference value :  1.52896e-05 Reference value :  1.53135e-05 Reference value :  1.54243e-05 Reference value :  1.54880e-05 Reference value :  1.56061e-05 Reference value :  1.56271e-05 Reference value :  1.57511e-05 Reference value :  1.58158e-05 Reference value :  1.59258e-05 Reference value :  1.59490e-05 Reference value :  1.60551e-05 Reference value :  1.61214e-05 Reference value :  1.62398e-05 Reference value :  1.62620e-05 Reference value :  1.63368e-05 Reference value :  1.64117e-05 Reference value :  1.65330e-05 Reference value :  1.65744e-05 Reference value :  1.66174e-05 Reference value :  1.67248e-05 Reference value :  1.68144e-05 Reference value :  1.68864e-05 Reference value :  1.69557e-05 Reference value :  1.70448e-05 Reference value :  1.71383e-05 Reference value :  1.72041e-05 Reference value :  1.72844e-05 Reference value :  1.73666e-05 Reference value :  1.74970e-05 Reference value :  1.75259e-05 Reference value :  1.76518e-05 Reference value :  1.77222e-05 Reference value :  1.78304e-05 Reference value :  1.78540e-05 Reference value :  1.79753e-05 Reference value :  1.80377e-05 Reference value :  1.81493e-05 Reference value :  1.81689e-05 Reference value :  1.82947e-05 Reference value :  1.83462e-05 Reference value :  1.84632e-05 Reference value :  1.84818e-05 Reference value :  1.85959e-05 Reference value :  1.86663e-05 Reference value :  1.87823e-05 Reference value :  1.88155e-05 Reference value :  1.89386e-05 Reference value :  1.90231e-05 Reference value :  1.91067e-05 Reference value :  1.91818e-05 Reference value :  1.92686e-05 Reference value :  1.93883e-05 Reference value :  1.94310e-05 Reference value :  1.95284e-05 Reference value :  1.95881e-05 Reference value :  1.97159e-05 Reference value :  1.97498e-05 Reference value :  1.98234e-05 Reference value :  1.99030e-05 Reference value :  2.00183e-05 Reference value :  2.00639e-05 Reference value :  2.01843e-05 Reference value :  2.02591e-05 Reference value :  2.03676e-05 Reference value :  2.04013e-05 Reference value :  2.05258e-05 Reference value :  2.06000e-05 Reference value :  2.06930e-05 Reference value :  2.07265e-05 Reference value :  2.08505e-05 Reference value :  2.09419e-05 Reference value :  2.10144e-05 Reference value :  2.10844e-05 Reference value :  2.11729e-05 Reference value :  2.12985e-05 Reference value :  2.13338e-05 Reference value :  2.14482e-05 Reference value :  2.15197e-05 Reference value :  2.16369e-05 Reference value :  2.16796e-05 Reference value :  2.18040e-05 Reference value :  2.19069e-05 Reference value :  2.19673e-05 Reference value :  2.20514e-05 Reference value :  2.21268e-05 Reference value :  2.22540e-05 Reference value :  2.22888e-05 Reference value :  2.23087e-05 Reference value :  2.24304e-05 Reference value :  2.24982e-05 Reference value :  2.25951e-05 Reference value :  2.26182e-05 Reference value :  2.27415e-05 Reference value :  2.28119e-05 Reference value :  2.29139e-05 Reference value :  2.29635e-05 Reference value :  2.30724e-05 Reference value :  2.31628e-05 Reference value :  2.32356e-05 Reference value :  2.32568e-05 Reference value :  2.33829e-05 Reference value :  2.34588e-05 Reference value :  2.35507e-05 Reference value :  2.35817e-05 Reference value :  2.37052e-05 Reference value :  2.37946e-05 Reference value :  2.38689e-05 Reference value :  2.39341e-05 Reference value :  2.40288e-05 Reference value :  2.41196e-05 Reference value :  2.41884e-05 Reference value :  2.42782e-05 Reference value :  2.43502e-05 Reference value :  2.44922e-05 Reference value :  2.45157e-05 Reference value :  2.46488e-05 Reference value :  2.47093e-05 Reference value :  2.48178e-05 Reference value :  2.48499e-05 Reference value :  2.49709e-05 Reference value :  2.50514e-05 Reference value :  2.51380e-05 Reference value :  2.52188e-05 Reference value :  2.53004e-05 Reference value :  2.54262e-05 Reference value :  2.54654e-05 Reference value :  2.55855e-05 Reference value :  2.56534e-05 Reference value :  2.57689e-05 Reference value :  2.58008e-05 Reference value :  2.59232e-05 Reference value :  2.60040e-05 Reference value :  2.60908e-05 Reference value :  2.61398e-05 Reference value :  2.62483e-05 Reference value :  2.63512e-05 Reference value :  2.64111e-05 Reference value :  2.65018e-05 Reference value :  2.65719e-05 Reference value :  2.67101e-05 Reference value :  2.67343e-05 Reference value :  2.68421e-05 Reference value :  2.69112e-05 Reference value :  2.70375e-05 Reference value :  2.70618e-05 Reference value :  2.71910e-05 Reference value :  2.72623e-05 Reference value :  2.73583e-05 Reference value :  2.73855e-05 Reference value :  2.75100e-05 Reference value :  2.75881e-05 Reference value :  2.76779e-05 Reference value :  2.77447e-05 Reference value :  2.78383e-05 Reference value :  2.79401e-05 Reference value :  2.79979e-05 Reference value :  2.80775e-05 Reference value :  2.81586e-05 Reference value :  2.82790e-05 Reference value :  2.83183e-05 Reference value :  2.83981e-05 Reference value :  2.84754e-05 Reference value :  2.85940e-05 Reference value :  2.86350e-05 Reference value :  2.86962e-05 Reference value :  2.87910e-05 Reference value :  2.89159e-05 Reference value :  2.89539e-05 Reference value :  2.90834e-05 Reference value :  2.91468e-05 Reference value :  2.92583e-05 Reference value :  2.92824e-05 Reference value :  2.94118e-05 Reference value :  2.94793e-05 Reference value :  2.95792e-05 Reference value :  2.96091e-05 Reference value :  2.97303e-05 Reference value :  2.97956e-05 Reference value :  2.98994e-05 Reference value :  2.99402e-05 Reference value :  3.00563e-05 Reference value :  3.01398e-05 Reference value :  3.02187e-05 Reference value :  3.02898e-05 Reference value :  3.03789e-05 Reference value :  3.04976e-05 Reference value :  3.05415e-05 Reference value :  3.06274e-05 Reference value :  3.06990e-05 Reference value :  3.08292e-05 Reference value :  3.08597e-05 Reference value :  3.09532e-05 Reference value :  3.10161e-05 Reference value :  3.11536e-05 Reference value :  3.11786e-05 Reference value :  3.12837e-05 Reference value :  3.13503e-05 Reference value :  3.14772e-05 Reference value :  3.15041e-05 Reference value :  3.16368e-05 Reference value :  3.17216e-05 Reference value :  3.18055e-05 Reference value :  3.18868e-05 Reference value :  3.19662e-05 Reference value :  3.20866e-05 Reference value :  3.21304e-05 Reference value :  3.22131e-05 Reference value :  3.22864e-05 Reference value :  3.24119e-05 Reference value :  3.24446e-05 Reference value :  3.25002e-05 Reference value :  3.26021e-05 Reference value :  3.27314e-05 Reference value :  3.27684e-05 Reference value :  3.29048e-05
No. of Data Rows : 40805

Total analysis time (seconds) = 107.532

Total elapsed time (seconds) = 107.590 

Total DRAM available = 23968.098 MB.
DRAM currently available =  698.402 MB.
Maximum ngspice program size =   93.246 MB.
Current ngspice program size =   26.137 MB.

Shared ngspice pages =   10.160 MB.
Text (code) pages =    5.523 MB.
Stack = 0 bytes.
Library pages =   72.277 MB.

