
 /----------------------------------------------------------------------------\
 |  yosys -- Yosys Open SYnthesis Suite                                       |
 |  Copyright (C) 2012 - 2026  Claire Xenia Wolf <claire@yosyshq.com>         |
 |  Distributed under an ISC-like license, type "license" to see terms        |
 \----------------------------------------------------------------------------/
 Yosys 0.69+152 (git sha1 6f876ae0e-dirty, Release, GNU /usr/bin/aarch64-linux-gnu-g++ 15.2.0)

-- Running command `read_verilog fpga/tang_primer_20k/ishi_vga_tang_top.v fpga/tang_primer_20k/gowin_pll_315.v experiments/a_letter_scan_eco/ishi_vga_core.v experiments/a_letter_scan_eco/ishi_logo.v; synth_gowin -top ishi_vga_tang_top -family gw2a -json /home/ishi-kai/ishi-vga/build/fpga_vga_letter_animation/synth.json' --

1. Executing Verilog-2005 frontend: fpga/tang_primer_20k/ishi_vga_tang_top.v
Parsing Verilog input from `fpga/tang_primer_20k/ishi_vga_tang_top.v' to AST representation.
Generating RTLIL representation for module `\ishi_vga_tang_top'.
Successfully finished Verilog frontend.

2. Executing Verilog-2005 frontend: fpga/tang_primer_20k/gowin_pll_315.v
Parsing Verilog input from `fpga/tang_primer_20k/gowin_pll_315.v' to AST representation.
Generating RTLIL representation for module `\gowin_pll_315'.
Successfully finished Verilog frontend.

3. Executing Verilog-2005 frontend: experiments/a_letter_scan_eco/ishi_vga_core.v
Parsing Verilog input from `experiments/a_letter_scan_eco/ishi_vga_core.v' to AST representation.
Generating RTLIL representation for module `\ishi_vga_core'.
Successfully finished Verilog frontend.

4. Executing Verilog-2005 frontend: experiments/a_letter_scan_eco/ishi_logo.v
Parsing Verilog input from `experiments/a_letter_scan_eco/ishi_logo.v' to AST representation.
Generating RTLIL representation for module `\ishi_logo'.
Successfully finished Verilog frontend.

5. Executing SYNTH_GOWIN pass.

5.1. Executing Verilog-2005 frontend: /home/ishi-kai/ishi-vga/build/fpga_tools/oss-cad-suite/lib/../share/yosys/gowin/cells_sim.v
Parsing Verilog input from `/home/ishi-kai/ishi-vga/build/fpga_tools/oss-cad-suite/lib/../share/yosys/gowin/cells_sim.v' to AST representation.
Generating RTLIL representation for module `\LUT1'.
Generating RTLIL representation for module `\LUT2'.
Generating RTLIL representation for module `\LUT3'.
Generating RTLIL representation for module `\LUT4'.
Generating RTLIL representation for module `\__APICULA_LUT5'.
Generating RTLIL representation for module `\__APICULA_LUT6'.
Generating RTLIL representation for module `\__APICULA_LUT7'.
Generating RTLIL representation for module `\__APICULA_LUT8'.
Generating RTLIL representation for module `\MUX2'.
Generating RTLIL representation for module `\MUX2_LUT5'.
Generating RTLIL representation for module `\MUX2_LUT6'.
Generating RTLIL representation for module `\MUX2_LUT7'.
Generating RTLIL representation for module `\MUX2_LUT8'.
Generating RTLIL representation for module `\DFF'.
Generating RTLIL representation for module `\DFFE'.
Generating RTLIL representation for module `\DFFS'.
Generating RTLIL representation for module `\DFFSE'.
Generating RTLIL representation for module `\DFFR'.
Generating RTLIL representation for module `\DFFRE'.
Generating RTLIL representation for module `\DFFP'.
Generating RTLIL representation for module `\DFFPE'.
Generating RTLIL representation for module `\DFFC'.
Generating RTLIL representation for module `\DFFCE'.
Generating RTLIL representation for module `\DFFN'.
Generating RTLIL representation for module `\DFFNE'.
Generating RTLIL representation for module `\DFFNS'.
Generating RTLIL representation for module `\DFFNSE'.
Generating RTLIL representation for module `\DFFNR'.
Generating RTLIL representation for module `\DFFNRE'.
Generating RTLIL representation for module `\DFFNP'.
Generating RTLIL representation for module `\DFFNPE'.
Generating RTLIL representation for module `\DFFNC'.
Generating RTLIL representation for module `\DFFNCE'.
Generating RTLIL representation for module `\DL'.
Generating RTLIL representation for module `\DLN'.
Generating RTLIL representation for module `\DLE'.
Generating RTLIL representation for module `\DLNE'.
Generating RTLIL representation for module `\DLC'.
Generating RTLIL representation for module `\DLCE'.
Generating RTLIL representation for module `\DLNC'.
Generating RTLIL representation for module `\DLNCE'.
Generating RTLIL representation for module `\DLP'.
Generating RTLIL representation for module `\DLPE'.
Generating RTLIL representation for module `\DLNP'.
Generating RTLIL representation for module `\DLNPE'.
Generating RTLIL representation for module `\VCC'.
Generating RTLIL representation for module `\GND'.
Generating RTLIL representation for module `\IBUF'.
Generating RTLIL representation for module `\OBUF'.
Generating RTLIL representation for module `\TBUF'.
Generating RTLIL representation for module `\IOBUF'.
Generating RTLIL representation for module `\ELVDS_OBUF'.
Generating RTLIL representation for module `\TLVDS_OBUF'.
Generating RTLIL representation for module `\OSER4'.
Generating RTLIL representation for module `\OSER4_MEM'.
Generating RTLIL representation for module `\OSER8'.
Generating RTLIL representation for module `\OSER10'.
Generating RTLIL representation for module `\OVIDEO'.
Generating RTLIL representation for module `\OSER16'.
Generating RTLIL representation for module `\IDES4'.
Generating RTLIL representation for module `\IDES4_MEM'.
Generating RTLIL representation for module `\IDES8'.
Generating RTLIL representation for module `\IDES10'.
Generating RTLIL representation for module `\IVIDEO'.
Generating RTLIL representation for module `\IDES16'.
Generating RTLIL representation for module `\IDDR'.
Generating RTLIL representation for module `\IDDRC'.
Generating RTLIL representation for module `\DQS'.
Generating RTLIL representation for module `\ODDR'.
Generating RTLIL representation for module `\ODDRC'.
Generating RTLIL representation for module `\GSR'.
Generating RTLIL representation for module `\BANDGAP'.
Generating RTLIL representation for module `\ALU'.
Generating RTLIL representation for module `\RAM16S1'.
Generating RTLIL representation for module `\RAM16S2'.
Generating RTLIL representation for module `\RAM16S4'.
Generating RTLIL representation for module `\RAM16SDP1'.
Generating RTLIL representation for module `\RAM16SDP2'.
Generating RTLIL representation for module `\RAM16SDP4'.
Generating RTLIL representation for module `\SP'.
Generating RTLIL representation for module `\SPX9'.
Generating RTLIL representation for module `\SDP'.
Generating RTLIL representation for module `\SDPX9'.
Generating RTLIL representation for module `\DP'.
Generating RTLIL representation for module `\DPX9'.
Generating RTLIL representation for module `\rPLL'.
Generating RTLIL representation for module `\PLLVR'.
Generating RTLIL representation for module `\OSC'.
Generating RTLIL representation for module `\OSCZ'.
Generating RTLIL representation for module `\OSCF'.
Generating RTLIL representation for module `\OSCH'.
Generating RTLIL representation for module `\OSCW'.
Generating RTLIL representation for module `\OSCO'.
Generating RTLIL representation for module `\EMCU'.
Successfully finished Verilog frontend.

5.2. Executing Verilog-2005 frontend: /home/ishi-kai/ishi-vga/build/fpga_tools/oss-cad-suite/lib/../share/yosys/gowin/cells_xtra_gw2a.v
Parsing Verilog input from `/home/ishi-kai/ishi-vga/build/fpga_tools/oss-cad-suite/lib/../share/yosys/gowin/cells_xtra_gw2a.v' to AST representation.
Generating RTLIL representation for module `\LUT5'.
Generating RTLIL representation for module `\LUT6'.
Generating RTLIL representation for module `\LUT7'.
Generating RTLIL representation for module `\LUT8'.
Generating RTLIL representation for module `\INV'.
Generating RTLIL representation for module `\IDDR_MEM'.
Generating RTLIL representation for module `\ODDR_MEM'.
Replacing existing blackbox module `\IDES4_MEM' at /home/ishi-kai/ishi-vga/build/fpga_tools/oss-cad-suite/lib/../share/yosys/gowin/cells_xtra_gw2a.v:60.1-68.10.
Generating RTLIL representation for module `\IDES4_MEM'.
Generating RTLIL representation for module `\IDES8_MEM'.
Replacing existing blackbox module `\OSER4_MEM' at /home/ishi-kai/ishi-vga/build/fpga_tools/oss-cad-suite/lib/../share/yosys/gowin/cells_xtra_gw2a.v:82.1-92.10.
Generating RTLIL representation for module `\OSER4_MEM'.
Generating RTLIL representation for module `\OSER8_MEM'.
Generating RTLIL representation for module `\IODELAY'.
Generating RTLIL representation for module `\IEM'.
Generating RTLIL representation for module `\ROM16'.
Generating RTLIL representation for module `\ROM'.
Generating RTLIL representation for module `\ROMX9'.
Generating RTLIL representation for module `\pROM'.
Generating RTLIL representation for module `\pROMX9'.
Generating RTLIL representation for module `\SDPB'.
Generating RTLIL representation for module `\SDPX9B'.
Generating RTLIL representation for module `\DPB'.
Generating RTLIL representation for module `\DPX9B'.
Generating RTLIL representation for module `\PADD18'.
Generating RTLIL representation for module `\PADD9'.
Generating RTLIL representation for module `\MULT9X9'.
Generating RTLIL representation for module `\MULT18X18'.
Generating RTLIL representation for module `\MULT36X36'.
Generating RTLIL representation for module `\MULTALU36X18'.
Generating RTLIL representation for module `\MULTADDALU18X18'.
Generating RTLIL representation for module `\MULTALU18X18'.
Generating RTLIL representation for module `\ALU54D'.
Generating RTLIL representation for module `\BUFG'.
Generating RTLIL representation for module `\BUFS'.
Generating RTLIL representation for module `\PLL'.
Generating RTLIL representation for module `\TLVDS_IBUF'.
Generating RTLIL representation for module `\TLVDS_TBUF'.
Generating RTLIL representation for module `\TLVDS_IOBUF'.
Generating RTLIL representation for module `\ELVDS_IBUF'.
Generating RTLIL representation for module `\ELVDS_TBUF'.
Generating RTLIL representation for module `\ELVDS_IOBUF'.
Generating RTLIL representation for module `\CLKDIV'.
Generating RTLIL representation for module `\DHCEN'.
Replacing existing blackbox module `\DQS' at /home/ishi-kai/ishi-vga/build/fpga_tools/oss-cad-suite/lib/../share/yosys/gowin/cells_xtra_gw2a.v:1075.1-1091.10.
Generating RTLIL representation for module `\DQS'.
Generating RTLIL representation for module `\DLLDLY'.
Generating RTLIL representation for module `\DCS'.
Generating RTLIL representation for module `\DQCE'.
Generating RTLIL representation for module `\CLKDIV2'.
Generating RTLIL representation for module `\IBUF_R'.
Generating RTLIL representation for module `\IOBUF_R'.
Generating RTLIL representation for module `\ELVDS_IBUF_R'.
Generating RTLIL representation for module `\ELVDS_IOBUF_R'.
Generating RTLIL representation for module `\OTP'.
Generating RTLIL representation for module `\SAMB'.
Generating RTLIL representation for module `\ELVDS_IBUF_MIPI'.
Generating RTLIL representation for module `\MIPI_IBUF'.
Generating RTLIL representation for module `\I3C_IOBUF'.
Successfully finished Verilog frontend.

5.3. Executing HIERARCHY pass (managing design hierarchy).

5.3.1. Analyzing design hierarchy..
Top module:  \ishi_vga_tang_top
Used module:     \ishi_vga_core
Used module:         \ishi_logo
Used module:     \gowin_pll_315

5.3.2. Analyzing design hierarchy..
Top module:  \ishi_vga_tang_top
Used module:     \ishi_vga_core
Used module:         \ishi_logo
Used module:     \gowin_pll_315
Removed 0 unused modules.

5.4. Executing PROC pass (convert processes to netlists).

5.4.1. Executing PROC_CLEAN pass (remove empty switches from decision trees).
Cleaned up 0 empty switches.

5.4.2. Executing PROC_RMDEAD pass (remove dead branches from decision trees).
Marked 1 switch rules as full_case in process $proc$experiments/a_letter_scan_eco/ishi_vga_core.v:11$10 in module ishi_vga_core.
Removed a total of 0 dead cases.

5.4.3. Executing PROC_PRUNE pass (remove redundant assignments in processes).
Removed 1 redundant assignment.
Promoted 3 assignments to connections.

5.4.4. Executing PROC_INIT pass (extract init attributes).

5.4.5. Executing PROC_ARST pass (detect async resets in processes).

5.4.6. Executing PROC_ROM pass (convert switches to ROMs).
Converted 0 switches.
<suppressed ~3 debug messages>

5.4.7. Executing PROC_MUX pass (convert decision trees to multiplexers).
Creating decoders for process `\ishi_vga_core.$proc$experiments/a_letter_scan_eco/ishi_vga_core.v:11$10'.
     1/4: $0\h[6:0]
     2/4: $0\phase[6:0] [6:4]
     3/4: $0\phase[6:0] [3:0]
     4/4: $0\v[9:0]

5.4.8. Executing PROC_DLATCH pass (convert process syncs to latches).

5.4.9. Executing PROC_DFF pass (convert process syncs to FFs).
Creating register for signal `\ishi_vga_core.\b' using process `\ishi_vga_core.$proc$experiments/a_letter_scan_eco/ishi_vga_core.v:11$10'.
  created $dff cell `$procdff$726' with positive edge clock.
Creating register for signal `\ishi_vga_core.\r' using process `\ishi_vga_core.$proc$experiments/a_letter_scan_eco/ishi_vga_core.v:11$10'.
  created $dff cell `$procdff$727' with positive edge clock.
Creating register for signal `\ishi_vga_core.\g' using process `\ishi_vga_core.$proc$experiments/a_letter_scan_eco/ishi_vga_core.v:11$10'.
  created $dff cell `$procdff$728' with positive edge clock.
Creating register for signal `\ishi_vga_core.\hsync' using process `\ishi_vga_core.$proc$experiments/a_letter_scan_eco/ishi_vga_core.v:11$10'.
  created $dff cell `$procdff$729' with positive edge clock.
Creating register for signal `\ishi_vga_core.\vsync' using process `\ishi_vga_core.$proc$experiments/a_letter_scan_eco/ishi_vga_core.v:11$10'.
  created $dff cell `$procdff$730' with positive edge clock.
Creating register for signal `\ishi_vga_core.\h' using process `\ishi_vga_core.$proc$experiments/a_letter_scan_eco/ishi_vga_core.v:11$10'.
  created $dff cell `$procdff$731' with positive edge clock.
Creating register for signal `\ishi_vga_core.\v' using process `\ishi_vga_core.$proc$experiments/a_letter_scan_eco/ishi_vga_core.v:11$10'.
  created $dff cell `$procdff$732' with positive edge clock.
Creating register for signal `\ishi_vga_core.\phase' using process `\ishi_vga_core.$proc$experiments/a_letter_scan_eco/ishi_vga_core.v:11$10'.
  created $dff cell `$procdff$733' with positive edge clock.

5.4.10. Executing PROC_MEMWR pass (convert process memory writes to cells).

5.4.11. Executing PROC_CLEAN pass (remove empty switches from decision trees).
Found and cleaned up 3 empty switches in `\ishi_vga_core.$proc$experiments/a_letter_scan_eco/ishi_vga_core.v:11$10'.
Removing empty process `ishi_vga_core.$proc$experiments/a_letter_scan_eco/ishi_vga_core.v:11$10'.
Cleaned up 3 empty switches.

5.4.12. Executing OPT_EXPR pass (perform const folding).
Optimizing module ishi_logo.
<suppressed ~14 debug messages>
Optimizing module ishi_vga_core.
<suppressed ~2 debug messages>
Optimizing module gowin_pll_315.
Optimizing module ishi_vga_tang_top.

5.5. Executing CHECK pass (checking for obvious problems).
Checking module ishi_logo...
Checking module ishi_vga_core...
Checking module gowin_pll_315...
Checking module ishi_vga_tang_top...
Found and reported 0 problems.

5.6. Executing FLATTEN pass (flatten design).
Deleting now unused module ishi_logo.
Deleting now unused module ishi_vga_core.
Deleting now unused module gowin_pll_315.
<suppressed ~3 debug messages>

5.7. Executing TRIBUF pass.

5.8. Executing DEMINOUT pass (demote inout ports to input or output).

5.9. Executing OPT_EXPR pass (perform const folding).
Optimizing module ishi_vga_tang_top.

5.10. Executing CHECK pass (checking for obvious problems).
Checking module ishi_vga_tang_top...
Found and reported 0 problems.

5.11. Executing OPT_CLEAN pass (remove unused cells and wires).
Finding unused cells or wires in module \ishi_vga_tang_top..
Removed 0 unused cells and 43 unused wires.
<suppressed ~1 debug messages>

5.12. Executing OPT pass (performing simple optimizations).

5.12.1. Executing OPT_EXPR pass (perform const folding).
Optimizing module ishi_vga_tang_top.

5.12.2. Executing OPT_MERGE pass (detect identical cells).
Finding identical cells in module `\ishi_vga_tang_top'.
Computing hashes of 378 cells of `\ishi_vga_tang_top'.
Finding duplicate cells in `\ishi_vga_tang_top'.
Computing hashes of 280 cells of `\ishi_vga_tang_top'.
Finding duplicate cells in `\ishi_vga_tang_top'.
Computing hashes of 257 cells of `\ishi_vga_tang_top'.
Finding duplicate cells in `\ishi_vga_tang_top'.
Computing hashes of 248 cells of `\ishi_vga_tang_top'.
Finding duplicate cells in `\ishi_vga_tang_top'.
Computing hashes of 246 cells of `\ishi_vga_tang_top'.
Finding duplicate cells in `\ishi_vga_tang_top'.
<suppressed ~396 debug messages>
Removed a total of 132 cells.

5.12.3. Executing OPT_MUXTREE pass (detect dead branches in mux trees).
Running muxtree optimizer on module \ishi_vga_tang_top..
  Creating internal representation of mux trees.
  Evaluating internal representation of mux trees.
  Analyzing evaluation results.
Removed 0 multiplexer ports.
<suppressed ~15 debug messages>

5.12.4. Executing OPT_REDUCE pass (consolidate $*mux and $reduce_* inputs).
  Optimizing cells in module \ishi_vga_tang_top.
Performed a total of 0 changes.

5.12.5. Executing OPT_MERGE pass (detect identical cells).
Finding identical cells in module `\ishi_vga_tang_top'.
Computing hashes of 246 cells of `\ishi_vga_tang_top'.
Finding duplicate cells in `\ishi_vga_tang_top'.
Removed a total of 0 cells.

5.12.6. Executing OPT_DFF pass (perform DFF optimizations).

5.12.7. Executing OPT_CLEAN pass (remove unused cells and wires).
Finding unused cells or wires in module \ishi_vga_tang_top..
Removed 0 unused cells and 132 unused wires.
<suppressed ~1 debug messages>

5.12.8. Executing OPT_EXPR pass (perform const folding).
Optimizing module ishi_vga_tang_top.

5.12.9. Rerunning OPT passes. (Maybe there is more to do..)

5.12.10. Executing OPT_MUXTREE pass (detect dead branches in mux trees).
Running muxtree optimizer on module \ishi_vga_tang_top..
  Creating internal representation of mux trees.
  Evaluating internal representation of mux trees.
  Analyzing evaluation results.
Removed 0 multiplexer ports.
<suppressed ~15 debug messages>

5.12.11. Executing OPT_REDUCE pass (consolidate $*mux and $reduce_* inputs).
  Optimizing cells in module \ishi_vga_tang_top.
Performed a total of 0 changes.

5.12.12. Executing OPT_MERGE pass (detect identical cells).
Finding identical cells in module `\ishi_vga_tang_top'.
Computing hashes of 246 cells of `\ishi_vga_tang_top'.
Finding duplicate cells in `\ishi_vga_tang_top'.
Removed a total of 0 cells.

5.12.13. Executing OPT_DFF pass (perform DFF optimizations).

5.12.14. Executing OPT_CLEAN pass (remove unused cells and wires).
Finding unused cells or wires in module \ishi_vga_tang_top..

5.12.15. Executing OPT_EXPR pass (perform const folding).
Optimizing module ishi_vga_tang_top.

5.12.16. Finished fast OPT passes. (There is nothing left to do.)

5.13. Executing FSM pass (extract and optimize FSM).

5.13.1. Executing FSM_DETECT pass (finding FSMs in design).

5.13.2. Executing FSM_EXTRACT pass (extracting FSM from design).

5.13.3. Executing FSM_OPT pass (simple optimizations of FSMs).

5.13.4. Executing OPT_CLEAN pass (remove unused cells and wires).
Finding unused cells or wires in module \ishi_vga_tang_top..

5.13.5. Executing FSM_OPT pass (simple optimizations of FSMs).

5.13.6. Executing FSM_RECODE pass (re-assigning FSM state encoding).

5.13.7. Executing FSM_INFO pass (dumping all available information on FSM cells).

5.13.8. Executing FSM_MAP pass (mapping FSMs to basic logic).

5.14. Executing OPT pass (performing simple optimizations).

5.14.1. Executing OPT_EXPR pass (perform const folding).
Optimizing module ishi_vga_tang_top.

5.14.2. Executing OPT_MERGE pass (detect identical cells).
Finding identical cells in module `\ishi_vga_tang_top'.
Computing hashes of 246 cells of `\ishi_vga_tang_top'.
Finding duplicate cells in `\ishi_vga_tang_top'.
Removed a total of 0 cells.

5.14.3. Executing OPT_MUXTREE pass (detect dead branches in mux trees).
Running muxtree optimizer on module \ishi_vga_tang_top..
  Creating internal representation of mux trees.
  Evaluating internal representation of mux trees.
  Analyzing evaluation results.
Removed 0 multiplexer ports.
<suppressed ~15 debug messages>

5.14.4. Executing OPT_REDUCE pass (consolidate $*mux and $reduce_* inputs).
  Optimizing cells in module \ishi_vga_tang_top.
Performed a total of 0 changes.

5.14.5. Executing OPT_MERGE pass (detect identical cells).
Finding identical cells in module `\ishi_vga_tang_top'.
Computing hashes of 246 cells of `\ishi_vga_tang_top'.
Finding duplicate cells in `\ishi_vga_tang_top'.
Removed a total of 0 cells.

5.14.6. Executing OPT_DFF pass (perform DFF optimizations).
Adding EN signal on $flatten\u_core.$procdff$733 ($dff) from module ishi_vga_tang_top (D = $flatten\u_core.$add$experiments/a_letter_scan_eco/ishi_vga_core.v:14$16_Y, Q = \u_core.phase [6:4]).
Adding EN signal on $flatten\u_core.$procdff$733 ($dff) from module ishi_vga_tang_top (D = $flatten\u_core.$add$experiments/a_letter_scan_eco/ishi_vga_core.v:13$14_Y, Q = \u_core.phase [3:0]).
Adding EN signal on $flatten\u_core.$procdff$732 ($dff) from module ishi_vga_tang_top (D = $flatten\u_core.$ternary$experiments/a_letter_scan_eco/ishi_vga_core.v:18$20_Y, Q = \u_core.v).
Adding SRST signal on $auto$ff.cc:337:slice$743 ($dffe) from module ishi_vga_tang_top (D = $flatten\u_core.$add$experiments/a_letter_scan_eco/ishi_vga_core.v:18$19_Y, Q = \u_core.v, rval = 10'0111110100).
Adding SRST signal on $flatten\u_core.$procdff$731 ($dff) from module ishi_vga_tang_top (D = $flatten\u_core.$sub$experiments/a_letter_scan_eco/ishi_vga_core.v:19$21_Y, Q = \u_core.h, rval = 7'1000111).

5.14.7. Executing OPT_CLEAN pass (remove unused cells and wires).
Finding unused cells or wires in module \ishi_vga_tang_top..
Removed 6 unused cells and 5 unused wires.
<suppressed ~7 debug messages>

5.14.8. Executing OPT_EXPR pass (perform const folding).
Optimizing module ishi_vga_tang_top.

5.14.9. Rerunning OPT passes. (Maybe there is more to do..)

5.14.10. Executing OPT_MUXTREE pass (detect dead branches in mux trees).
Running muxtree optimizer on module \ishi_vga_tang_top..
  Creating internal representation of mux trees.
  Evaluating internal representation of mux trees.
  Analyzing evaluation results.
Removed 0 multiplexer ports.
<suppressed ~5 debug messages>

5.14.11. Executing OPT_REDUCE pass (consolidate $*mux and $reduce_* inputs).
  Optimizing cells in module \ishi_vga_tang_top.
    New input vector for $reduce_and cell $auto$simple.cc:211:make_patterns_logic$741: { \u_core.phase [3:0] $flatten\u_core.$logic_and$experiments/a_letter_scan_eco/ishi_vga_core.v:12$13_Y }
  Optimizing cells in module \ishi_vga_tang_top.
Performed a total of 1 changes.

5.14.12. Executing OPT_MERGE pass (detect identical cells).
Finding identical cells in module `\ishi_vga_tang_top'.
Computing hashes of 242 cells of `\ishi_vga_tang_top'.
Finding duplicate cells in `\ishi_vga_tang_top'.
Removed a total of 0 cells.

5.14.13. Executing OPT_DFF pass (perform DFF optimizations).

5.14.14. Executing OPT_CLEAN pass (remove unused cells and wires).
Finding unused cells or wires in module \ishi_vga_tang_top..
Removed 1 unused cells and 1 unused wires.
<suppressed ~2 debug messages>

5.14.15. Executing OPT_EXPR pass (perform const folding).
Optimizing module ishi_vga_tang_top.

5.14.16. Rerunning OPT passes. (Maybe there is more to do..)

5.14.17. Executing OPT_MUXTREE pass (detect dead branches in mux trees).
Running muxtree optimizer on module \ishi_vga_tang_top..
  Creating internal representation of mux trees.
  Evaluating internal representation of mux trees.
  Analyzing evaluation results.
Removed 0 multiplexer ports.
<suppressed ~5 debug messages>

5.14.18. Executing OPT_REDUCE pass (consolidate $*mux and $reduce_* inputs).
  Optimizing cells in module \ishi_vga_tang_top.
Performed a total of 0 changes.

5.14.19. Executing OPT_MERGE pass (detect identical cells).
Finding identical cells in module `\ishi_vga_tang_top'.
Computing hashes of 241 cells of `\ishi_vga_tang_top'.
Finding duplicate cells in `\ishi_vga_tang_top'.
Removed a total of 0 cells.

5.14.20. Executing OPT_DFF pass (perform DFF optimizations).

5.14.21. Executing OPT_CLEAN pass (remove unused cells and wires).
Finding unused cells or wires in module \ishi_vga_tang_top..

5.14.22. Executing OPT_EXPR pass (perform const folding).
Optimizing module ishi_vga_tang_top.

5.14.23. Finished fast OPT passes. (There is nothing left to do.)

5.15. Executing WREDUCE pass (reducing word size of cells).
Removed top 4 bits (of 7) from port B of cell ishi_vga_tang_top.$flatten\u_core.\u_logo.$lt$experiments/a_letter_scan_eco/ishi_logo.v:12$364 ($lt).
Removed top 5 bits (of 7) from port B of cell ishi_vga_tang_top.$flatten\u_core.\u_logo.$ge$experiments/a_letter_scan_eco/ishi_logo.v:12$363 ($ge).
Removed top 2 bits (of 7) from port B of cell ishi_vga_tang_top.$flatten\u_core.\u_logo.$ne$experiments/a_letter_scan_eco/ishi_logo.v:11$328 ($ne).
Removed top 2 bits (of 7) from port B of cell ishi_vga_tang_top.$flatten\u_core.\u_logo.$ge$experiments/a_letter_scan_eco/ishi_logo.v:12$339 ($ge).
Removed top 2 bits (of 7) from port B of cell ishi_vga_tang_top.$flatten\u_core.\u_logo.$lt$experiments/a_letter_scan_eco/ishi_logo.v:12$340 ($lt).
Removed top 1 bits (of 7) from port B of cell ishi_vga_tang_top.$flatten\u_core.\u_logo.$ge$experiments/a_letter_scan_eco/ishi_logo.v:12$347 ($ge).
Removed top 1 bits (of 7) from port B of cell ishi_vga_tang_top.$flatten\u_core.\u_logo.$lt$experiments/a_letter_scan_eco/ishi_logo.v:12$348 ($lt).
Removed top 2 bits (of 7) from port B of cell ishi_vga_tang_top.$flatten\u_core.\u_logo.$ge$experiments/a_letter_scan_eco/ishi_logo.v:12$355 ($ge).
Removed top 2 bits (of 7) from port B of cell ishi_vga_tang_top.$flatten\u_core.\u_logo.$lt$experiments/a_letter_scan_eco/ishi_logo.v:12$356 ($lt).
Removed top 6 bits (of 7) from port B of cell ishi_vga_tang_top.$flatten\u_core.$sub$experiments/a_letter_scan_eco/ishi_vga_core.v:19$21 ($sub).
Removed top 9 bits (of 10) from port B of cell ishi_vga_tang_top.$flatten\u_core.$add$experiments/a_letter_scan_eco/ishi_vga_core.v:18$19 ($add).
Removed top 2 bits (of 3) from port B of cell ishi_vga_tang_top.$flatten\u_core.$add$experiments/a_letter_scan_eco/ishi_vga_core.v:14$16 ($add).
Removed top 3 bits (of 4) from port B of cell ishi_vga_tang_top.$flatten\u_core.$add$experiments/a_letter_scan_eco/ishi_vga_core.v:13$14 ($add).

5.16. Executing PEEPOPT pass (run peephole optimizers).

5.17. Executing OPT_CLEAN pass (remove unused cells and wires).
Finding unused cells or wires in module \ishi_vga_tang_top..

5.18. Executing SHARE pass (SAT-based resource sharing).

5.19. Executing TECHMAP pass (map to technology primitives).

5.19.1. Executing Verilog-2005 frontend: /home/ishi-kai/ishi-vga/build/fpga_tools/oss-cad-suite/lib/../share/yosys/mul2dsp.v
Parsing Verilog input from `/home/ishi-kai/ishi-vga/build/fpga_tools/oss-cad-suite/lib/../share/yosys/mul2dsp.v' to AST representation.
Generating RTLIL representation for module `\_80_mul'.
Generating RTLIL representation for module `\_90_soft_mul'.
Successfully finished Verilog frontend.

5.19.2. Continuing TECHMAP pass.
No more expansions possible.
<suppressed ~4 debug messages>

5.20. Executing TECHMAP pass (map to technology primitives).

5.20.1. Executing Verilog-2005 frontend: /home/ishi-kai/ishi-vga/build/fpga_tools/oss-cad-suite/lib/../share/yosys/mul2dsp.v
Parsing Verilog input from `/home/ishi-kai/ishi-vga/build/fpga_tools/oss-cad-suite/lib/../share/yosys/mul2dsp.v' to AST representation.
Generating RTLIL representation for module `\_80_mul'.
Generating RTLIL representation for module `\_90_soft_mul'.
Successfully finished Verilog frontend.

5.20.2. Continuing TECHMAP pass.
No more expansions possible.
<suppressed ~4 debug messages>

5.21. Executing TECHMAP pass (map to technology primitives).

5.21.1. Executing Verilog-2005 frontend: /home/ishi-kai/ishi-vga/build/fpga_tools/oss-cad-suite/lib/../share/yosys/mul2dsp.v
Parsing Verilog input from `/home/ishi-kai/ishi-vga/build/fpga_tools/oss-cad-suite/lib/../share/yosys/mul2dsp.v' to AST representation.
Generating RTLIL representation for module `\_80_mul'.
Generating RTLIL representation for module `\_90_soft_mul'.
Successfully finished Verilog frontend.

5.21.2. Continuing TECHMAP pass.
No more expansions possible.
<suppressed ~4 debug messages>

5.22. Executing TECHMAP pass (map to technology primitives).

5.22.1. Executing Verilog-2005 frontend: /home/ishi-kai/ishi-vga/build/fpga_tools/oss-cad-suite/lib/../share/yosys/mul2dsp.v
Parsing Verilog input from `/home/ishi-kai/ishi-vga/build/fpga_tools/oss-cad-suite/lib/../share/yosys/mul2dsp.v' to AST representation.
Generating RTLIL representation for module `\_80_mul'.
Generating RTLIL representation for module `\_90_soft_mul'.
Successfully finished Verilog frontend.

5.22.2. Continuing TECHMAP pass.
No more expansions possible.
<suppressed ~4 debug messages>

5.23. Executing TECHMAP pass (map to technology primitives).

5.23.1. Executing Verilog-2005 frontend: /home/ishi-kai/ishi-vga/build/fpga_tools/oss-cad-suite/lib/../share/yosys/gowin/dsp_map.v
Parsing Verilog input from `/home/ishi-kai/ishi-vga/build/fpga_tools/oss-cad-suite/lib/../share/yosys/gowin/dsp_map.v' to AST representation.
Generating RTLIL representation for module `$__MUL9X9'.
Generating RTLIL representation for module `$__MUL18X18'.
Generating RTLIL representation for module `$__MUL36X36'.
Successfully finished Verilog frontend.

5.23.2. Continuing TECHMAP pass.
No more expansions possible.
<suppressed ~5 debug messages>

5.24. Executing ALUMACC pass (create $alu and $macc cells).
Extracting $alu and $macc cells in module ishi_vga_tang_top:
  creating $macc model for $flatten\u_core.$add$experiments/a_letter_scan_eco/ishi_vga_core.v:18$19 ($add).
  creating $macc model for $flatten\u_core.$sub$experiments/a_letter_scan_eco/ishi_vga_core.v:19$21 ($sub).
  creating $macc model for $flatten\u_core.$add$experiments/a_letter_scan_eco/ishi_vga_core.v:14$16 ($add).
  creating $macc model for $flatten\u_core.$add$experiments/a_letter_scan_eco/ishi_vga_core.v:13$14 ($add).
  creating $alu model for $macc $flatten\u_core.$add$experiments/a_letter_scan_eco/ishi_vga_core.v:13$14.
  creating $alu model for $macc $flatten\u_core.$add$experiments/a_letter_scan_eco/ishi_vga_core.v:14$16.
  creating $alu model for $macc $flatten\u_core.$sub$experiments/a_letter_scan_eco/ishi_vga_core.v:19$21.
  creating $alu model for $macc $flatten\u_core.$add$experiments/a_letter_scan_eco/ishi_vga_core.v:18$19.
  creating $alu model for $flatten\u_core.$ge$experiments/a_letter_scan_eco/ishi_vga_core.v:20$22 ($ge): new $alu
  creating $alu model for $flatten\u_core.$lt$experiments/a_letter_scan_eco/ishi_vga_core.v:20$23 ($lt): new $alu
  creating $alu model for $flatten\u_core.$ge$experiments/a_letter_scan_eco/ishi_vga_core.v:21$26 ($ge): new $alu
  creating $alu model for $flatten\u_core.$lt$experiments/a_letter_scan_eco/ishi_vga_core.v:21$27 ($lt): new $alu
  creating $alu model for $flatten\u_core.\u_logo.$lt$experiments/a_letter_scan_eco/ishi_logo.v:12$359 ($lt): new $alu
  creating $alu model for $flatten\u_core.\u_logo.$ge$experiments/a_letter_scan_eco/ishi_logo.v:12$358 ($ge): new $alu
  creating $alu model for $flatten\u_core.\u_logo.$lt$experiments/a_letter_scan_eco/ishi_logo.v:12$356 ($lt): new $alu
  creating $alu model for $flatten\u_core.\u_logo.$ge$experiments/a_letter_scan_eco/ishi_logo.v:12$355 ($ge): new $alu
  creating $alu model for $flatten\u_core.\u_logo.$lt$experiments/a_letter_scan_eco/ishi_logo.v:12$348 ($lt): new $alu
  creating $alu model for $flatten\u_core.\u_logo.$ge$experiments/a_letter_scan_eco/ishi_logo.v:12$347 ($ge): new $alu
  creating $alu model for $flatten\u_core.\u_logo.$lt$experiments/a_letter_scan_eco/ishi_logo.v:12$343 ($lt): new $alu
  creating $alu model for $flatten\u_core.\u_logo.$ge$experiments/a_letter_scan_eco/ishi_logo.v:12$342 ($ge): new $alu
  creating $alu model for $flatten\u_core.\u_logo.$lt$experiments/a_letter_scan_eco/ishi_logo.v:12$340 ($lt): new $alu
  creating $alu model for $flatten\u_core.\u_logo.$ge$experiments/a_letter_scan_eco/ishi_logo.v:12$339 ($ge): merged with $flatten\u_core.\u_logo.$lt$experiments/a_letter_scan_eco/ishi_logo.v:12$356.
  creating $alu model for $flatten\u_core.\u_logo.$lt$experiments/a_letter_scan_eco/ishi_logo.v:8$319 ($lt): new $alu
  creating $alu model for $flatten\u_core.\u_logo.$ge$experiments/a_letter_scan_eco/ishi_logo.v:8$317 ($ge): new $alu
  creating $alu model for $flatten\u_core.\u_logo.$lt$experiments/a_letter_scan_eco/ishi_logo.v:12$364 ($lt): new $alu
  creating $alu model for $flatten\u_core.\u_logo.$ge$experiments/a_letter_scan_eco/ishi_logo.v:12$363 ($ge): new $alu
  creating $alu model for $flatten\u_core.\u_logo.$ne$experiments/a_letter_scan_eco/ishi_logo.v:11$328 ($ne): merged with $flatten\u_core.\u_logo.$lt$experiments/a_letter_scan_eco/ishi_logo.v:12$356.
  creating $alu cell for $flatten\u_core.\u_logo.$ge$experiments/a_letter_scan_eco/ishi_logo.v:12$363: $auto$alumacc.cc:576:replace_alu$763
  creating $alu cell for $flatten\u_core.\u_logo.$lt$experiments/a_letter_scan_eco/ishi_logo.v:12$364: $auto$alumacc.cc:576:replace_alu$776
  creating $alu cell for $flatten\u_core.\u_logo.$ge$experiments/a_letter_scan_eco/ishi_logo.v:8$317: $auto$alumacc.cc:576:replace_alu$781
  creating $alu cell for $flatten\u_core.\u_logo.$lt$experiments/a_letter_scan_eco/ishi_logo.v:8$319: $auto$alumacc.cc:576:replace_alu$794
  creating $alu cell for $flatten\u_core.\u_logo.$lt$experiments/a_letter_scan_eco/ishi_logo.v:12$340: $auto$alumacc.cc:576:replace_alu$799
  creating $alu cell for $flatten\u_core.\u_logo.$ge$experiments/a_letter_scan_eco/ishi_logo.v:12$342: $auto$alumacc.cc:576:replace_alu$804
  creating $alu cell for $flatten\u_core.\u_logo.$lt$experiments/a_letter_scan_eco/ishi_logo.v:12$343: $auto$alumacc.cc:576:replace_alu$817
  creating $alu cell for $flatten\u_core.\u_logo.$ge$experiments/a_letter_scan_eco/ishi_logo.v:12$347: $auto$alumacc.cc:576:replace_alu$822
  creating $alu cell for $flatten\u_core.\u_logo.$lt$experiments/a_letter_scan_eco/ishi_logo.v:12$348: $auto$alumacc.cc:576:replace_alu$835
  creating $alu cell for $flatten\u_core.\u_logo.$ge$experiments/a_letter_scan_eco/ishi_logo.v:12$355: $auto$alumacc.cc:576:replace_alu$840
  creating $alu cell for $flatten\u_core.\u_logo.$lt$experiments/a_letter_scan_eco/ishi_logo.v:12$356, $flatten\u_core.\u_logo.$ge$experiments/a_letter_scan_eco/ishi_logo.v:12$339, $flatten\u_core.\u_logo.$ne$experiments/a_letter_scan_eco/ishi_logo.v:11$328: $auto$alumacc.cc:576:replace_alu$853
  creating $alu cell for $flatten\u_core.\u_logo.$ge$experiments/a_letter_scan_eco/ishi_logo.v:12$358: $auto$alumacc.cc:576:replace_alu$868
  creating $alu cell for $flatten\u_core.\u_logo.$lt$experiments/a_letter_scan_eco/ishi_logo.v:12$359: $auto$alumacc.cc:576:replace_alu$881
  creating $alu cell for $flatten\u_core.$lt$experiments/a_letter_scan_eco/ishi_vga_core.v:21$27: $auto$alumacc.cc:576:replace_alu$886
  creating $alu cell for $flatten\u_core.$ge$experiments/a_letter_scan_eco/ishi_vga_core.v:21$26: $auto$alumacc.cc:576:replace_alu$891
  creating $alu cell for $flatten\u_core.$lt$experiments/a_letter_scan_eco/ishi_vga_core.v:20$23: $auto$alumacc.cc:576:replace_alu$904
  creating $alu cell for $flatten\u_core.$ge$experiments/a_letter_scan_eco/ishi_vga_core.v:20$22: $auto$alumacc.cc:576:replace_alu$909
  creating $alu cell for $flatten\u_core.$add$experiments/a_letter_scan_eco/ishi_vga_core.v:18$19: $auto$alumacc.cc:576:replace_alu$922
  creating $alu cell for $flatten\u_core.$sub$experiments/a_letter_scan_eco/ishi_vga_core.v:19$21: $auto$alumacc.cc:576:replace_alu$925
  creating $alu cell for $flatten\u_core.$add$experiments/a_letter_scan_eco/ishi_vga_core.v:14$16: $auto$alumacc.cc:576:replace_alu$928
  creating $alu cell for $flatten\u_core.$add$experiments/a_letter_scan_eco/ishi_vga_core.v:13$14: $auto$alumacc.cc:576:replace_alu$931
  created 21 $alu and 0 $macc cells.

5.25. Executing OPT pass (performing simple optimizations).

5.25.1. Executing OPT_EXPR pass (perform const folding).
Optimizing module ishi_vga_tang_top.

5.25.2. Executing OPT_MERGE pass (detect identical cells).
Finding identical cells in module `\ishi_vga_tang_top'.
Computing hashes of 293 cells of `\ishi_vga_tang_top'.
Finding duplicate cells in `\ishi_vga_tang_top'.
Removed a total of 0 cells.

5.25.3. Executing OPT_MUXTREE pass (detect dead branches in mux trees).
Running muxtree optimizer on module \ishi_vga_tang_top..
  Creating internal representation of mux trees.
  Evaluating internal representation of mux trees.
  Analyzing evaluation results.
Removed 0 multiplexer ports.
<suppressed ~5 debug messages>

5.25.4. Executing OPT_REDUCE pass (consolidate $*mux and $reduce_* inputs).
  Optimizing cells in module \ishi_vga_tang_top.
Performed a total of 0 changes.

5.25.5. Executing OPT_MERGE pass (detect identical cells).
Finding identical cells in module `\ishi_vga_tang_top'.
Computing hashes of 293 cells of `\ishi_vga_tang_top'.
Finding duplicate cells in `\ishi_vga_tang_top'.
Removed a total of 0 cells.

5.25.6. Executing OPT_DFF pass (perform DFF optimizations).

5.25.7. Executing OPT_CLEAN pass (remove unused cells and wires).
Finding unused cells or wires in module \ishi_vga_tang_top..
Removed 0 unused cells and 19 unused wires.
<suppressed ~1 debug messages>

5.25.8. Executing OPT_EXPR pass (perform const folding).
Optimizing module ishi_vga_tang_top.

5.25.9. Rerunning OPT passes. (Maybe there is more to do..)

5.25.10. Executing OPT_MUXTREE pass (detect dead branches in mux trees).
Running muxtree optimizer on module \ishi_vga_tang_top..
  Creating internal representation of mux trees.
  Evaluating internal representation of mux trees.
  Analyzing evaluation results.
Removed 0 multiplexer ports.
<suppressed ~5 debug messages>

5.25.11. Executing OPT_REDUCE pass (consolidate $*mux and $reduce_* inputs).
  Optimizing cells in module \ishi_vga_tang_top.
Performed a total of 0 changes.

5.25.12. Executing OPT_MERGE pass (detect identical cells).
Finding identical cells in module `\ishi_vga_tang_top'.
Computing hashes of 293 cells of `\ishi_vga_tang_top'.
Finding duplicate cells in `\ishi_vga_tang_top'.
Removed a total of 0 cells.

5.25.13. Executing OPT_DFF pass (perform DFF optimizations).

5.25.14. Executing OPT_CLEAN pass (remove unused cells and wires).
Finding unused cells or wires in module \ishi_vga_tang_top..

5.25.15. Executing OPT_EXPR pass (perform const folding).
Optimizing module ishi_vga_tang_top.

5.25.16. Finished fast OPT passes. (There is nothing left to do.)

5.26. Executing MEMORY pass.

5.26.1. Executing OPT_MEM pass (optimize memories).
Performed a total of 0 transformations.

5.26.2. Executing OPT_MEM_PRIORITY pass (removing unnecessary memory write priority relations).
Performed a total of 0 transformations.

5.26.3. Executing OPT_MEM_FEEDBACK pass (finding memory read-to-write feedback paths).

5.26.4. Executing MEMORY_BMUX2ROM pass (converting muxes to ROMs).

5.26.5. Executing MEMORY_DFF pass (merging $dff cells to $memrd).

5.26.6. Executing OPT_CLEAN pass (remove unused cells and wires).
Finding unused cells or wires in module \ishi_vga_tang_top..

5.26.7. Executing MEMORY_SHARE pass (consolidating $memrd/$memwr cells).

5.26.8. Executing OPT_MEM_WIDEN pass (optimize memories where all ports are wide).
Performed a total of 0 transformations.

5.26.9. Executing OPT_CLEAN pass (remove unused cells and wires).
Finding unused cells or wires in module \ishi_vga_tang_top..

5.26.10. Executing MEMORY_COLLECT pass (generating $mem cells).

5.27. Executing OPT_CLEAN pass (remove unused cells and wires).
Finding unused cells or wires in module \ishi_vga_tang_top..

5.28. Executing MEMORY_LIBMAP pass (mapping memories to cells).

5.29. Executing TECHMAP pass (map to technology primitives).

5.29.1. Executing Verilog-2005 frontend: /home/ishi-kai/ishi-vga/build/fpga_tools/oss-cad-suite/lib/../share/yosys/gowin/lutrams_map.v
Parsing Verilog input from `/home/ishi-kai/ishi-vga/build/fpga_tools/oss-cad-suite/lib/../share/yosys/gowin/lutrams_map.v' to AST representation.
Generating RTLIL representation for module `$__GOWIN_LUTRAM_'.
Successfully finished Verilog frontend.

5.29.2. Executing Verilog-2005 frontend: /home/ishi-kai/ishi-vga/build/fpga_tools/oss-cad-suite/lib/../share/yosys/gowin/brams_map.v
Parsing Verilog input from `/home/ishi-kai/ishi-vga/build/fpga_tools/oss-cad-suite/lib/../share/yosys/gowin/brams_map.v' to AST representation.
Generating RTLIL representation for module `$__GOWIN_SP_'.
Generating RTLIL representation for module `$__GOWIN_DP_'.
Generating RTLIL representation for module `$__GOWIN_SDP_'.
Successfully finished Verilog frontend.

5.29.3. Continuing TECHMAP pass.
No more expansions possible.
<suppressed ~6 debug messages>

5.30. Executing OPT pass (performing simple optimizations).

5.30.1. Executing OPT_EXPR pass (perform const folding).
Optimizing module ishi_vga_tang_top.
<suppressed ~14 debug messages>

5.30.2. Executing OPT_MERGE pass (detect identical cells).
Finding identical cells in module `\ishi_vga_tang_top'.
Computing hashes of 340 cells of `\ishi_vga_tang_top'.
Finding duplicate cells in `\ishi_vga_tang_top'.
Computing hashes of 301 cells of `\ishi_vga_tang_top'.
Finding duplicate cells in `\ishi_vga_tang_top'.
<suppressed ~117 debug messages>
Removed a total of 39 cells.

5.30.3. Executing OPT_DFF pass (perform DFF optimizations).

5.30.4. Executing OPT_CLEAN pass (remove unused cells and wires).
Finding unused cells or wires in module \ishi_vga_tang_top..
Removed 2 unused cells and 49 unused wires.
<suppressed ~3 debug messages>

5.30.5. Finished fast OPT passes.

5.31. Executing MEMORY_MAP pass (converting memories to logic and flip-flops).

5.32. Executing OPT pass (performing simple optimizations).

5.32.1. Executing OPT_EXPR pass (perform const folding).
Optimizing module ishi_vga_tang_top.

5.32.2. Executing OPT_MERGE pass (detect identical cells).
Finding identical cells in module `\ishi_vga_tang_top'.
Computing hashes of 299 cells of `\ishi_vga_tang_top'.
Finding duplicate cells in `\ishi_vga_tang_top'.
Removed a total of 0 cells.

5.32.3. Executing OPT_MUXTREE pass (detect dead branches in mux trees).
Running muxtree optimizer on module \ishi_vga_tang_top..
  Creating internal representation of mux trees.
  Evaluating internal representation of mux trees.
  Analyzing evaluation results.
Removed 0 multiplexer ports.
<suppressed ~5 debug messages>

5.32.4. Executing OPT_REDUCE pass (consolidate $*mux and $reduce_* inputs).
  Optimizing cells in module \ishi_vga_tang_top.
    Consolidated identical input bits for $mux cell $flatten\u_core.\u_logo.$ternary$experiments/a_letter_scan_eco/ishi_logo.v:14$372:
      Old ports: A=3'000, B=3'101, Y=$flatten\u_core.\u_logo.$ternary$experiments/a_letter_scan_eco/ishi_logo.v:14$372_Y
      New ports: A=1'0, B=1'1, Y=$flatten\u_core.\u_logo.$ternary$experiments/a_letter_scan_eco/ishi_logo.v:14$372_Y [0]
      New connections: $flatten\u_core.\u_logo.$ternary$experiments/a_letter_scan_eco/ishi_logo.v:14$372_Y [2:1] = { $flatten\u_core.\u_logo.$ternary$experiments/a_letter_scan_eco/ishi_logo.v:14$372_Y [0] 1'0 }
  Optimizing cells in module \ishi_vga_tang_top.
    Consolidated identical input bits for $mux cell $flatten\u_core.\u_logo.$ternary$experiments/a_letter_scan_eco/ishi_logo.v:14$373:
      Old ports: A=$flatten\u_core.\u_logo.$ternary$experiments/a_letter_scan_eco/ishi_logo.v:14$372_Y, B=3'001, Y=$flatten\u_core.\u_logo.$ternary$experiments/a_letter_scan_eco/ishi_logo.v:14$373_Y
      New ports: A={ $flatten\u_core.\u_logo.$ternary$experiments/a_letter_scan_eco/ishi_logo.v:14$372_Y [0] $flatten\u_core.\u_logo.$ternary$experiments/a_letter_scan_eco/ishi_logo.v:14$372_Y [0] }, B=2'01, Y={ $flatten\u_core.\u_logo.$ternary$experiments/a_letter_scan_eco/ishi_logo.v:14$373_Y [2] $flatten\u_core.\u_logo.$ternary$experiments/a_letter_scan_eco/ishi_logo.v:14$373_Y [0] }
      New connections: $flatten\u_core.\u_logo.$ternary$experiments/a_letter_scan_eco/ishi_logo.v:14$373_Y [1] = 1'0
  Optimizing cells in module \ishi_vga_tang_top.
Performed a total of 2 changes.

5.32.5. Executing OPT_MERGE pass (detect identical cells).
Finding identical cells in module `\ishi_vga_tang_top'.
Computing hashes of 299 cells of `\ishi_vga_tang_top'.
Finding duplicate cells in `\ishi_vga_tang_top'.
Removed a total of 0 cells.

5.32.6. Executing OPT_DFF pass (perform DFF optimizations).

5.32.7. Executing OPT_CLEAN pass (remove unused cells and wires).
Finding unused cells or wires in module \ishi_vga_tang_top..

5.32.8. Executing OPT_EXPR pass (perform const folding).
Optimizing module ishi_vga_tang_top.

5.32.9. Rerunning OPT passes. (Maybe there is more to do..)

5.32.10. Executing OPT_MUXTREE pass (detect dead branches in mux trees).
Running muxtree optimizer on module \ishi_vga_tang_top..
  Creating internal representation of mux trees.
  Evaluating internal representation of mux trees.
  Analyzing evaluation results.
Removed 0 multiplexer ports.
<suppressed ~5 debug messages>

5.32.11. Executing OPT_REDUCE pass (consolidate $*mux and $reduce_* inputs).
  Optimizing cells in module \ishi_vga_tang_top.
Performed a total of 0 changes.

5.32.12. Executing OPT_MERGE pass (detect identical cells).
Finding identical cells in module `\ishi_vga_tang_top'.
Computing hashes of 299 cells of `\ishi_vga_tang_top'.
Finding duplicate cells in `\ishi_vga_tang_top'.
Removed a total of 0 cells.

5.32.13. Executing OPT_DFF pass (perform DFF optimizations).

5.32.14. Executing OPT_CLEAN pass (remove unused cells and wires).
Finding unused cells or wires in module \ishi_vga_tang_top..

5.32.15. Executing OPT_EXPR pass (perform const folding).
Optimizing module ishi_vga_tang_top.

5.32.16. Finished fast OPT passes. (There is nothing left to do.)

5.33. Executing TECHMAP pass (map to technology primitives).

5.33.1. Executing Verilog-2005 frontend: /home/ishi-kai/ishi-vga/build/fpga_tools/oss-cad-suite/lib/../share/yosys/techmap.v
Parsing Verilog input from `/home/ishi-kai/ishi-vga/build/fpga_tools/oss-cad-suite/lib/../share/yosys/techmap.v' to AST representation.
Generating RTLIL representation for module `\_90_simplemap_bool_ops'.
Generating RTLIL representation for module `\_90_simplemap_reduce_ops'.
Generating RTLIL representation for module `\_90_simplemap_logic_ops'.
Generating RTLIL representation for module `\_90_simplemap_compare_ops'.
Generating RTLIL representation for module `\_90_simplemap_various'.
Generating RTLIL representation for module `\_90_simplemap_registers'.
Generating RTLIL representation for module `\_90_shift_ops_shr_shl_sshl_sshr'.
Generating RTLIL representation for module `\_90_shift_shiftx'.
Generating RTLIL representation for module `\_90_fa'.
Generating RTLIL representation for module `\_90_lcu_brent_kung'.
Generating RTLIL representation for module `\_90_alu'.
Generating RTLIL representation for module `\_90_macc'.
Generating RTLIL representation for module `\_90_alumacc'.
Generating RTLIL representation for module `$__div_mod_u'.
Generating RTLIL representation for module `$__div_mod_trunc'.
Generating RTLIL representation for module `\_90_div'.
Generating RTLIL representation for module `\_90_mod'.
Generating RTLIL representation for module `$__div_mod_floor'.
Generating RTLIL representation for module `\_90_divfloor'.
Generating RTLIL representation for module `\_90_modfloor'.
Generating RTLIL representation for module `\_90_pow'.
Generating RTLIL representation for module `\_90_demux'.
Generating RTLIL representation for module `\_90_lut'.
Generating RTLIL representation for module `$connect'.
Generating RTLIL representation for module `$input_port'.
Successfully finished Verilog frontend.

5.33.2. Executing Verilog-2005 frontend: /home/ishi-kai/ishi-vga/build/fpga_tools/oss-cad-suite/lib/../share/yosys/gowin/arith_map.v
Parsing Verilog input from `/home/ishi-kai/ishi-vga/build/fpga_tools/oss-cad-suite/lib/../share/yosys/gowin/arith_map.v' to AST representation.
Generating RTLIL representation for module `\_80_gw1n_alu'.
Successfully finished Verilog frontend.

5.33.3. Continuing TECHMAP pass.
Using extmapper simplemap for cells of type $not.
Using template $paramod$32a7b7b86c07519b7537abc18e96f0331f97914d\_80_gw1n_alu for cells of type $alu.
Using template $paramod$3ef7d3dd227da7627a99c5e5a6a4deb817573e39\_80_gw1n_alu for cells of type $alu.
Using template $paramod$10ed987432f06055e5279101f9ec60a49861b43c\_80_gw1n_alu for cells of type $alu.
Using template $paramod$754650b284649a026620fc6856e5b6886cbfe794\_80_gw1n_alu for cells of type $alu.
Using extmapper simplemap for cells of type $reduce_or.
Using extmapper simplemap for cells of type $or.
Using extmapper simplemap for cells of type $reduce_and.
Using template $paramod$00298f3f8094950cb9a5ff2fda48d0d8bde8806c\_80_gw1n_alu for cells of type $alu.
Using template $paramod$d2fa05d38998afabc6d4f34471305d0af4b8b2df\_80_gw1n_alu for cells of type $alu.
Using template $paramod$b18e16801adf491a64caa0542270798e5d4ac6b6\_80_gw1n_alu for cells of type $alu.
Using template $paramod$78e969f2586efcf3a5b0b0440bcca0db83d5cca2\_80_gw1n_alu for cells of type $alu.
Using template $paramod$5042debdcb1fbd120a67f55dfe5b3afe2a9f08e5\_80_gw1n_alu for cells of type $alu.
Using template $paramod$ed40eaed6d7865a5f6e873e7da3aa6067d71cfbb\_80_gw1n_alu for cells of type $alu.
Using template $paramod$a40b3a69ab2154dca9743e30e1e84efb03b892b4\_80_gw1n_alu for cells of type $alu.
Using template $paramod$d597a1d02e4b78ac244cbe0a6bc64f098a6f19e7\_80_gw1n_alu for cells of type $alu.
Using template $paramod$5ccf584370207a3ccc3032757a8e590623d4de56\_80_gw1n_alu for cells of type $alu.
Using template $paramod$dc04b7d98e503a7bab16fce2df70e6e2c5ca34d6\_80_gw1n_alu for cells of type $alu.
Using template $paramod$403e3b916c6203cefc86d5db164f41811de6a0e8\_80_gw1n_alu for cells of type $alu.
Using extmapper simplemap for cells of type $sdff.
Using extmapper simplemap for cells of type $sdffce.
Using extmapper simplemap for cells of type $dffe.
Using extmapper simplemap for cells of type $mux.
Using extmapper simplemap for cells of type $and.
Using extmapper simplemap for cells of type $logic_and.
Using extmapper simplemap for cells of type $eq.
Using extmapper simplemap for cells of type $logic_or.
Using extmapper simplemap for cells of type $dff.
Using extmapper simplemap for cells of type $logic_not.
Using extmapper simplemap for cells of type $pos.
Using extmapper simplemap for cells of type $xor.
No more expansions possible.
<suppressed ~831 debug messages>

5.34. Executing OPT pass (performing simple optimizations).

5.34.1. Executing OPT_EXPR pass (perform const folding).
Optimizing module ishi_vga_tang_top.
<suppressed ~457 debug messages>

5.34.2. Executing OPT_MERGE pass (detect identical cells).
Finding identical cells in module `\ishi_vga_tang_top'.
Computing hashes of 636 cells of `\ishi_vga_tang_top'.
Finding duplicate cells in `\ishi_vga_tang_top'.
Computing hashes of 512 cells of `\ishi_vga_tang_top'.
Finding duplicate cells in `\ishi_vga_tang_top'.
Computing hashes of 507 cells of `\ishi_vga_tang_top'.
Finding duplicate cells in `\ishi_vga_tang_top'.
<suppressed ~387 debug messages>
Removed a total of 129 cells.

5.34.3. Executing OPT_DFF pass (perform DFF optimizations).

5.34.4. Executing OPT_CLEAN pass (remove unused cells and wires).
Finding unused cells or wires in module \ishi_vga_tang_top..
Removed 2 unused cells and 651 unused wires.
<suppressed ~3 debug messages>

5.34.5. Finished fast OPT passes.

5.35. Executing IOPADMAP pass (mapping inputs/outputs to IO-PAD cells).
Mapping port ishi_vga_tang_top.clk_315_mon using OBUF.
Mapping port ishi_vga_tang_top.pll_lock_mon using OBUF.
Mapping port ishi_vga_tang_top.vsync using OBUF.
Mapping port ishi_vga_tang_top.hsync using OBUF.
Mapping port ishi_vga_tang_top.b using OBUF.
Mapping port ishi_vga_tang_top.g using OBUF.
Mapping port ishi_vga_tang_top.r using OBUF.
Mapping port ishi_vga_tang_top.clk_27m using IBUF.

5.36. Executing OPT_CLEAN pass (remove unused cells and wires).
Finding unused cells or wires in module \ishi_vga_tang_top..
Removed 0 unused cells and 8 unused wires.
<suppressed ~1 debug messages>

5.37. Executing DFFLEGALIZE pass (convert FFs and LATCHes to types supported by the target).

5.38. Executing TECHMAP pass (map to technology primitives).

5.38.1. Executing Verilog-2005 frontend: /home/ishi-kai/ishi-vga/build/fpga_tools/oss-cad-suite/lib/../share/yosys/gowin/cells_map.v
Parsing Verilog input from `/home/ishi-kai/ishi-vga/build/fpga_tools/oss-cad-suite/lib/../share/yosys/gowin/cells_map.v' to AST representation.
Generating RTLIL representation for module `$_DFF_N_'.
Generating RTLIL representation for module `$_DFF_P_'.
Generating RTLIL representation for module `$_DFFE_PP_'.
Generating RTLIL representation for module `$_DFFE_NP_'.
Generating RTLIL representation for module `$_SDFF_PP0_'.
Generating RTLIL representation for module `$_SDFF_NP0_'.
Generating RTLIL representation for module `$_SDFFE_PP0P_'.
Generating RTLIL representation for module `$_SDFFE_NP0P_'.
Generating RTLIL representation for module `$_SDFF_PP1_'.
Generating RTLIL representation for module `$_SDFF_NP1_'.
Generating RTLIL representation for module `$_SDFFE_PP1P_'.
Generating RTLIL representation for module `$_SDFFE_NP1P_'.
Generating RTLIL representation for module `$_DFF_PP1_'.
Generating RTLIL representation for module `$_DFF_NP1_'.
Generating RTLIL representation for module `$_DFF_PP0_'.
Generating RTLIL representation for module `$_DFF_NP0_'.
Generating RTLIL representation for module `$_DFFE_PP1P_'.
Generating RTLIL representation for module `$_DFFE_NP1P_'.
Generating RTLIL representation for module `$_DFFE_PP0P_'.
Generating RTLIL representation for module `$_DFFE_NP0P_'.
Generating RTLIL representation for module `$lut'.
Successfully finished Verilog frontend.

5.38.2. Continuing TECHMAP pass.
Using template $_DFF_P_ for cells of type $_DFF_P_.
Using template $_DFFE_PP_ for cells of type $_DFFE_PP_.
Using template $_SDFFE_PP0P_ for cells of type $_SDFFE_PP0P_.
Using template $_SDFFE_PP1P_ for cells of type $_SDFFE_PP1P_.
Using template $_SDFF_PP1_ for cells of type $_SDFF_PP1_.
Using template $_SDFF_PP0_ for cells of type $_SDFF_PP0_.
No more expansions possible.
<suppressed ~52 debug messages>

5.39. Executing TECHMAP pass (map to technology primitives).

5.39.1. Executing Verilog-2005 frontend: /home/ishi-kai/ishi-vga/build/fpga_tools/oss-cad-suite/lib/../share/yosys/gowin/cells_latch.v
Parsing Verilog input from `/home/ishi-kai/ishi-vga/build/fpga_tools/oss-cad-suite/lib/../share/yosys/gowin/cells_latch.v' to AST representation.
Generating RTLIL representation for module `$_DLATCH_P_'.
Generating RTLIL representation for module `$_DLATCH_N_'.
Generating RTLIL representation for module `$_DLATCH_PP0_'.
Generating RTLIL representation for module `$_DLATCH_NP0_'.
Generating RTLIL representation for module `$_DLATCH_PP1_'.
Generating RTLIL representation for module `$_DLATCH_NP1_'.
Successfully finished Verilog frontend.

5.39.2. Continuing TECHMAP pass.
No more expansions possible.
<suppressed ~8 debug messages>

5.40. Executing OPT_EXPR pass (perform const folding).
Optimizing module ishi_vga_tang_top.

5.41. Executing SIMPLEMAP pass (map simple cells to gate primitives).

5.42. Executing SORT pass.

5.43. Executing Verilog-2005 frontend: /home/ishi-kai/ishi-vga/build/fpga_tools/oss-cad-suite/lib/../share/yosys/abc9_model.v
Parsing Verilog input from `/home/ishi-kai/ishi-vga/build/fpga_tools/oss-cad-suite/lib/../share/yosys/abc9_model.v' to AST representation.
Generating RTLIL representation for module `$__ABC9_DELAY'.
Generating RTLIL representation for module `$__ABC9_SCC_BREAKER'.
Generating RTLIL representation for module `$__DFF_N__$abc9_flop'.
Generating RTLIL representation for module `$__DFF_P__$abc9_flop'.
Successfully finished Verilog frontend.

5.44. Executing ABC9 pass.

5.44.1. Executing ABC9_OPS pass (helper functions for ABC9).

5.44.2. Executing ABC9_OPS pass (helper functions for ABC9).

5.44.3. Executing PROC pass (convert processes to netlists).

5.44.3.1. Executing PROC_CLEAN pass (remove empty switches from decision trees).
Found and cleaned up 1 empty switch in `$paramod\ALU\ALU_MODE=s32'00000000000000000000000000000010.$proc$/home/ishi-kai/ishi-vga/build/fpga_tools/oss-cad-suite/lib/../share/yosys/gowin/cells_sim.v:1064$2722'.
Cleaned up 1 empty switch.

5.44.3.2. Executing PROC_RMDEAD pass (remove dead branches from decision trees).
Removed a total of 0 dead cases.

5.44.3.3. Executing PROC_PRUNE pass (remove redundant assignments in processes).
Removed 0 redundant assignments.
Promoted 4 assignments to connections.

5.44.3.4. Executing PROC_INIT pass (extract init attributes).

5.44.3.5. Executing PROC_ARST pass (detect async resets in processes).

5.44.3.6. Executing PROC_ROM pass (convert switches to ROMs).
Converted 0 switches.

5.44.3.7. Executing PROC_MUX pass (convert decision trees to multiplexers).
Creating decoders for process `$paramod\ALU\ALU_MODE=s32'00000000000000000000000000000010.$proc$/home/ishi-kai/ishi-vga/build/fpga_tools/oss-cad-suite/lib/../share/yosys/gowin/cells_sim.v:1064$2722'.

5.44.3.8. Executing PROC_DLATCH pass (convert process syncs to latches).
No latch inferred for signal `$paramod\ALU\ALU_MODE=s32'00000000000000000000000000000010.\C' from process `$paramod\ALU\ALU_MODE=s32'00000000000000000000000000000010.$proc$/home/ishi-kai/ishi-vga/build/fpga_tools/oss-cad-suite/lib/../share/yosys/gowin/cells_sim.v:1064$2722'.
No latch inferred for signal `$paramod\ALU\ALU_MODE=s32'00000000000000000000000000000010.\S' from process `$paramod\ALU\ALU_MODE=s32'00000000000000000000000000000010.$proc$/home/ishi-kai/ishi-vga/build/fpga_tools/oss-cad-suite/lib/../share/yosys/gowin/cells_sim.v:1064$2722'.

5.44.3.9. Executing PROC_DFF pass (convert process syncs to FFs).

5.44.3.10. Executing PROC_MEMWR pass (convert process memory writes to cells).

5.44.3.11. Executing PROC_CLEAN pass (remove empty switches from decision trees).
Removing empty process `$paramod\ALU\ALU_MODE=s32'00000000000000000000000000000010.$proc$/home/ishi-kai/ishi-vga/build/fpga_tools/oss-cad-suite/lib/../share/yosys/gowin/cells_sim.v:1064$2722'.
Cleaned up 0 empty switches.

5.44.4. Executing SCC pass (detecting logic loops).
Found 0 SCCs in module ishi_vga_tang_top.
Found 0 SCCs.

5.44.5. Executing ABC9_OPS pass (helper functions for ABC9).

5.44.6. Executing TECHMAP pass (map to technology primitives).

5.44.6.1. Executing Verilog-2005 frontend: /home/ishi-kai/ishi-vga/build/fpga_tools/oss-cad-suite/lib/../share/yosys/techmap.v
Parsing Verilog input from `/home/ishi-kai/ishi-vga/build/fpga_tools/oss-cad-suite/lib/../share/yosys/techmap.v' to AST representation.
Generating RTLIL representation for module `\_90_simplemap_bool_ops'.
Generating RTLIL representation for module `\_90_simplemap_reduce_ops'.
Generating RTLIL representation for module `\_90_simplemap_logic_ops'.
Generating RTLIL representation for module `\_90_simplemap_compare_ops'.
Generating RTLIL representation for module `\_90_simplemap_various'.
Generating RTLIL representation for module `\_90_simplemap_registers'.
Generating RTLIL representation for module `\_90_shift_ops_shr_shl_sshl_sshr'.
Generating RTLIL representation for module `\_90_shift_shiftx'.
Generating RTLIL representation for module `\_90_fa'.
Generating RTLIL representation for module `\_90_lcu_brent_kung'.
Generating RTLIL representation for module `\_90_alu'.
Generating RTLIL representation for module `\_90_macc'.
Generating RTLIL representation for module `\_90_alumacc'.
Generating RTLIL representation for module `$__div_mod_u'.
Generating RTLIL representation for module `$__div_mod_trunc'.
Generating RTLIL representation for module `\_90_div'.
Generating RTLIL representation for module `\_90_mod'.
Generating RTLIL representation for module `$__div_mod_floor'.
Generating RTLIL representation for module `\_90_divfloor'.
Generating RTLIL representation for module `\_90_modfloor'.
Generating RTLIL representation for module `\_90_pow'.
Generating RTLIL representation for module `\_90_demux'.
Generating RTLIL representation for module `\_90_lut'.
Generating RTLIL representation for module `$connect'.
Generating RTLIL representation for module `$input_port'.
Successfully finished Verilog frontend.

5.44.6.2. Continuing TECHMAP pass.
No more expansions possible.
<suppressed ~230 debug messages>

5.44.7. Executing OPT pass (performing simple optimizations).

5.44.7.1. Executing OPT_EXPR pass (perform const folding).

5.44.7.2. Executing OPT_MERGE pass (detect identical cells).
Removed a total of 0 cells.

5.44.7.3. Executing OPT_MUXTREE pass (detect dead branches in mux trees).
Removed 0 multiplexer ports.

5.44.7.4. Executing OPT_REDUCE pass (consolidate $*mux and $reduce_* inputs).
Performed a total of 0 changes.

5.44.7.5. Executing OPT_MERGE pass (detect identical cells).
Removed a total of 0 cells.

5.44.7.6. Executing OPT_DFF pass (perform DFF optimizations).

5.44.7.7. Executing OPT_CLEAN pass (remove unused cells and wires).

5.44.7.8. Executing OPT_EXPR pass (perform const folding).

5.44.7.9. Finished fast OPT passes. (There is nothing left to do.)

5.44.8. Executing TECHMAP pass (map to technology primitives).

5.44.8.1. Executing Verilog-2005 frontend: /home/ishi-kai/ishi-vga/build/fpga_tools/oss-cad-suite/lib/../share/yosys/abc9_map.v
Parsing Verilog input from `/home/ishi-kai/ishi-vga/build/fpga_tools/oss-cad-suite/lib/../share/yosys/abc9_map.v' to AST representation.
Successfully finished Verilog frontend.

5.44.8.2. Continuing TECHMAP pass.
No more expansions possible.
<suppressed ~2 debug messages>

5.44.9. Executing Verilog-2005 frontend: /home/ishi-kai/ishi-vga/build/fpga_tools/oss-cad-suite/lib/../share/yosys/abc9_model.v
Parsing Verilog input from `/home/ishi-kai/ishi-vga/build/fpga_tools/oss-cad-suite/lib/../share/yosys/abc9_model.v' to AST representation.
Replacing existing blackbox module `$__ABC9_DELAY' at /home/ishi-kai/ishi-vga/build/fpga_tools/oss-cad-suite/lib/../share/yosys/abc9_model.v:2.1-7.10.
Generating RTLIL representation for module `$__ABC9_DELAY'.
Replacing existing blackbox module `$__ABC9_SCC_BREAKER' at /home/ishi-kai/ishi-vga/build/fpga_tools/oss-cad-suite/lib/../share/yosys/abc9_model.v:9.1-11.10.
Generating RTLIL representation for module `$__ABC9_SCC_BREAKER'.
Replacing existing module `$__DFF_N__$abc9_flop' at /home/ishi-kai/ishi-vga/build/fpga_tools/oss-cad-suite/lib/../share/yosys/abc9_model.v:14.1-20.10.
Generating RTLIL representation for module `$__DFF_N__$abc9_flop'.
Replacing existing module `$__DFF_P__$abc9_flop' at /home/ishi-kai/ishi-vga/build/fpga_tools/oss-cad-suite/lib/../share/yosys/abc9_model.v:23.1-29.10.
Generating RTLIL representation for module `$__DFF_P__$abc9_flop'.
Successfully finished Verilog frontend.

5.44.10. Executing ABC9_OPS pass (helper functions for ABC9).
<suppressed ~65 debug messages>

5.44.11. Executing ABC9_OPS pass (helper functions for ABC9).

5.44.12. Executing ABC9_OPS pass (helper functions for ABC9).
<suppressed ~2 debug messages>

5.44.13. Executing TECHMAP pass (map to technology primitives).

5.44.13.1. Executing Verilog-2005 frontend: /home/ishi-kai/ishi-vga/build/fpga_tools/oss-cad-suite/lib/../share/yosys/techmap.v
Parsing Verilog input from `/home/ishi-kai/ishi-vga/build/fpga_tools/oss-cad-suite/lib/../share/yosys/techmap.v' to AST representation.
Generating RTLIL representation for module `\_90_simplemap_bool_ops'.
Generating RTLIL representation for module `\_90_simplemap_reduce_ops'.
Generating RTLIL representation for module `\_90_simplemap_logic_ops'.
Generating RTLIL representation for module `\_90_simplemap_compare_ops'.
Generating RTLIL representation for module `\_90_simplemap_various'.
Generating RTLIL representation for module `\_90_simplemap_registers'.
Generating RTLIL representation for module `\_90_shift_ops_shr_shl_sshl_sshr'.
Generating RTLIL representation for module `\_90_shift_shiftx'.
Generating RTLIL representation for module `\_90_fa'.
Generating RTLIL representation for module `\_90_lcu_brent_kung'.
Generating RTLIL representation for module `\_90_alu'.
Generating RTLIL representation for module `\_90_macc'.
Generating RTLIL representation for module `\_90_alumacc'.
Generating RTLIL representation for module `$__div_mod_u'.
Generating RTLIL representation for module `$__div_mod_trunc'.
Generating RTLIL representation for module `\_90_div'.
Generating RTLIL representation for module `\_90_mod'.
Generating RTLIL representation for module `$__div_mod_floor'.
Generating RTLIL representation for module `\_90_divfloor'.
Generating RTLIL representation for module `\_90_modfloor'.
Generating RTLIL representation for module `\_90_pow'.
Generating RTLIL representation for module `\_90_demux'.
Generating RTLIL representation for module `\_90_lut'.
Generating RTLIL representation for module `$connect'.
Generating RTLIL representation for module `$input_port'.
Successfully finished Verilog frontend.

5.44.13.2. Continuing TECHMAP pass.
Using template $paramod\ALU\ALU_MODE=s32'00000000000000000000000000000010 for cells of type $paramod\ALU\ALU_MODE=s32'00000000000000000000000000000010.
Using extmapper simplemap for cells of type $xor.
Using extmapper simplemap for cells of type $mux.
Using extmapper simplemap for cells of type $not.
No more expansions possible.
<suppressed ~239 debug messages>

5.44.14. Executing OPT pass (performing simple optimizations).

5.44.14.1. Executing OPT_EXPR pass (perform const folding).
Optimizing module ishi_vga_tang_top.

5.44.14.2. Executing OPT_MERGE pass (detect identical cells).
Finding identical cells in module `\ishi_vga_tang_top'.
Computing hashes of 14 cells of `\ishi_vga_tang_top'.
Finding duplicate cells in `\ishi_vga_tang_top'.
Removed a total of 0 cells.

5.44.14.3. Executing OPT_MUXTREE pass (detect dead branches in mux trees).
Running muxtree optimizer on module \ishi_vga_tang_top..
  Creating internal representation of mux trees.
  No muxes found in this module.
Removed 0 multiplexer ports.

5.44.14.4. Executing OPT_REDUCE pass (consolidate $*mux and $reduce_* inputs).
  Optimizing cells in module \ishi_vga_tang_top.
Performed a total of 0 changes.

5.44.14.5. Executing OPT_MERGE pass (detect identical cells).
Finding identical cells in module `\ishi_vga_tang_top'.
Computing hashes of 14 cells of `\ishi_vga_tang_top'.
Finding duplicate cells in `\ishi_vga_tang_top'.
Removed a total of 0 cells.

5.44.14.6. Executing OPT_DFF pass (perform DFF optimizations).

5.44.14.7. Executing OPT_CLEAN pass (remove unused cells and wires).
Finding unused cells or wires in module \ishi_vga_tang_top..
Removed 0 unused cells and 16 unused wires.
<suppressed ~1 debug messages>

5.44.14.8. Executing OPT_EXPR pass (perform const folding).
Optimizing module ishi_vga_tang_top.

5.44.14.9. Rerunning OPT passes. (Maybe there is more to do..)

5.44.14.10. Executing OPT_MUXTREE pass (detect dead branches in mux trees).
Running muxtree optimizer on module \ishi_vga_tang_top..
  Creating internal representation of mux trees.
  No muxes found in this module.
Removed 0 multiplexer ports.

5.44.14.11. Executing OPT_REDUCE pass (consolidate $*mux and $reduce_* inputs).
  Optimizing cells in module \ishi_vga_tang_top.
Performed a total of 0 changes.

5.44.14.12. Executing OPT_MERGE pass (detect identical cells).
Finding identical cells in module `\ishi_vga_tang_top'.
Computing hashes of 14 cells of `\ishi_vga_tang_top'.
Finding duplicate cells in `\ishi_vga_tang_top'.
Removed a total of 0 cells.

5.44.14.13. Executing OPT_DFF pass (perform DFF optimizations).

5.44.14.14. Executing OPT_CLEAN pass (remove unused cells and wires).
Finding unused cells or wires in module \ishi_vga_tang_top..

5.44.14.15. Executing OPT_EXPR pass (perform const folding).
Optimizing module ishi_vga_tang_top.

5.44.14.16. Finished fast OPT passes. (There is nothing left to do.)

5.44.15. Executing AIGMAP pass (map logic to AIG).
Module ishi_vga_tang_top: replaced 96 cells with 411 new cells, skipped 490 cells.
  replaced 3 cell types:
       7 $_MUX_
      87 $_OR_
       2 $_XOR_
  not replaced 15 cell types:
     211 $_AND_
      55 $_NOT_
       3 $scopeinfo
       5 DFF
       1 IBUF
       1 rPLL
       7 DFFE
       4 DFFS
       6 DFFSE
       3 DFFR
       4 DFFRE
       7 OBUF
     120 $paramod\ALU\ALU_MODE=s32'00000000000000000000000000000010
      29 $paramod$__ABC9_DELAY\DELAY=32'00000000000000000000001001000000
      34 $paramod$__ABC9_DELAY\DELAY=32'00000000000000000000000000111111

5.44.15.1. Executing ABC9_OPS pass (helper functions for ABC9).

5.44.15.2. Executing ABC9_OPS pass (helper functions for ABC9).
Warning: Feature 'write_xaiger2' is experimental.

5.44.15.3. Executing XAIGER2 backend.
<suppressed ~452 debug messages>
Extracted 659 AND gates and 0 wires from module `ishi_vga_tang_top' to a netlist network with 344 inputs and 651 outputs.

5.44.15.4. Executing ABC9_EXE pass (technology mapping using ABC9).

5.44.15.5. Executing ABC9.
Running ABC command: "<yosys-exe-dir>/yosys-abc" -s -f <abc-temp-dir>/abc.script 2>&1
ABC: ======== ABC command line "source <abc-temp-dir>/abc.script"
ABC: + read_lut <abc-temp-dir>/input.lut 
ABC: + read_box <abc-temp-dir>/input.box 
ABC: + &read <abc-temp-dir>/input.xaig 
ABC: + &ps 
ABC: <abc-temp-dir>/input : i/o =     41/    108  and =     292  lev =   42 (0.43)  mem = 0.02 MB  box = 183  bb = 63
ABC: + &scorr 
ABC: Warning: The network is combinational.
ABC: + &sweep 
ABC: + &dc2 
ABC: + &dch -f -r 
ABC: + &ps 
ABC: <abc-temp-dir>/input : i/o =     41/    108  and =     232  lev =   14 (0.35)  mem = 0.02 MB  ch =   28  box = 145  bb = 63
ABC: cst =       0  cls =     26  lit =      28  unused =     446  proof =     0
ABC: + &if -W 500 -v 
ABC: K = 8. Memory (bytes): Truth =    0. Cut =   80. Obj =  160. Set =  816. CutMin = no
ABC: Node =     232.  Ch =    26.  Total mem =    0.17 MB. Peak cut mem =    0.03 MB.
ABC: P:  Del = 6180.00.  Ar =     173.0.  Edge =      155.  Cut =     2481.  T =     0.00 sec
ABC: P:  Del = 6180.00.  Ar =     193.0.  Edge =      164.  Cut =     2492.  T =     0.00 sec
ABC: P:  Del = 6180.00.  Ar =     135.0.  Edge =      137.  Cut =     4489.  T =     0.00 sec
ABC: F:  Del = 6166.00.  Ar =     118.0.  Edge =      141.  Cut =     3647.  T =     0.00 sec
ABC: A:  Del = 6166.00.  Ar =     117.0.  Edge =      135.  Cut =     3596.  T =     0.00 sec
ABC: A:  Del = 6166.00.  Ar =     113.0.  Edge =      134.  Cut =     3604.  T =     0.00 sec
ABC: Total time =     0.00 sec
ABC: + &write -n <abc-temp-dir>/output.aig 
ABC: + &mfs 
ABC: + &ps -l 
ABC: <abc-temp-dir>/input : i/o =     41/    108  and =     200  lev =   17 (0.47)  mem = 0.01 MB  box = 140  bb = 63
ABC: Mapping (K=8)  :  lut =     25  edge =     120  lev =    4 (0.21)  levB =   11  mem = 0.00 MB
ABC: LUT = 25 : 2=5 20.0 %  3=1 4.0 %  4=5 20.0 %  5=5 20.0 %  6=4 16.0 %  7=2 8.0 %  8=3 12.0 %  Ave = 4.80
ABC: + &write -n <abc-temp-dir>/output.aig 
ABC: + &verify 
ABC: Networks are equivalent.  Time =     0.01 sec
ABC: + time 
ABC: elapse: 0.02 seconds, total: 0.02 seconds

5.44.15.6. Executing AIGER frontend.
<suppressed ~10 debug messages>
Removed 293 unused cells and 986 unused wires.

5.44.15.7. Executing ABC_OPS_REINTEGRATE pass (reintegrate ABC mapped design into module).
ABC RESULTS:              $lut cells:       29
ABC RESULTS:   $paramod\ALU\ALU_MODE=s32'00000000000000000000000000000010 cells:       77
ABC RESULTS:           input signals:       13
ABC RESULTS:          output signals:        7
<suppressed ~341 debug messages>
Removing temp directory.

5.44.16. Executing TECHMAP pass (map to technology primitives).

5.44.16.1. Executing Verilog-2005 frontend: /home/ishi-kai/ishi-vga/build/fpga_tools/oss-cad-suite/lib/../share/yosys/abc9_unmap.v
Parsing Verilog input from `/home/ishi-kai/ishi-vga/build/fpga_tools/oss-cad-suite/lib/../share/yosys/abc9_unmap.v' to AST representation.
Generating RTLIL representation for module `$__DFF_x__$abc9_flop'.
Generating RTLIL representation for module `$__ABC9_SCC_BREAKER'.
Successfully finished Verilog frontend.

5.44.16.2. Continuing TECHMAP pass.
Using template $paramod\ALU\ALU_MODE=s32'00000000000000000000000000000010 for cells of type $paramod\ALU\ALU_MODE=s32'00000000000000000000000000000010.
No more expansions possible.
<suppressed ~83 debug messages>
Removed 5 unused cells and 948 unused wires.

5.45. Executing TECHMAP pass (map to technology primitives).

5.45.1. Executing Verilog-2005 frontend: /home/ishi-kai/ishi-vga/build/fpga_tools/oss-cad-suite/lib/../share/yosys/gowin/cells_map.v
Parsing Verilog input from `/home/ishi-kai/ishi-vga/build/fpga_tools/oss-cad-suite/lib/../share/yosys/gowin/cells_map.v' to AST representation.
Generating RTLIL representation for module `$_DFF_N_'.
Generating RTLIL representation for module `$_DFF_P_'.
Generating RTLIL representation for module `$_DFFE_PP_'.
Generating RTLIL representation for module `$_DFFE_NP_'.
Generating RTLIL representation for module `$_SDFF_PP0_'.
Generating RTLIL representation for module `$_SDFF_NP0_'.
Generating RTLIL representation for module `$_SDFFE_PP0P_'.
Generating RTLIL representation for module `$_SDFFE_NP0P_'.
Generating RTLIL representation for module `$_SDFF_PP1_'.
Generating RTLIL representation for module `$_SDFF_NP1_'.
Generating RTLIL representation for module `$_SDFFE_PP1P_'.
Generating RTLIL representation for module `$_SDFFE_NP1P_'.
Generating RTLIL representation for module `$_DFF_PP1_'.
Generating RTLIL representation for module `$_DFF_NP1_'.
Generating RTLIL representation for module `$_DFF_PP0_'.
Generating RTLIL representation for module `$_DFF_NP0_'.
Generating RTLIL representation for module `$_DFFE_PP1P_'.
Generating RTLIL representation for module `$_DFFE_NP1P_'.
Generating RTLIL representation for module `$_DFFE_PP0P_'.
Generating RTLIL representation for module `$_DFFE_NP0P_'.
Generating RTLIL representation for module `$lut'.
Successfully finished Verilog frontend.

5.45.2. Continuing TECHMAP pass.
Using template $paramod$c165e8cd9e838f85bb59fa87e4edab331d879528$lut for cells of type $lut.
Using template $paramod$lut\WIDTH=32'00000000000000000000000000000010\LUT=4'0010 for cells of type $lut.
Using template $paramod$2234fdb2ac6f962d1d3c58551e81c88a067bf6cb$lut for cells of type $lut.
Using template $paramod$7fd6b83cb740d5b1418573ac55cff8549f09facf$lut for cells of type $lut.
Using template $paramod$lut\WIDTH=32'00000000000000000000000000000010\LUT=4'1000 for cells of type $lut.
Using template $paramod$de5074a80e0a92a065a2ccd0d26c618282111f8c$lut for cells of type $lut.
Using template $paramod$0dcf501088307715c05c7adfee85129058e5df39$lut for cells of type $lut.
Using template $paramod$f3e32c0da5a5ec27f088c3d31a6029c03bdf1b61$lut for cells of type $lut.
Using template $paramod$93d80e92f359180d6cca439a9391f3d68cb31335$lut for cells of type $lut.
Using template $paramod$daa416e048ebbd6eb9d50ce6da3ceb8f9e0ebbff$lut for cells of type $lut.
Using template $paramod$a743caf801766df40bcc22d49baa12a0bdc2f7fe$lut for cells of type $lut.
Using template $paramod$c28a8b7ce0535d090c4cfb52e9c74affd52b110c$lut for cells of type $lut.
Using template $paramod$b21ccdab9f99700c2dc6848041e05ef1ab8009b8$lut for cells of type $lut.
Using template $paramod$a3b6feb0ba7f68e208aec658f5b378feeb17d84d$lut for cells of type $lut.
Using template $paramod$lut\WIDTH=32'00000000000000000000000000000011\LUT=8'11110010 for cells of type $lut.
Using template $paramod$50f144346eac814477fcde9b00d34fef767e1458$lut for cells of type $lut.
Using template $paramod$lut\WIDTH=32'00000000000000000000000000000010\LUT=4'1011 for cells of type $lut.
Using template $paramod$lut\WIDTH=32'00000000000000000000000000000001\LUT=2'01 for cells of type $lut.
Using template $paramod$272652f6c6fbe9a75eff76e45cc7e2788835518b$lut for cells of type $lut.
Using template $paramod$658b9ed803f0d3d335616d3858b53e0a2522f1e8$lut for cells of type $lut.
Using template $paramod$9bdc414229f06e785dc8fd97a243faa9336e164a$lut for cells of type $lut.
Using template $paramod$251994398653c4cf8de320f1e306e535d5d2d624$lut for cells of type $lut.
Using template $paramod$9664483609d9e726df9697364de1aad825ad3979$lut for cells of type $lut.
Using template $paramod$86e4ac392b89fc0cba75f5d7a03d15d56a120fdd$lut for cells of type $lut.
Using template $paramod$f7232c4cf3eb2817fdfd87e476a1a9b3de3761d4$lut for cells of type $lut.
Using template $paramod$fe2ccc9771c7f3621af3392ea69c0322e13310d4$lut for cells of type $lut.
Using template $paramod$e6197a5e543ebf944598378b59598d3f9f1b57f8$lut for cells of type $lut.
Using template $paramod$0c139881d3db5b833d6dc49ac441c8f621383393$lut for cells of type $lut.
Using template $paramod$34e531dc93cdec6b88bf30bc052a85f014ce6b53$lut for cells of type $lut.
Using template $paramod$87ebec334478dec0844d14a939764196d75b233e$lut for cells of type $lut.
Using template $paramod$2bd023b59c054dac2b95ce3901071b3cb7f25df4$lut for cells of type $lut.
Using template $paramod$0a384fcfd63a38407d465dea61faa7af7b050663$lut for cells of type $lut.
Using template $paramod$692927e279b3d5c42ee4aacb287247c0b34943ed$lut for cells of type $lut.
Using template $paramod$49ef71a1361a42edc12a2265b30dd2e64cf1cc1b$lut for cells of type $lut.
Using template $paramod$10f9ec10907e3614f4091bb6c69006195a5f5733$lut for cells of type $lut.
Using template $paramod$f8ef4fbeb1e8e5d5b460d5f5a72d557d3844a5be$lut for cells of type $lut.
Using template $paramod$bf0d0292861bdee659ef5cbc5e58b330ac5871f9$lut for cells of type $lut.
Using template $paramod$fab2bfc5d407bfaa0ca609816c0436265e207b67$lut for cells of type $lut.
Using template $paramod$f220063cf2475abf1bb6c07b61f35b54c110ec89$lut for cells of type $lut.
Using template $paramod$8a7fded9bcd25f6b284701e0ddd33f1848d8d550$lut for cells of type $lut.
Using template $paramod$024acc877a0a4e1d4160da6934859e378fb0d2d3$lut for cells of type $lut.
Using template $paramod$a2b4ddfa3906001b2ef9f2414d79c3048f2a3a6e$lut for cells of type $lut.
Using template $paramod$2696bd9b1a744c826fadf813711388f6bdec42b8$lut for cells of type $lut.
Using template $paramod$6290ca1cf81939a60f6512e1b18f97c5a70727be$lut for cells of type $lut.
Using template $paramod$d1f00954996213f851210819611ddfcef51210bd$lut for cells of type $lut.
Using template $paramod$db3cc515e6967efc802249619c7772e9ca1c5c71$lut for cells of type $lut.
Using template $paramod$58d806574f32fa08aa8bdb1774a536a883d3bd28$lut for cells of type $lut.
Using template $paramod$61bc98ece8c76bffd4acdf40e5f231340cba90fc$lut for cells of type $lut.
Using template $paramod$fb85387057a470832f8ae391311b6f154844582e$lut for cells of type $lut.
Using template $paramod$b73879763f8dcd2e3747f088629a23a7637b9544$lut for cells of type $lut.
Using template $paramod$0f625865eb7a835db7a4f860d00218099f709ce4$lut for cells of type $lut.
Using template $paramod$6be5f116ea71c74795ae6000d70dffc08c8a3cf5$lut for cells of type $lut.
Using template $paramod$bf86704c8162f1e6baa2fac93bc4c3e65f26619b$lut for cells of type $lut.
Using template $paramod$c315fd171a22ad0b563d890e3adda172ea240769$lut for cells of type $lut.
Using template $paramod$0944431c6b80a779d044be77891be250c48171bd$lut for cells of type $lut.
Using template $paramod$81e6d63550f6c82050b454d39cb4e4ca693c70ff$lut for cells of type $lut.
Using template $paramod$b47538df237ce5e8718417dd839eb659aa11a2f0$lut for cells of type $lut.
Using template $paramod$fa2fc59539e6621fab6cd35ac6b55d1d86c162f0$lut for cells of type $lut.
Using template $paramod$8a7d2594dcbc869d7fe17df6dfb434cafe049d86$lut for cells of type $lut.
Using template $paramod$8fcd5cb25c60b455c9497b7d813cb2bde28178bc$lut for cells of type $lut.
Using template $paramod$ae187abb050008e3cb59f09dc977bd49b5e1f236$lut for cells of type $lut.
Using template $paramod$0346eca86156066ad11300f1a3c0ef174f653993$lut for cells of type $lut.
Using template $paramod$a613b9fef3cc9774cac6b23709fb15a5abfb223a$lut for cells of type $lut.
Using template $paramod$f12f5c320f33b032a5d8e9643b181e1c187aab62$lut for cells of type $lut.
Using template $paramod$15947a1156ab9f0a07956167bb5a4d56ad9481dd$lut for cells of type $lut.
Using template $paramod$4518d24fec38775f282096f22ad6cfb50f51384f$lut for cells of type $lut.
Using template $paramod$eacec56d9f8a17dd8bd05ab410777702ff3be351$lut for cells of type $lut.
Using template $paramod$1ca0c77d7567c92acaf7e472672ec4d95955310e$lut for cells of type $lut.
Using template $paramod$a4c51b55b17754b00cf688e2e13b4ac1c390d528$lut for cells of type $lut.
Using template $paramod$139b16cde9ae902b3162a0435832f0b65c680f65$lut for cells of type $lut.
Using template $paramod$56bfdabe9229ab333e7646c97fc840276be5c823$lut for cells of type $lut.
Using template $paramod$e36b0f516b841d798086c0f897a21ee329f37206$lut for cells of type $lut.
Using template $paramod$b6819de29976c439254c718572777859cdb47d6c$lut for cells of type $lut.
Using template $paramod$3bec3a96ec283562a84195cbd1131fa6b695dbfe$lut for cells of type $lut.
Using template $paramod$b79e72ae316e1a6e1e0b624d3366995dc7eb6fc6$lut for cells of type $lut.
Using template $paramod$f1b3abefc660d12ea94d1badae3c895338e57374$lut for cells of type $lut.
Using template $paramod$0a4bb6e1b21203cc13c67229c76568484fb52643$lut for cells of type $lut.
No more expansions possible.
<suppressed ~1051 debug messages>

5.46. Executing OPT_LUT_INS pass (discard unused LUT inputs).
Optimizing LUTs in ishi_vga_tang_top.
  Optimizing lut $auto$abc_ops_reintegrate.cc:686:reintegrate$6237.genblk1.genblk1.genblk1.genblk1.genblk1.genblk1.genblk1.genblk1.lut0.genblk1.genblk1.genblk1.genblk1.genblk1.genblk1.genblk1.lut1.genblk1.genblk1.genblk1.genblk1.genblk1.genblk1.lut0.genblk1.genblk1.genblk1.genblk1.genblk1.lut1 (4 -> 0)
  Optimizing lut $abc$6231$lut$aiger6230$398.genblk1.genblk1.genblk1.genblk1.genblk1.genblk1.genblk1.genblk1.lut1.genblk1.genblk1.genblk1.genblk1.genblk1.genblk1.genblk1.lut0.genblk1.genblk1.genblk1.genblk1.genblk1.genblk1.lut0.genblk1.genblk1.genblk1.genblk1.genblk1.lut0 (4 -> 0)
  Optimizing lut $abc$6231$lut$aiger6230$398.genblk1.genblk1.genblk1.genblk1.genblk1.genblk1.genblk1.genblk1.lut1.genblk1.genblk1.genblk1.genblk1.genblk1.genblk1.genblk1.lut1.genblk1.genblk1.genblk1.genblk1.genblk1.genblk1.lut1.genblk1.genblk1.genblk1.genblk1.genblk1.lut0 (4 -> 0)
  Optimizing lut $abc$6231$lut$aiger6230$398.genblk1.genblk1.genblk1.genblk1.genblk1.genblk1.genblk1.genblk1.lut1.genblk1.genblk1.genblk1.genblk1.genblk1.genblk1.genblk1.lut1.genblk1.genblk1.genblk1.genblk1.genblk1.genblk1.lut0.genblk1.genblk1.genblk1.genblk1.genblk1.lut0 (4 -> 0)
  Optimizing lut $abc$6231$lut$aiger6230$398.genblk1.genblk1.genblk1.genblk1.genblk1.genblk1.genblk1.genblk1.lut0.genblk1.genblk1.genblk1.genblk1.genblk1.genblk1.genblk1.lut0.genblk1.genblk1.genblk1.genblk1.genblk1.genblk1.lut1.genblk1.genblk1.genblk1.genblk1.genblk1.lut0 (4 -> 0)
  Optimizing lut $abc$6231$lut$aiger6230$398.genblk1.genblk1.genblk1.genblk1.genblk1.genblk1.genblk1.genblk1.lut0.genblk1.genblk1.genblk1.genblk1.genblk1.genblk1.genblk1.lut1.genblk1.genblk1.genblk1.genblk1.genblk1.genblk1.lut1.genblk1.genblk1.genblk1.genblk1.genblk1.lut0 (4 -> 0)
  Optimizing lut $abc$6231$lut$aiger6230$398.genblk1.genblk1.genblk1.genblk1.genblk1.genblk1.genblk1.genblk1.lut0.genblk1.genblk1.genblk1.genblk1.genblk1.genblk1.genblk1.lut1.genblk1.genblk1.genblk1.genblk1.genblk1.genblk1.lut0.genblk1.genblk1.genblk1.genblk1.genblk1.lut0 (4 -> 0)
  Optimizing lut $abc$6231$lut$aiger6230$407.genblk1.genblk1.genblk1.genblk1.genblk1.genblk1.genblk1.lut1.genblk1.genblk1.genblk1.genblk1.genblk1.genblk1.lut0.genblk1.genblk1.genblk1.genblk1.genblk1.lut1 (4 -> 0)
  Optimizing lut $abc$6231$lut$aiger6230$351.genblk1.genblk1.genblk1.genblk1.genblk1.genblk1.genblk1.genblk1.lut0.genblk1.genblk1.genblk1.genblk1.genblk1.genblk1.genblk1.lut1.genblk1.genblk1.genblk1.genblk1.genblk1.genblk1.lut1.genblk1.genblk1.genblk1.genblk1.genblk1.lut0 (4 -> 0)
  Optimizing lut $auto$abc_ops_reintegrate.cc:686:reintegrate$6237.genblk1.genblk1.genblk1.genblk1.genblk1.genblk1.genblk1.genblk1.lut1.genblk1.genblk1.genblk1.genblk1.genblk1.genblk1.genblk1.lut0.genblk1.genblk1.genblk1.genblk1.genblk1.genblk1.lut1.genblk1.genblk1.genblk1.genblk1.genblk1.lut0 (4 -> 0)
  Optimizing lut $auto$abc_ops_reintegrate.cc:686:reintegrate$6237.genblk1.genblk1.genblk1.genblk1.genblk1.genblk1.genblk1.genblk1.lut1.genblk1.genblk1.genblk1.genblk1.genblk1.genblk1.genblk1.lut0.genblk1.genblk1.genblk1.genblk1.genblk1.genblk1.lut0.genblk1.genblk1.genblk1.genblk1.genblk1.lut0 (4 -> 0)
  Optimizing lut $auto$abc_ops_reintegrate.cc:686:reintegrate$6237.genblk1.genblk1.genblk1.genblk1.genblk1.genblk1.genblk1.genblk1.lut1.genblk1.genblk1.genblk1.genblk1.genblk1.genblk1.genblk1.lut1.genblk1.genblk1.genblk1.genblk1.genblk1.genblk1.lut1.genblk1.genblk1.genblk1.genblk1.genblk1.lut0 (4 -> 0)
  Optimizing lut $auto$abc_ops_reintegrate.cc:686:reintegrate$6237.genblk1.genblk1.genblk1.genblk1.genblk1.genblk1.genblk1.genblk1.lut1.genblk1.genblk1.genblk1.genblk1.genblk1.genblk1.genblk1.lut1.genblk1.genblk1.genblk1.genblk1.genblk1.genblk1.lut0.genblk1.genblk1.genblk1.genblk1.genblk1.lut0 (4 -> 0)
  Optimizing lut $auto$abc_ops_reintegrate.cc:686:reintegrate$6237.genblk1.genblk1.genblk1.genblk1.genblk1.genblk1.genblk1.genblk1.lut0.genblk1.genblk1.genblk1.genblk1.genblk1.genblk1.genblk1.lut0.genblk1.genblk1.genblk1.genblk1.genblk1.genblk1.lut1.genblk1.genblk1.genblk1.genblk1.genblk1.lut0 (4 -> 3)
  Optimizing lut $auto$abc_ops_reintegrate.cc:686:reintegrate$6237.genblk1.genblk1.genblk1.genblk1.genblk1.genblk1.genblk1.genblk1.lut0.genblk1.genblk1.genblk1.genblk1.genblk1.genblk1.genblk1.lut0.genblk1.genblk1.genblk1.genblk1.genblk1.genblk1.lut0.genblk1.genblk1.genblk1.genblk1.genblk1.lut0 (4 -> 0)
  Optimizing lut $auto$abc_ops_reintegrate.cc:686:reintegrate$6237.genblk1.genblk1.genblk1.genblk1.genblk1.genblk1.genblk1.genblk1.lut0.genblk1.genblk1.genblk1.genblk1.genblk1.genblk1.genblk1.lut1.genblk1.genblk1.genblk1.genblk1.genblk1.genblk1.lut1.genblk1.genblk1.genblk1.genblk1.genblk1.lut0 (4 -> 0)
  Optimizing lut $auto$abc_ops_reintegrate.cc:686:reintegrate$6237.genblk1.genblk1.genblk1.genblk1.genblk1.genblk1.genblk1.genblk1.lut0.genblk1.genblk1.genblk1.genblk1.genblk1.genblk1.genblk1.lut1.genblk1.genblk1.genblk1.genblk1.genblk1.genblk1.lut0.genblk1.genblk1.genblk1.genblk1.genblk1.lut0 (4 -> 0)
  Optimizing lut $auto$abc_ops_reintegrate.cc:686:reintegrate$6235.genblk1.genblk1.genblk1.genblk1.genblk1.genblk1.lut0.genblk1.genblk1.genblk1.genblk1.genblk1.lut1 (4 -> 0)
  Optimizing lut $auto$abc_ops_reintegrate.cc:686:reintegrate$6237.genblk1.genblk1.genblk1.genblk1.genblk1.genblk1.genblk1.genblk1.lut1.genblk1.genblk1.genblk1.genblk1.genblk1.genblk1.genblk1.lut1.genblk1.genblk1.genblk1.genblk1.genblk1.genblk1.lut0.genblk1.genblk1.genblk1.genblk1.genblk1.lut1 (4 -> 0)
  Optimizing lut $auto$abc_ops_reintegrate.cc:686:reintegrate$6237.genblk1.genblk1.genblk1.genblk1.genblk1.genblk1.genblk1.genblk1.lut1.genblk1.genblk1.genblk1.genblk1.genblk1.genblk1.genblk1.lut0.genblk1.genblk1.genblk1.genblk1.genblk1.genblk1.lut0.genblk1.genblk1.genblk1.genblk1.genblk1.lut1 (4 -> 0)
  Optimizing lut $abc$6231$lut$aiger6230$398.genblk1.genblk1.genblk1.genblk1.genblk1.genblk1.genblk1.genblk1.lut0.genblk1.genblk1.genblk1.genblk1.genblk1.genblk1.genblk1.lut1.genblk1.genblk1.genblk1.genblk1.genblk1.genblk1.lut0.genblk1.genblk1.genblk1.genblk1.genblk1.lut1 (4 -> 0)
  Optimizing lut $abc$6231$lut$aiger6230$417.genblk1.genblk1.genblk1.genblk1.genblk1.genblk1.genblk1.lut0.genblk1.genblk1.genblk1.genblk1.genblk1.genblk1.lut1.genblk1.genblk1.genblk1.genblk1.genblk1.lut0 (4 -> 0)
  Optimizing lut $abc$6231$lut$aiger6230$417.genblk1.genblk1.genblk1.genblk1.genblk1.genblk1.genblk1.lut0.genblk1.genblk1.genblk1.genblk1.genblk1.genblk1.lut0.genblk1.genblk1.genblk1.genblk1.genblk1.lut0 (4 -> 0)
  Optimizing lut $abc$6231$lut$aiger6230$417.genblk1.genblk1.genblk1.genblk1.genblk1.genblk1.genblk1.lut1.genblk1.genblk1.genblk1.genblk1.genblk1.genblk1.lut1.genblk1.genblk1.genblk1.genblk1.genblk1.lut0 (4 -> 0)
  Optimizing lut $abc$6231$lut$aiger6230$382.genblk1.genblk1.genblk1.genblk1.genblk1.genblk1.lut0.genblk1.genblk1.genblk1.genblk1.genblk1.lut1 (4 -> 0)
  Optimizing lut $abc$6231$lut$aiger6230$407.genblk1.genblk1.genblk1.genblk1.genblk1.genblk1.genblk1.lut0.genblk1.genblk1.genblk1.genblk1.genblk1.genblk1.lut0.genblk1.genblk1.genblk1.genblk1.genblk1.lut0 (4 -> 0)
  Optimizing lut $abc$6231$lut$aiger6230$407.genblk1.genblk1.genblk1.genblk1.genblk1.genblk1.genblk1.lut1.genblk1.genblk1.genblk1.genblk1.genblk1.genblk1.lut1.genblk1.genblk1.genblk1.genblk1.genblk1.lut0 (4 -> 0)
  Optimizing lut $abc$6231$lut$aiger6230$407.genblk1.genblk1.genblk1.genblk1.genblk1.genblk1.genblk1.lut1.genblk1.genblk1.genblk1.genblk1.genblk1.genblk1.lut0.genblk1.genblk1.genblk1.genblk1.genblk1.lut0 (4 -> 0)
  Optimizing lut $abc$6231$lut$aiger6230$398.genblk1.genblk1.genblk1.genblk1.genblk1.genblk1.genblk1.genblk1.lut1.genblk1.genblk1.genblk1.genblk1.genblk1.genblk1.genblk1.lut1.genblk1.genblk1.genblk1.genblk1.genblk1.genblk1.lut0.genblk1.genblk1.genblk1.genblk1.genblk1.lut1 (4 -> 0)
  Optimizing lut $abc$6231$lut$aiger6230$398.genblk1.genblk1.genblk1.genblk1.genblk1.genblk1.genblk1.genblk1.lut1.genblk1.genblk1.genblk1.genblk1.genblk1.genblk1.genblk1.lut0.genblk1.genblk1.genblk1.genblk1.genblk1.genblk1.lut0.genblk1.genblk1.genblk1.genblk1.genblk1.lut1 (4 -> 0)
  Optimizing lut $abc$6231$lut$aiger6230$398.genblk1.genblk1.genblk1.genblk1.genblk1.genblk1.genblk1.genblk1.lut1.genblk1.genblk1.genblk1.genblk1.genblk1.genblk1.genblk1.lut0.genblk1.genblk1.genblk1.genblk1.genblk1.genblk1.lut1.genblk1.genblk1.genblk1.genblk1.genblk1.lut0 (4 -> 0)
  Optimizing lut $abc$6231$lut$aiger6230$398.genblk1.genblk1.genblk1.genblk1.genblk1.genblk1.genblk1.genblk1.lut1.genblk1.genblk1.genblk1.genblk1.genblk1.genblk1.genblk1.lut1.genblk1.genblk1.genblk1.genblk1.genblk1.genblk1.lut1.genblk1.genblk1.genblk1.genblk1.genblk1.lut1 (4 -> 0)
  Optimizing lut $abc$6231$lut$aiger6230$398.genblk1.genblk1.genblk1.genblk1.genblk1.genblk1.genblk1.genblk1.lut0.genblk1.genblk1.genblk1.genblk1.genblk1.genblk1.genblk1.lut1.genblk1.genblk1.genblk1.genblk1.genblk1.genblk1.lut1.genblk1.genblk1.genblk1.genblk1.genblk1.lut1 (4 -> 0)
  Optimizing lut $abc$6231$lut$aiger6230$417.genblk1.genblk1.genblk1.genblk1.genblk1.genblk1.genblk1.lut1.genblk1.genblk1.genblk1.genblk1.genblk1.genblk1.lut0.genblk1.genblk1.genblk1.genblk1.genblk1.lut1 (4 -> 0)
  Optimizing lut $abc$6231$lut$aiger6230$371.genblk1.genblk1.genblk1.genblk1.genblk1.genblk1.lut1.genblk1.genblk1.genblk1.genblk1.genblk1.lut0 (4 -> 0)
  Optimizing lut $abc$6231$lut$aiger6230$371.genblk1.genblk1.genblk1.genblk1.genblk1.genblk1.lut0.genblk1.genblk1.genblk1.genblk1.genblk1.lut0 (4 -> 0)
  Optimizing lut $abc$6231$lut$aiger6230$376.genblk1.genblk1.genblk1.genblk1.genblk1.genblk1.lut0.genblk1.genblk1.genblk1.genblk1.genblk1.lut0 (4 -> 0)
  Optimizing lut $abc$6231$lut$aiger6230$382.genblk1.genblk1.genblk1.genblk1.genblk1.genblk1.lut0.genblk1.genblk1.genblk1.genblk1.genblk1.lut0 (4 -> 0)
  Optimizing lut $abc$6231$lut$aiger6230$417.genblk1.genblk1.genblk1.genblk1.genblk1.genblk1.genblk1.lut0.genblk1.genblk1.genblk1.genblk1.genblk1.genblk1.lut0.genblk1.genblk1.genblk1.genblk1.genblk1.lut1 (4 -> 0)
  Optimizing lut $abc$6231$lut$aiger6230$362.genblk1.genblk1.genblk1.genblk1.genblk1.lut1 (4 -> 0)
  Optimizing lut $abc$6231$lut$aiger6230$351.genblk1.genblk1.genblk1.genblk1.genblk1.genblk1.genblk1.genblk1.lut0.genblk1.genblk1.genblk1.genblk1.genblk1.genblk1.genblk1.lut1.genblk1.genblk1.genblk1.genblk1.genblk1.genblk1.lut1.genblk1.genblk1.genblk1.genblk1.genblk1.lut1 (4 -> 0)
  Optimizing lut $auto$abc_ops_reintegrate.cc:686:reintegrate$6237.genblk1.genblk1.genblk1.genblk1.genblk1.genblk1.genblk1.genblk1.lut0.genblk1.genblk1.genblk1.genblk1.genblk1.genblk1.genblk1.lut1.genblk1.genblk1.genblk1.genblk1.genblk1.genblk1.lut1.genblk1.genblk1.genblk1.genblk1.genblk1.lut1 (4 -> 0)
  Optimizing lut $abc$6231$lut$aiger$o235.genblk1.genblk1.genblk1.genblk1.genblk1.lut0 (4 -> 0)
  Optimizing lut $abc$6231$lut$aiger6230$376.genblk1.genblk1.genblk1.genblk1.genblk1.genblk1.lut0.genblk1.genblk1.genblk1.genblk1.genblk1.lut1 (4 -> 0)
  Optimizing lut $abc$6231$lut$aiger6230$371.genblk1.genblk1.genblk1.genblk1.genblk1.genblk1.lut0.genblk1.genblk1.genblk1.genblk1.genblk1.lut1 (4 -> 0)
  Optimizing lut $abc$6231$lut$aiger6230$407.genblk1.genblk1.genblk1.genblk1.genblk1.genblk1.genblk1.lut1.genblk1.genblk1.genblk1.genblk1.genblk1.genblk1.lut1.genblk1.genblk1.genblk1.genblk1.genblk1.lut1 (4 -> 0)
  Optimizing lut $abc$6231$lut$aiger6230$429.genblk1.genblk1.genblk1.genblk1.genblk1.lut0 (4 -> 0)
  Optimizing lut $auto$abc_ops_reintegrate.cc:686:reintegrate$6235.genblk1.genblk1.genblk1.genblk1.genblk1.genblk1.lut1.genblk1.genblk1.genblk1.genblk1.genblk1.lut1 (4 -> 0)
  Optimizing lut $auto$abc_ops_reintegrate.cc:686:reintegrate$6237.genblk1.genblk1.genblk1.genblk1.genblk1.genblk1.genblk1.genblk1.lut0.genblk1.genblk1.genblk1.genblk1.genblk1.genblk1.genblk1.lut0.genblk1.genblk1.genblk1.genblk1.genblk1.genblk1.lut0.genblk1.genblk1.genblk1.genblk1.genblk1.lut1 (4 -> 0)
  Optimizing lut $abc$6231$lut$aiger6230$366.genblk1.genblk1.genblk1.genblk1.genblk1.lut0 (4 -> 0)
  Optimizing lut $abc$6231$lut$aiger6230$376.genblk1.genblk1.genblk1.genblk1.genblk1.genblk1.lut1.genblk1.genblk1.genblk1.genblk1.genblk1.lut1 (4 -> 0)
  Optimizing lut $auto$abc_ops_reintegrate.cc:686:reintegrate$6235.genblk1.genblk1.genblk1.genblk1.genblk1.genblk1.lut1.genblk1.genblk1.genblk1.genblk1.genblk1.lut0 (4 -> 0)
  Optimizing lut $auto$abc_ops_reintegrate.cc:686:reintegrate$6237.genblk1.genblk1.genblk1.genblk1.genblk1.genblk1.genblk1.genblk1.lut1.genblk1.genblk1.genblk1.genblk1.genblk1.genblk1.genblk1.lut0.genblk1.genblk1.genblk1.genblk1.genblk1.genblk1.lut1.genblk1.genblk1.genblk1.genblk1.genblk1.lut1 (4 -> 0)
  Optimizing lut $abc$6231$lut$aiger$o217.genblk1.genblk1.genblk1.genblk1.genblk1.lut0 (4 -> 0)
  Optimizing lut $auto$abc_ops_reintegrate.cc:686:reintegrate$6237.genblk1.genblk1.genblk1.genblk1.genblk1.genblk1.genblk1.genblk1.lut1.genblk1.genblk1.genblk1.genblk1.genblk1.genblk1.genblk1.lut1.genblk1.genblk1.genblk1.genblk1.genblk1.genblk1.lut1.genblk1.genblk1.genblk1.genblk1.genblk1.lut1 (4 -> 0)
  Optimizing lut $abc$6231$lut$aiger6230$417.genblk1.genblk1.genblk1.genblk1.genblk1.genblk1.genblk1.lut0.genblk1.genblk1.genblk1.genblk1.genblk1.genblk1.lut1.genblk1.genblk1.genblk1.genblk1.genblk1.lut1 (4 -> 0)
  Optimizing lut $abc$6231$lut$aiger6230$382.genblk1.genblk1.genblk1.genblk1.genblk1.genblk1.lut1.genblk1.genblk1.genblk1.genblk1.genblk1.lut1 (4 -> 0)
  Optimizing lut $abc$6231$lut$aiger6230$398.genblk1.genblk1.genblk1.genblk1.genblk1.genblk1.genblk1.genblk1.lut1.genblk1.genblk1.genblk1.genblk1.genblk1.genblk1.genblk1.lut0.genblk1.genblk1.genblk1.genblk1.genblk1.genblk1.lut1.genblk1.genblk1.genblk1.genblk1.genblk1.lut1 (4 -> 0)
  Optimizing lut $abc$6231$lut$aiger6230$407.genblk1.genblk1.genblk1.genblk1.genblk1.genblk1.genblk1.lut0.genblk1.genblk1.genblk1.genblk1.genblk1.genblk1.lut1.genblk1.genblk1.genblk1.genblk1.genblk1.lut0 (4 -> 0)

5.47. Executing HILOMAP pass (mapping to constant drivers).
Removed 0 unused cells and 378 unused wires.

5.48. Executing AUTONAME pass.
Renamed 618 objects in module ishi_vga_tang_top.
<suppressed ~618 debug messages>

5.49. Executing HIERARCHY pass (managing design hierarchy).
Attribute `top' found on module `ishi_vga_tang_top'. Setting top module to ishi_vga_tang_top.

5.49.1. Analyzing design hierarchy..
Top module:  \ishi_vga_tang_top

5.49.2. Analyzing design hierarchy..
Top module:  \ishi_vga_tang_top
Removed 0 unused modules.

5.50. Printing statistics.

=== ishi_vga_tang_top ===

        +----------Local Count, excluding submodules.
        | 
      342 wires
      404 wire bits
      342 public wires
      404 public wire bits
        8 ports
        8 port bits
      195 cells
        3   $scopeinfo
        1   GND
        1   IBUF
       62   LUT1
        5   LUT2
        2   LUT3
       36   LUT4
       45   MUX2_LUT5
       20   MUX2_LUT6
        8   MUX2_LUT7
        3   MUX2_LUT8
        7   OBUF
        1   VCC
        1   rPLL
      106 submodules
       77   ALU
        5   DFF
        7   DFFE
        3   DFFR
        4   DFFRE
        4   DFFS
        6   DFFSE

=== design hierarchy ===

        +----------Count including submodules.
        | 
      195 ishi_vga_tang_top

        +----------Count including submodules.
        | 
      342 wires
      404 wire bits
      342 public wires
      404 public wire bits
        8 ports
        8 port bits
        - memories
        - memory bits
        - processes
      195 cells
        3   $scopeinfo
        1   GND
        1   IBUF
       62   LUT1
        5   LUT2
        2   LUT3
       36   LUT4
       45   MUX2_LUT5
       20   MUX2_LUT6
        8   MUX2_LUT7
        3   MUX2_LUT8
        7   OBUF
        1   VCC
        1   rPLL
      106 submodules
       77   ALU
        5   DFF
        7   DFFE
        3   DFFR
        4   DFFRE
        4   DFFS
        6   DFFSE

5.51. Executing CHECK pass (checking for obvious problems).
Checking module ishi_vga_tang_top...
Found and reported 0 problems.

5.52. Executing JSON backend.

Warnings: 1 unique messages, 1 total
Warnings: 1 experimental features used (not excluded with -x).
End of script. Logfile hash: 4f3bda8ab4, time: 0.24s, user: 0.16s, system: 0.04s, MEM: 43.92 MB peak
Yosys 0.69+152 (git sha1 6f876ae0e-dirty, Release, GNU /usr/bin/aarch64-linux-gnu-g++ 15.2.0)
Time spent: 21% 29x read_verilog (0 sec), 16% 1x abc9_exe (0 sec), ...
