
Note: No compatibility mode selected!


Circuit: * letter scan stage_3: final extracted transistor core

binary raw file "wave.raw"
Doing analysis at TEMP = 27.000000 and TNOM = 27.000000

Using SPARSE 1.3 as Direct Linear Solver
No. of Data Columns : 31  

Initial Transient Solution
--------------------------

Node                                   Voltage
----                                   -------
vdd                                          5
clk                                          0
xdut.n943                                    5
xdut.n948                          2.05775e-08
xdut.n697                                    5
xdut.x_13.n6                           4.14375
xdut.n920                                    5
xdut.n985                                    5
xdut.n222                                    0
xdut.x_14.n6                       6.26479e-09
xdut.x_15.n3                                 5
xdut.n661                                    5
xdut.x_15.n9                                 5
xdut.n952                          7.88485e-09
xdut.n525                          2.05775e-08
xdut.x_15.n5                           4.10687
xdut.x_15.n6                         0.0348173
xdut.n656                                    0
xdut.x_16.n1                                 5
xdut.n610                                    5
xdut.x_17.n6                       6.26479e-09
xdut.n624                                    5
xdut.n579                                    5
xdut.n954                          7.88485e-09
xdut.x_19.n8                         0.0333738
xdut.x_19.n7                         0.0333738
xdut.x_20.n8                           1.31158
xdut.n529                                    5
xdut.x_20.n7                           1.29144
xdut.n362                          2.05744e-08
xdut.n929                          5.46059e-08
xdut.n696                                    5
xdut.x_21.n6                         0.0348173
xdut.x_22.n6                           1.26842
xdut.n688                          3.74462e-08
xdut.n515                          2.05775e-08
xdut.n640                                    5
xdut.n38                           8.22975e-08
xdut.n949                                    5
xdut.n633                                    5
xdut.x_23.n6                            4.0396
xdut.x_23.n8                           4.04907
xdut.x_23.n7                           4.07278
xdut.n966                                    5
xdut.n519                          2.05775e-08
xdut.n956                                    5
xdut.x_24.n6                           4.14375
xdut.x_25.n6                           4.96988
xdut.n523                                    5
xdut.n703                          7.88485e-09
xdut.n915                                    5
xdut.x_27.n10                                5
xdut.n917                                    0
xdut.x_27.n9                                 5
xdut.n988                                    0
xdut.x_27.n8                           1.26842
xdut.n711                          3.74461e-08
xdut.n693                                    5
xdut.n791                                    0
xdut.x_28.n8                         0.0175683
xdut.x_28.n7                         0.0508865
xdut.x_29.n3                       8.23099e-08
xdut.n671                                    5
xdut.x_29.n9                                 5
xdut.x_29.n5                        3.1324e-09
xdut.x_29.n6                        4.1155e-08
xdut.x_30.n6                           4.96988
xdut.n518                                    5
xdut.x_31.n6                       6.26479e-09
xdut.x_32.n6                         0.0348173
xdut.x_33.n9                                 5
xdut.x_33.n2                       2.05775e-08
xdut.x_33.n8                                 5
xdut.x_34.n6                           1.26842
xdut.n930                          3.74462e-08
xdut.x_35.n6                           1.26842
xdut.n685                          3.74462e-08
xdut.x_36.n8                           1.31158
xdut.x_36.n7                           1.29144
xdut.n570                          5.46059e-08
xdut.n928                          2.05775e-08
xdut.x_37.n8                           1.31158
xdut.x_37.n7                           1.29144
xdut.n927                                    0
xdut.n914                          5.46059e-08
xdut.n587                          1.85179e-07
xdut.n687                                    5
xdut.n179                                    5
xdut.x_38.n8                       6.17262e-08
xdut.x_38.n7                       1.23452e-07
xdut.x_39.n10                          4.98484
xdut.x_39.n9                            4.9572
xdut.x_39.n8                            4.9572
xdut.n575                          4.87635e-09
xdut.n180                                    5
xdut.x_40.n3                                 5
xdut.n686                                    5
xdut.n913                          2.05775e-08
xdut.n732                          2.05775e-08
xdut.x_40.n7                       6.26479e-09
xdut.n569                          8.22975e-08
xdut.n802                                    5
xdut.x_41.n6                       4.11488e-08
xdut.x_42.n3                                 5
xdut.n580                          1.85179e-07
xdut.n677                          2.05775e-08
xdut.x_42.n7                       6.26481e-09
xdut.x_43.n9                           1.30646
xdut.n683                          7.96197e-09
xdut.x_43.n2                       7.15949e-08
xdut.x_43.n11                          1.32985
xdut.x_43.n10                          1.33931
xdut.n578                                    5
xdut.n571                                    5
xdut.x_44.n6                            4.0396
xdut.x_44.n8                           4.04907
xdut.x_44.n7                           4.07278
xdut.x_45.n8                       6.17262e-08
xdut.x_45.n7                       1.23452e-07
xdut.x_46.n9                                 5
xdut.x_46.n2                                 5
xdut.x_46.n8                                 5
xdut.n177                          1.85179e-07
xdut.x_47.n6                         0.0348172
xdut.n626                          8.22975e-08
xdut.x_51.n6                       4.11487e-08
xdut.x_52.n8                        6.2648e-09
xdut.x_52.n7                       1.25296e-08
xdut.x_53.n6                                 5
xdut.n1005                                   5
xdut.x_54.n6                       6.26479e-09
xdut.n1017                                   5
xdut.n1037                         1.16739e-08
xdut.n1004                                   0
xdut.n1016                                   0
xdut.x_78.n8                         0.0175683
xdut.x_78.n7                         0.0508864
xdut.x_80.n3                                 5
xdut.n1018                         1.16047e-07
xdut.x_80.n9                           1.26842
xdut.n1100                                   0
xdut.x_80.n5                       5.80236e-08
xdut.x_80.n6                           4.14375
xdut.n980                          2.05775e-08
xdut.x_87.n2                                 5
xdut.x_87.n4                         0.0116791
xdut.x_87.n5                         0.0282461
xdut.x_87.n6                         0.0602162
xdut.ni1418                                  5
xdut.x_102.qs                      7.29463e-08
xdut.x_102.n14                               5
xdut.n1053                         8.22975e-08
xdut.x_102.n6                                5
xdut.x_102.ckp                     2.08524e-08
xdut.x_102.n7                                5
xdut.x_102.ckb                               5
xdut.x_102.qm                      2.60748e-08
xdut.x_102.n9                      4.95105e-08
xdut.n1002                         2.05744e-08
xdut.x_102.n13                         4.14374
xdut.x_103.n6                          1.26842
xdut.n939                                    5
xdut.n924                          3.74462e-08
xdut.n987                          7.88485e-09
xdut.x_104.n3                                5
xdut.n1051                                   5
xdut.x_104.n9                                5
xdut.x_104.n5                          4.10687
xdut.x_104.n6                        0.0348173
xdut.n923                                    5
xdut.n919                          4.82942e-09
xdut.x_108.n6                        0.0169083
xdut.x_108.n8                        0.0476063
xdut.x_108.n7                        0.0476063
xdut.x_109.n8                                5
xdut.n921                                    0
xdut.x_109.n7                                5
xdut.n925                                    0
xdut.n986                          2.05775e-08
xdut.ni1416                                  5
xdut.x_110.qs                      7.29463e-08
xdut.x_110.n14                               5
xdut.n1099                         1.16047e-07
xdut.x_110.n6                                5
xdut.x_110.ckp                     2.08524e-08
xdut.x_110.n7                                5
xdut.x_110.ckb                               5
xdut.x_110.qm                      2.60748e-08
xdut.x_110.n9                      4.95105e-08
xdut.x_110.n13                         4.14374
xdut.ni1412                                  5
xdut.x_111.qs                      7.29463e-08
xdut.x_111.n14                               5
xdut.x_111.n6                                5
xdut.x_111.ckp                     2.08524e-08
xdut.x_111.n7                                5
xdut.x_111.ckb                               5
xdut.x_111.qm                      2.60748e-08
xdut.x_111.n9                      4.95105e-08
xdut.x_111.n13                         4.14374
xdut.x_112.n8                          4.98443
xdut.x_112.n7                           4.9553
xdut.n1112                                   5
xdut.x_114.n3                                5
xdut.n1003                         8.23099e-08
xdut.x_114.n9                                5
xdut.n533                                    5
xdut.x_114.n5                      4.11549e-08
xdut.x_114.n6                      6.26479e-09
vsync                                        5
xdut.ni1413                        2.08524e-08
xdut.x_116.qs                                5
xdut.x_116.n14                         1.34473
xdut.x_116.n6                      8.60208e-08
xdut.x_116.ckp                     2.08524e-08
xdut.x_116.n7                      2.60748e-08
xdut.x_116.ckb                               5
xdut.x_116.qm                                5
xdut.x_116.n9                                5
xdut.x_116.n13                     4.30104e-08
xdut.ni1414                                  5
xdut.x_117.qs                      7.29463e-08
xdut.x_117.n14                               5
xdut.x_117.n6                                5
xdut.x_117.ckp                     2.08524e-08
xdut.x_117.n7                                5
xdut.x_117.ckb                               5
xdut.x_117.qm                      2.60748e-08
xdut.x_117.n9                      4.95105e-08
xdut.x_117.n13                         4.14375
xdut.x_136.n6                          4.96988
xdut.n975                                    5
xdut.x_137.n6                                5
xdut.n1105                         7.88485e-09
xdut.x_138.n6                        0.0348173
xdut.ni1424                                  5
xdut.x_157.qs                      7.29463e-08
xdut.x_157.n14                               5
xdut.x_157.n6                                5
xdut.x_157.ckp                     2.08524e-08
xdut.x_157.n7                                5
xdut.x_157.ckb                               5
xdut.x_157.qm                      2.60748e-08
xdut.x_157.n9                      4.95105e-08
xdut.x_157.n13                         4.14375
xdut.n1038                                   5
xdut.x_158.n6                        0.0348173
xdut.n1000                                   0
xdut.ni1434                                  5
xdut.x_160.qs                      7.29463e-08
xdut.x_160.n14                               5
xdut.n984                          2.05775e-08
xdut.x_160.n6                                5
xdut.x_160.ckp                     2.08524e-08
xdut.x_160.n7                                5
xdut.x_160.ckb                               5
xdut.x_160.qm                      2.60748e-08
xdut.x_160.n9                      4.95105e-08
xdut.x_160.n13                         4.14374
xdut.x_161.n3                                5
xdut.x_161.n9                          1.26842
xdut.x_161.n5                      5.80236e-08
xdut.x_161.n6                          4.14375
xdut.n912                                    5
xdut.n727                          8.22975e-08
xdut.n516                                    5
xdut.n517                                    5
xdut.x_295.n6                      4.11488e-08
r                                  2.08524e-08
xdut.ni1429                                  5
xdut.x_298.qs                      7.29463e-08
xdut.x_298.n14                               5
xdut.x_298.n6                                5
xdut.x_298.ckp                     2.08524e-08
xdut.x_298.n7                                5
xdut.x_298.ckb                               5
xdut.x_298.qm                      2.60748e-08
xdut.x_298.n9                      4.95105e-08
xdut.n674                          2.05744e-08
xdut.x_298.n13                         4.14374
b                                            5
xdut.ni1425                        2.08524e-08
xdut.x_299.qs                                5
xdut.x_299.n14                               5
xdut.n730                          2.05775e-08
xdut.x_299.n6                                5
xdut.x_299.ckp                     2.08524e-08
xdut.x_299.n7                                5
xdut.x_299.ckb                               5
xdut.x_299.qm                      3.49785e-08
xdut.x_299.n9                                5
xdut.x_299.n13                         4.14375
xdut.n521                                    5
xdut.ni1426                                  0
xdut.x_300.qs                                5
xdut.x_300.n14                         1.34473
xdut.n632                                    5
xdut.x_300.n6                      8.60208e-08
xdut.x_300.ckp                     2.08524e-08
xdut.x_300.n7                      2.60748e-08
xdut.x_300.ckb                               5
xdut.x_300.qm                                5
xdut.x_300.n9                                5
xdut.x_300.n13                     4.30104e-08
xdut.x_301.qs                                5
xdut.x_301.n14                         1.34473
xdut.x_301.n6                      8.60208e-08
xdut.x_301.ckp                     2.08524e-08
xdut.x_301.n7                      2.60748e-08
xdut.x_301.ckb                               5
xdut.x_301.qm                                5
xdut.x_301.n9                                5
xdut.x_301.n13                     4.30104e-08
xdut.x_302.n6                        0.0348173
xdut.x_303.n3                                5
xdut.x_303.n7                          4.14375
xdut.n655                          8.22975e-08
xdut.x_304.n6                      4.11487e-08
xdut.x_305.n6                        0.0348173
xdut.x_306.n8                                5
xdut.x_306.n7                          4.96988
xdut.x_307.n8                                5
xdut.x_307.n7                          1.26842
xdut.n714                          3.74461e-08
xdut.n588                                    5
xdut.x_312.qs                      7.29463e-08
xdut.x_312.n14                               5
xdut.n591                          2.19645e-08
xdut.x_312.n6                                5
xdut.x_312.ckp                     2.08524e-08
xdut.x_312.n7                                5
xdut.x_312.ckb                               5
xdut.x_312.qm                      2.60748e-08
xdut.x_312.n9                      4.95105e-08
xdut.x_312.n13                         4.14375
xdut.x_313.n7                                5
xdut.x_313.n3                      2.05775e-08
xdut.n24                           7.92437e-09
xdut.n568                                    5
xdut.ni1437                                  5
xdut.x_314.qs                      7.29463e-08
xdut.x_314.n14                               5
xdut.n701                          8.22975e-08
xdut.x_314.n6                                5
xdut.x_314.ckp                     2.08524e-08
xdut.x_314.n7                                5
xdut.x_314.ckb                               5
xdut.x_314.qm                      2.60748e-08
xdut.x_314.n9                      4.95105e-08
xdut.x_314.n13                         4.14375
g                                            5
xdut.ni1430                        2.08524e-08
xdut.x_316.qs                                5
xdut.x_316.n14                               5
xdut.n676                          2.05775e-08
xdut.x_316.n6                                5
xdut.x_316.ckp                     2.08524e-08
xdut.x_316.n7                                5
xdut.x_316.ckb                               5
xdut.x_316.qm                      3.49785e-08
xdut.x_316.n9                                5
xdut.x_316.n13                         4.14375
xdut.n617                                    5
xdut.x_317.n6                       6.2648e-09
xdut.n623                                    5
xdut.x_318.n8                        0.0175683
xdut.x_318.n7                        0.0508865
xdut.n353                          2.05775e-08
xdut.x_319.n2                                5
xdut.n577                          2.05775e-08
xdut.x_321.n6                        0.0348173
xdut.x_322.n3                                5
xdut.x_322.n5                                5
xdut.x_322.n4                                5
xdut.x_322.n6                      3.49785e-08
xdut.n582                                    5
xdut.x_324.n6                          4.14375
xdut.x_325.n3                      8.22975e-08
xdut.x_325.n7                      4.11487e-08
xdut.x_326.n6                      4.11488e-08
xdut.x_327.n7                                5
xdut.x_327.n3                                5
xdut.n678                          7.15949e-08
xdut.x_329.n10                         1.33931
xdut.x_329.n9                          1.32985
xdut.x_329.n8                          1.30646
xdut.n1001                                   0
xdut.n679                                    5
xdut.ni1417                                  0
xdut.x_330.qs                                5
xdut.x_330.n14                         1.34473
xdut.n982                                    5
xdut.x_330.n6                      8.60208e-08
xdut.x_330.ckp                     2.08524e-08
xdut.x_330.n7                      2.60748e-08
xdut.x_330.ckb                               5
xdut.x_330.qm                                5
xdut.x_330.n9                                5
xdut.x_330.n13                     4.30104e-08
xdut.x_332.n7                                5
xdut.x_332.n3                                5
xdut.x_333.n8                                5
xdut.x_333.n3                                5
xdut.x_333.n9                                5
xdut.x_333.n5                      1.01216e-08
xdut.x_340.n2                                5
xdut.ni1420                                  5
xdut.x_341.qs                      7.29463e-08
xdut.x_341.n14                               5
xdut.n953                          2.19645e-08
xdut.x_341.n6                                5
xdut.x_341.ckp                     2.08524e-08
xdut.x_341.n7                                5
xdut.x_341.ckb                               5
xdut.x_341.qm                      2.60748e-08
xdut.x_341.n9                      4.95105e-08
xdut.x_341.n13                         4.14374
xdut.ni1421                                  5
xdut.x_342.qs                      7.29463e-08
xdut.x_342.n14                               5
xdut.n965                          8.22975e-08
xdut.x_342.n6                                5
xdut.x_342.ckp                     2.08524e-08
xdut.x_342.n7                                5
xdut.x_342.ckb                               5
xdut.x_342.qm                      2.60748e-08
xdut.x_342.n9                      4.95105e-08
xdut.x_342.n13                         4.14375
xdut.x_343.n7                                5
xdut.x_343.n5                                5
xdut.x_343.n3                           4.1532
xdut.ni1422                                  5
xdut.x_358.qs                      7.29463e-08
xdut.x_358.n14                               5
xdut.n983                          1.16047e-07
xdut.x_358.n6                                5
xdut.x_358.ckp                     2.08524e-08
xdut.x_358.n7                                5
xdut.x_358.ckb                               5
xdut.x_358.qm                      2.60748e-08
xdut.x_358.n9                      4.95105e-08
xdut.x_358.n13                         4.14374
xdut.n675                                    5
xdut.n979                                    0
xdut.x_359.qs                                5
xdut.x_359.n14                         1.34473
xdut.n999                                    5
xdut.x_359.n6                      8.60208e-08
xdut.x_359.ckp                     2.08524e-08
xdut.x_359.n7                      2.60748e-08
xdut.x_359.ckb                               5
xdut.x_359.qm                                5
xdut.x_359.n9                                5
xdut.x_359.n13                     4.30104e-08
xdut.x_360.n3                      1.43584e-08
xdut.n998                                    5
xdut.x_360.n5                      9.07538e-08
xdut.x_360.n4                                5
xdut.x_360.n6                      5.84143e-08
xdut.n981                                    5
xdut.x_362.n8                       2.9454e-09
xdut.x_362.n7                        0.0348173
xdut.x_363.n3                      8.23099e-08
xdut.x_363.n9                                5
xdut.x_363.n5                       3.1324e-09
xdut.x_363.n6                       4.1155e-08
xdut.x_364.n6                        0.0348173
xdut.n1034                                   5
xdut.x_365.n6                      2.88591e-09
xdut.x_365.n8                        0.0333738
xdut.x_365.n7                        0.0333738
xdut.n922                                    5
xdut.x_375.n6                      4.11487e-08
xdut.x_406.n3                      8.23099e-08
xdut.x_406.n9                                5
xdut.n937                                    5
xdut.x_406.n5                       3.1324e-09
xdut.x_406.n6                       4.1155e-08
xdut.x_407.n3                                5
xdut.x_407.n5                                5
xdut.x_407.n4                                5
xdut.x_407.n6                                5
xdut.n934                          2.05775e-08
xdut.x_408.n6                      4.11488e-08
xdut.x_409.n8                        0.0175683
xdut.x_409.n7                        0.0508865
xdut.x_410.n6                          4.96988
xdut.x_411.n8                                5
xdut.x_411.n3                                5
xdut.x_411.n9                                5
xdut.x_411.n5                      1.01216e-08
xdut.x_414.n3                                5
xdut.x_414.n9                          1.26842
xdut.x_414.n5                      5.80236e-08
xdut.x_414.n6                          4.14375
xdut.x_510.n8                                5
xdut.x_510.n3                      3.74462e-08
xdut.n171                                    0
xdut.x_510.n9                          1.26842
xdut.x_510.n5                          4.14375
xdut.x_533.n8                          1.31158
xdut.x_533.n7                          1.29144
xdut.n618                                    0
xdut.n250                          5.46059e-08
xdut.n522                                    0
xdut.x_534.n8                          4.97143
xdut.n170                                    5
xdut.x_534.n7                          1.26023
xdut.n325                          1.65851e-08
xdut.x_551.n6                                5
xdut.n604                                    5
xdut.n335                          2.05775e-08
xdut.x_554.qs                                5
xdut.x_554.n14                         1.34473
xdut.n598                                    5
xdut.x_554.n6                      8.60208e-08
xdut.x_554.ckp                     2.08524e-08
xdut.x_554.n7                      2.60748e-08
xdut.x_554.ckb                               5
xdut.x_554.qm                                5
xdut.x_554.n9                                5
xdut.n280                          2.05744e-08
xdut.x_554.n13                     4.30104e-08
xdut.x_555.n3                                5
xdut.n330                                    5
xdut.n614                          3.74462e-08
xdut.n338                          2.05775e-08
xdut.x_555.n7                      6.26479e-09
xdut.n173                                    5
xdut.n296                                    0
xdut.x_556.qs                                5
xdut.x_556.n14                         1.34473
xdut.n68                                     5
xdut.x_556.n6                      8.60208e-08
xdut.x_556.ckp                     2.08524e-08
xdut.x_556.n7                      2.60748e-08
xdut.x_556.ckb                               5
xdut.x_556.qm                                5
xdut.x_556.n9                                5
xdut.x_556.n13                     4.30104e-08
xdut.x_557.n3                      8.23099e-08
xdut.n219                                    5
xdut.x_557.n9                                5
xdut.n244                                    5
xdut.x_557.n5                       3.1324e-09
xdut.x_557.n6                       4.1155e-08
xdut.x_558.n6                          4.96988
xdut.n599                          7.88485e-09
xdut.n343                                    5
xdut.x_559.n6                          4.96988
xdut.n69                                     5
xdut.n204                          7.88485e-09
xdut.n612                                    5
xdut.x_560.n7                          4.96988
xdut.x_560.n3                      7.88485e-09
xdut.n281                                    5
xdut.x_561.n3                                5
xdut.x_561.n7                      6.26479e-09
xdut.x_562.n7                                5
xdut.x_562.n3                                5
xdut.n174                          2.05775e-08
xdut.x_564.n8                                5
xdut.x_564.n3                      3.74462e-08
xdut.n18                                     0
xdut.x_564.n9                          1.26842
xdut.x_564.n5                          4.14375
xdut.x_566.n2                                5
xdut.n202                          8.22975e-08
xdut.x_567.n6                      4.11487e-08
xdut.x_568.n3                                5
xdut.n193                          1.16047e-07
xdut.x_568.n9                          1.26842
xdut.n66                                     5
xdut.n65                                     0
xdut.x_568.n5                      5.80236e-08
xdut.x_568.n6                          4.14375
xdut.x_569.n6                                5
xdut.n295                          2.05775e-08
xdut.n201                                    5
xdut.x_570.n3                                5
xdut.n328                          2.19645e-08
xdut.x_570.n5                                5
xdut.x_570.n4                                5
xdut.x_570.n6                      3.49785e-08
xdut.x_572.n6                                5
xdut.n596                          2.05775e-08
xdut.n594                          7.88485e-09
xdut.x_573.n6                          4.96988
xdut.x_574.n6                                5
xdut.x_575.n6                          4.96988
xdut.n600                          7.88485e-09
xdut.n601                                    5
xdut.x_576.n6                                5
xdut.n248                                    5
xdut.x_578.qs                      7.29463e-08
xdut.x_578.n14                               5
xdut.x_578.n6                                5
xdut.x_578.ckp                     2.08524e-08
xdut.x_578.n7                                5
xdut.x_578.ckb                               5
xdut.x_578.qm                      2.60748e-08
xdut.x_578.n9                      4.95105e-08
xdut.x_578.n13                         4.14375
xdut.x_579.n6                          1.26842
xdut.n270                                    5
xdut.x_623.qs                      7.29463e-08
xdut.x_623.n14                               5
xdut.x_623.n6                                5
xdut.x_623.ckp                     2.08524e-08
xdut.x_623.n7                                5
xdut.x_623.ckb                               5
xdut.x_623.qm                      2.60748e-08
xdut.x_623.n9                      4.95105e-08
xdut.x_623.n13                         4.14374
xdut.n283                                    5
xdut.n311                          8.22975e-08
xdut.x_624.n8                       6.2648e-09
xdut.x_624.n7                      1.25296e-08
xdut.x_639.n7                          1.26842
xdut.x_639.n3                      3.74462e-08
xdut.n8                                      5
xdut.n2                                      5
xdut.x_640.n7                                5
xdut.n23                                     0
xdut.x_640.n3                                5
xdut.n10                           2.05775e-08
xdut.x_641.n6                                5
xdut.n22                           2.05775e-08
xdut.n19                                     5
xdut.x_646.n6                                5
xdut.n57                           2.05775e-08
xdut.x_648.n3                                5
xdut.n59                                     5
xdut.n56                           2.05775e-08
xdut.x_648.n7                          4.14375
xdut.x_649.n7                          4.96988
xdut.x_649.n3                      7.88485e-09
xdut.n35                                     5
hsync                                        5
xdut.ni1415                        2.08524e-08
xdut.x_665.qs                                5
xdut.x_665.n14                         1.34473
xdut.n37                                     5
xdut.x_665.n6                      8.60208e-08
xdut.x_665.ckp                     2.08524e-08
xdut.x_665.n7                      2.60748e-08
xdut.x_665.ckb                               5
xdut.x_665.qm                                5
xdut.x_665.n9                                5
xdut.n25                           2.05744e-08
xdut.x_665.n13                     4.30104e-08
xdut.n20                                     5
xdut.x_680.qs                                5
xdut.x_680.n14                               5
xdut.x_680.n6                                5
xdut.x_680.ckp                     2.08524e-08
xdut.x_680.n7                                5
xdut.x_680.ckb                               5
xdut.x_680.qm                      3.49785e-08
xdut.x_680.n9                                5
xdut.x_680.n13                         4.14374
xdut.x_682.n8                          4.97062
xdut.n17                                     5
xdut.x_682.n7                          4.97062
xdut.n208                          8.22975e-08
xdut.n205                          2.05775e-08
xdut.x_687.n3                      8.23099e-08
xdut.x_687.n9                                5
xdut.x_687.n5                       3.1324e-09
xdut.x_687.n6                       4.1155e-08
xdut.n7                                      5
xdut.x_689.n2                      2.05775e-08
xdut.x_691.n8                                5
xdut.x_691.n7                                5
xdut.n206                          2.05775e-08
xdut.x_695.n2                                5
xdut.ni1433                                  5
xdut.x_696.qs                      7.29463e-08
xdut.x_696.n14                               5
xdut.n6                            8.23099e-08
xdut.x_696.n6                                5
xdut.x_696.ckp                     2.08524e-08
xdut.x_696.n7                                5
xdut.x_696.ckb                               5
xdut.x_696.qm                      2.60748e-08
xdut.x_696.n9                      4.95105e-08
xdut.x_696.n13                         4.14374
xdut.ni1435                                  5
xdut.x_714.qs                      7.29463e-08
xdut.x_714.n14                               5
xdut.x_714.n6                                5
xdut.x_714.ckp                     2.08524e-08
xdut.x_714.n7                                5
xdut.x_714.ckb                               5
xdut.x_714.qm                      2.60748e-08
xdut.x_714.n9                      4.95105e-08
xdut.x_714.n13                         4.14374
xdut.x_715.n10                         4.98965
xdut.x_715.n9                          4.97478
xdut.x_715.n8                          4.94657
xdut.n225                          3.48086e-09
xdut.n227                                    5
xdut.x_728.n7                          4.96988
xdut.x_728.n3                      7.88485e-09
xdut.n226                                    5
xdut.n211                          8.22975e-08
xdut.x_729.n8                       6.2648e-09
xdut.x_729.n7                      1.25296e-08
xdut.x_730.n6                      4.11487e-08
xdut.n188                                    5
xdut.x_731.qs                                5
xdut.x_731.n14                         1.34473
xdut.n3                                      5
xdut.x_731.n6                      8.60208e-08
xdut.x_731.ckp                     2.08524e-08
xdut.x_731.n7                      2.60748e-08
xdut.x_731.ckb                               5
xdut.x_731.qm                                5
xdut.x_731.n9                                5
xdut.x_731.n13                     4.30104e-08
xdut.n230                          2.05775e-08
xdut.n324                                    0
xdut.x_734.qs                                5
xdut.x_734.n14                         1.34473
xdut.x_734.n6                      8.60208e-08
xdut.x_734.ckp                     2.08524e-08
xdut.x_734.n7                      2.60748e-08
xdut.x_734.ckb                               5
xdut.x_734.qm                                5
xdut.x_734.n9                                5
xdut.x_734.n13                     4.30104e-08
xdut.x_751.n6                                5
xdut.n301                          1.65851e-08
xdut.n528                          2.05775e-08
xdut.n287                                    5
xdut.x_752.n6                                5
xdut.n292                                    5
xdut.n584                          2.05775e-08
xdut.x_758.n3                                5
xdut.n71                                     5
xdut.n195                          4.82942e-09
xdut.n194                          2.05775e-08
xdut.x_758.n7                      6.26479e-09
xdut.x_759.n8                          1.31158
xdut.x_759.n7                          1.29144
xdut.n182                          5.46059e-08
xdut.n572                          7.88485e-09
xdut.x_760.n6                          4.96988
xdut.n72                                     5
xdut.n573                          7.88485e-09
xdut.n184                                    5
xdut.x_761.n8                          4.97062
xdut.x_761.n7                          4.97062
xdut.n185                          7.88485e-09
xdut.n187                          7.92437e-09
xdut.n288                                    5
xdut.x_762.n6                                5
xdut.n183                          2.05775e-08
xdut.x_765.n6                          1.26842
xdut.n527                                    5
xdut.n284                          3.74462e-08
xdut.n300                          7.88485e-09
xdut.x_766.n6                                5
xdut.n297                          2.05775e-08
xdut.n299                          3.74462e-08
xdut.x_767.n8                                5
xdut.x_767.n7                                5
xdut.n375                                    5
xdut.x_768.n10                         4.97131
xdut.n581                                    5
xdut.x_768.n9                          4.97131
xdut.x_768.n8                          4.97131
xdut.n360                                    5
xdut.x_770.n6                      4.11487e-08
xdut.x_771.n7                          4.96988
xdut.x_771.n3                      7.88485e-09
xdut.x_773.n6                                5
xdut.n526                                    5
xdut.x_778.n6                                5
xdut.n606                          2.05775e-08
xdut.n74                                     5
xdut.x_779.n2                      2.05775e-08
xdut.x_787.n8                                5
xdut.x_787.n7                          4.96988
xdut.x_790.n6                                5
xdut.x_793.n6                                5
xdut.x_794.n6                                5
xdut.n608                          2.05775e-08
xdut.n308                                    5
xdut.x_853.n8                          4.97062
xdut.x_853.n7                          4.97062
xdut.n657                          7.92437e-09
xdut.n70                                     5
xdut.x_854.n6                                5
xdut.n329                                    5
xdut.x_865.n6                                5
xdut.n320                                    5
xdut.x_866.n8                                5
xdut.x_866.n7                                5
xdut.n664                          2.05775e-08
xdut.x_869.n6                                5
xdut.x_870.n6                                5
xdut.x_871.n8                                5
xdut.x_871.n7                                5
xdut.n77                           8.22975e-08
xdut.x_873.n6                          4.96988
xdut.x_877.n6                                5
xdut.x_879.n6                                5
xdut.x_881.n8                                5
xdut.x_881.n7                                5
xdut.x_884.n6                                5
xdut.x_889.n7                          4.96988
xdut.x_889.n3                      7.88485e-09
xdut.x_895.n3                      8.22975e-08
xdut.x_895.n7                      4.11487e-08
xdut.x_900.n8                          4.98443
xdut.x_900.n7                           4.9553
xdut.x_902.n6                          4.96988
xdut.x_905.n2                                5
xdut.x_906.n8                          4.97143
xdut.x_906.n7                          1.26023
xdut.x_955.n3                                5
xdut.x_955.n9                                5
xdut.x_955.n5                          4.10687
xdut.x_955.n6                        0.0348173
xdut.x_956.n6                                5
xdut.n16                           5.46059e-08
xdut.n54                                     5
xdut.x_965.n8                                5
xdut.x_965.n7                          1.26842
xdut.n50                           3.74461e-08
xdut.n48                                     5
xdut.x_969.n6                      6.26479e-09
xdut.x_970.n8                      5.86677e-09
xdut.x_970.n7                          4.14375
xdut.x_972.n6                        0.0348173
xdut.x_977.n6                          4.14375
xdut.x_981.n6                          1.26842
xdut.x_988.n6                      6.26479e-09
xdut.n51                                     5
xdut.x_990.n6                          4.14375
xdut.x_994.n6                      4.11487e-08
xdut.x_998.n6                        0.0348173
xdut.x_1002.n3                               5
xdut.n15                                     5
xdut.x_1002.n5                     7.29463e-08
xdut.x_1002.n4                     4.95105e-08
xdut.x_1002.n6                     2.60747e-08
xdut.x_1011.n3                               5
xdut.x_1011.n9                               5
xdut.x_1011.n5                      4.1155e-08
xdut.x_1011.n6                     6.26479e-09
xdut.x_1012.n6                         1.26842
xdut.n5                            3.74462e-08
xdut.x_1019.n7                               5
xdut.x_1019.n3                     2.05775e-08
xdut.n49                           3.74462e-08
xdut.x_1022.n3                               5
xdut.x_1022.n9                               5
xdut.x_1022.n5                         4.10687
xdut.x_1022.n6                       0.0348173
xdut.x_1028.n8                         1.31158
xdut.x_1028.n7                         1.29144
xdut.n4                                      5
xdut.x_1029.n2                     1.85179e-07
xdut.x_1029.n4                     6.17262e-08
xdut.x_1029.n5                     1.23452e-07
xdut.x_1030.n6                         4.96988
xdut.n213                          7.88485e-09
xdut.x_1034.n6                         4.14375
xdut.n11                                     5
xdut.n14                           2.05775e-08
xdut.x_1038.n6                       0.0171313
xdut.x_1038.n8                       0.0486804
xdut.x_1038.n7                         4.15573
xdut.n45                                     5
xdut.n12                                     5
xdut.x_1064.n8                     6.17262e-08
xdut.x_1064.n7                     1.23452e-07
xdut.n13                                     5
xdut.x_1066.n8                          4.0814
xdut.x_1066.n7                         4.10023
xdut.x_1082.n9                         4.95563
xdut.x_1082.n2                      4.8375e-09
xdut.x_1082.n11                        4.98479
xdut.x_1082.n10                        4.98479
xdut.x_1089.n6                     4.11487e-08
xdut.x_1099.n6                         1.26842
xdut.n46                           2.05775e-08
xdut.x_1102.n6                     4.11487e-08
xdut.x_1107.n3                               5
xdut.n47                           2.05775e-08
xdut.x_1107.n7                     6.26479e-09
xdut.x_1109.n6                               5
xdut.x_1110.n3                               5
xdut.x_1110.n9                               5
xdut.x_1110.n5                         4.10687
xdut.x_1110.n6                       0.0348173
xdut.x_1111.n9                         4.97131
xdut.x_1111.n2                     7.96197e-09
xdut.x_1111.n11                        4.97131
xdut.x_1111.n10                        4.97131
xdut.x_1112.n9                         4.97062
xdut.x_1112.n2                     7.92437e-09
xdut.x_1112.n11                        4.97062
xdut.x_1112.n10                              5
vclk#branch                                  0
vdd#branch                        -6.23246e-09

 Reference value :  9.12800e-08 Reference value :  2.37280e-07 Reference value :  3.70280e-07 Reference value :  5.11280e-07 Reference value :  6.50280e-07 Reference value :  7.82280e-07 Reference value :  9.17280e-07 Reference value :  1.00969e-06 Reference value :  1.06723e-06 Reference value :  1.17223e-06 Reference value :  1.26838e-06 Reference value :  1.33283e-06 Reference value :  1.42236e-06 Reference value :  1.49465e-06 Reference value :  1.61765e-06 Reference value :  1.65525e-06 Reference value :  1.76263e-06 Reference value :  1.81529e-06 Reference value :  1.94929e-06 Reference value :  1.97256e-06 Reference value :  2.09064e-06 Reference value :  2.16525e-06 Reference value :  2.27684e-06 Reference value :  2.32962e-06 Reference value :  2.44020e-06 Reference value :  2.54410e-06 Reference value :  2.60257e-06 Reference value :  2.69950e-06 Reference value :  2.76322e-06 Reference value :  2.89722e-06 Reference value :  2.92509e-06 Reference value :  2.99348e-06 Reference value :  3.07817e-06 Reference value :  3.18735e-06 Reference value :  3.23917e-06 Reference value :  3.30090e-06 Reference value :  3.39436e-06 Reference value :  3.50420e-06 Reference value :  3.55599e-06 Reference value :  3.68099e-06 Reference value :  3.74498e-06 Reference value :  3.86072e-06 Reference value :  3.91139e-06 Reference value :  4.02548e-06 Reference value :  4.12101e-06 Reference value :  4.18694e-06 Reference value :  4.25372e-06 Reference value :  4.34714e-06 Reference value :  4.44918e-06 Reference value :  4.50769e-06 Reference value :  4.59934e-06 Reference value :  4.66797e-06 Reference value :  4.78999e-06 Reference value :  4.82585e-06 Reference value :  4.94116e-06 Reference value :  5.00894e-06 Reference value :  5.12953e-06 Reference value :  5.15709e-06 Reference value :  5.27107e-06 Reference value :  5.33524e-06 Reference value :  5.44649e-06 Reference value :  5.46812e-06 Reference value :  5.59536e-06 Reference value :  5.65161e-06 Reference value :  5.76950e-06 Reference value :  5.81063e-06 Reference value :  5.92538e-06 Reference value :  6.00978e-06 Reference value :  6.09170e-06 Reference value :  6.17899e-06 Reference value :  6.25289e-06 Reference value :  6.37748e-06 Reference value :  6.41651e-06 Reference value :  6.49192e-06 Reference value :  6.57080e-06 Reference value :  6.68908e-06 Reference value :  6.73085e-06 Reference value :  6.82484e-06 Reference value :  6.88933e-06 Reference value :  7.01022e-06 Reference value :  7.05119e-06 Reference value :  7.13813e-06 Reference value :  7.21061e-06 Reference value :  7.34841e-06 Reference value :  7.36997e-06 Reference value :  7.49468e-06 Reference value :  7.56474e-06 Reference value :  7.67300e-06 Reference value :  7.70032e-06 Reference value :  7.80214e-06 Reference value :  7.85443e-06 Reference value :  7.98418e-06 Reference value :  8.00395e-06 Reference value :  8.07115e-06 Reference value :  8.15544e-06 Reference value :  8.24417e-06 Reference value :  8.31357e-06 Reference value :  8.33115e-06 Reference value :  8.45949e-06 Reference value :  8.51546e-06 Reference value :  8.62356e-06 Reference value :  8.66376e-06 Reference value :  8.78084e-06 Reference value :  8.87133e-06 Reference value :  8.94878e-06 Reference value :  8.99918e-06 Reference value :  9.10478e-06 Reference value :  9.19090e-06 Reference value :  9.26506e-06 Reference value :  9.31748e-06 Reference value :  9.42376e-06 Reference value :  9.51988e-06 Reference value :  9.58577e-06 Reference value :  9.66388e-06 Reference value :  9.74643e-06 Reference value :  9.86805e-06 Reference value :  9.90651e-06 Reference value :  1.00191e-05 Reference value :  1.00813e-05 Reference value :  1.02064e-05 Reference value :  1.02333e-05 Reference value :  1.03400e-05 Reference value :  1.03937e-05 Reference value :  1.05232e-05 Reference value :  1.05466e-05 Reference value :  1.06628e-05 Reference value :  1.07252e-05 Reference value :  1.08433e-05 Reference value :  1.08658e-05 Reference value :  1.09902e-05 Reference value :  1.10508e-05 Reference value :  1.11651e-05 Reference value :  1.12204e-05 Reference value :  1.13275e-05 Reference value :  1.14222e-05 Reference value :  1.14903e-05 Reference value :  1.15910e-05 Reference value :  1.16525e-05 Reference value :  1.17922e-05 Reference value :  1.18141e-05 Reference value :  1.19184e-05 Reference value :  1.19740e-05 Reference value :  1.21070e-05 Reference value :  1.21311e-05 Reference value :  1.22418e-05 Reference value :  1.23152e-05 Reference value :  1.24303e-05 Reference value :  1.24634e-05 Reference value :  1.25893e-05 Reference value :  1.26558e-05 Reference value :  1.27558e-05 Reference value :  1.28315e-05 Reference value :  1.29176e-05 Reference value :  1.30179e-05 Reference value :  1.30775e-05 Reference value :  1.31192e-05 Reference value :  1.32316e-05 Reference value :  1.33174e-05 Reference value :  1.33940e-05 Reference value :  1.34453e-05 Reference value :  1.35509e-05 Reference value :  1.36519e-05 Reference value :  1.37129e-05 Reference value :  1.38141e-05 Reference value :  1.38778e-05 Reference value :  1.40128e-05 Reference value :  1.40387e-05 Reference value :  1.41276e-05 Reference value :  1.42012e-05 Reference value :  1.43334e-05 Reference value :  1.43554e-05 Reference value :  1.44769e-05 Reference value :  1.45361e-05 Reference value :  1.46534e-05 Reference value :  1.46836e-05 Reference value :  1.48115e-05 Reference value :  1.48946e-05 Reference value :  1.49793e-05 Reference value :  1.50358e-05 Reference value :  1.51384e-05 Reference value :  1.52420e-05 Reference value :  1.53015e-05 Reference value :  1.53620e-05 Reference value :  1.54565e-05 Reference value :  1.55753e-05 Reference value :  1.56200e-05 Reference value :  1.57101e-05 Reference value :  1.57786e-05 Reference value :  1.59143e-05 Reference value :  1.59402e-05 Reference value :  1.59735e-05 Reference value :  1.60822e-05 Reference value :  1.61613e-05 Reference value :  1.62491e-05 Reference value :  1.62785e-05 Reference value :  1.63990e-05 Reference value :  1.64707e-05 Reference value :  1.65650e-05 Reference value :  1.65859e-05 Reference value :  1.67082e-05 Reference value :  1.67689e-05 Reference value :  1.68808e-05 Reference value :  1.69116e-05 Reference value :  1.70329e-05 Reference value :  1.71029e-05 Reference value :  1.71999e-05 Reference value :  1.72593e-05 Reference value :  1.73601e-05 Reference value :  1.74636e-05 Reference value :  1.75237e-05 Reference value :  1.76434e-05 Reference value :  1.77065e-05 Reference value :  1.78264e-05 Reference value :  1.78514e-05 Reference value :  1.79656e-05 Reference value :  1.80359e-05 Reference value :  1.81445e-05 Reference value :  1.81656e-05 Reference value :  1.82883e-05 Reference value :  1.83403e-05 Reference value :  1.84617e-05 Reference value :  1.84824e-05 Reference value :  1.85901e-05 Reference value :  1.86634e-05 Reference value :  1.87815e-05 Reference value :  1.88245e-05 Reference value :  1.89385e-05 Reference value :  1.90051e-05 Reference value :  1.91040e-05 Reference value :  1.91686e-05 Reference value :  1.92678e-05 Reference value :  1.93871e-05 Reference value :  1.94306e-05 Reference value :  1.95258e-05 Reference value :  1.95933e-05 Reference value :  1.97263e-05 Reference value :  1.97521e-05 Reference value :  1.98797e-05 Reference value :  1.99412e-05 Reference value :  2.00528e-05 Reference value :  2.01022e-05 Reference value :  2.02087e-05 Reference value :  2.02870e-05 Reference value :  2.03742e-05 Reference value :  2.03973e-05 Reference value :  2.05064e-05 Reference value :  2.05802e-05 Reference value :  2.06889e-05 Reference value :  2.07068e-05 Reference value :  2.08334e-05 Reference value :  2.08957e-05 Reference value :  2.10058e-05 Reference value :  2.10248e-05 Reference value :  2.11434e-05 Reference value :  2.12126e-05 Reference value :  2.13201e-05 Reference value :  2.13610e-05 Reference value :  2.14792e-05 Reference value :  2.15689e-05 Reference value :  2.16488e-05 Reference value :  2.16999e-05 Reference value :  2.18059e-05 Reference value :  2.19122e-05 Reference value :  2.19674e-05 Reference value :  2.20534e-05 Reference value :  2.21271e-05 Reference value :  2.22630e-05 Reference value :  2.22904e-05 Reference value :  2.23894e-05 Reference value :  2.24489e-05 Reference value :  2.25873e-05 Reference value :  2.26078e-05 Reference value :  2.27265e-05 Reference value :  2.27967e-05 Reference value :  2.29085e-05 Reference value :  2.29558e-05 Reference value :  2.30672e-05 Reference value :  2.31557e-05 Reference value :  2.32346e-05 Reference value :  2.32525e-05 Reference value :  2.33727e-05 Reference value :  2.34333e-05 Reference value :  2.35423e-05 Reference value :  2.35618e-05 Reference value :  2.36674e-05 Reference value :  2.37370e-05 Reference value :  2.38592e-05 Reference value :  2.39138e-05 Reference value :  2.40260e-05 Reference value :  2.41286e-05 Reference value :  2.41900e-05 Reference value :  2.42980e-05 Reference value :  2.43685e-05 Reference value :  2.44942e-05 Reference value :  2.45222e-05 Reference value :  2.46513e-05 Reference value :  2.47196e-05 Reference value :  2.48189e-05 Reference value :  2.48520e-05 Reference value :  2.49702e-05 Reference value :  2.50373e-05 Reference value :  2.51357e-05 Reference value :  2.51902e-05 Reference value :  2.52978e-05 Reference value :  2.54094e-05 Reference value :  2.54604e-05 Reference value :  2.55593e-05 Reference value :  2.56250e-05 Reference value :  2.57626e-05 Reference value :  2.57835e-05 Reference value :  2.58908e-05 Reference value :  2.59563e-05 Reference value :  2.60794e-05 Reference value :  2.61004e-05 Reference value :  2.62199e-05 Reference value :  2.62864e-05 Reference value :  2.64006e-05 Reference value :  2.64394e-05 Reference value :  2.65601e-05 Reference value :  2.66563e-05 Reference value :  2.67281e-05 Reference value :  2.67996e-05 Reference value :  2.68878e-05 Reference value :  2.70122e-05 Reference value :  2.70492e-05 Reference value :  2.71488e-05 Reference value :  2.72243e-05 Reference value :  2.73499e-05 Reference value :  2.73725e-05 Reference value :  2.74937e-05 Reference value :  2.75509e-05 Reference value :  2.76690e-05 Reference value :  2.77146e-05 Reference value :  2.78279e-05 Reference value :  2.78879e-05 Reference value :  2.79906e-05 Reference value :  2.80276e-05 Reference value :  2.81450e-05 Reference value :  2.82312e-05 Reference value :  2.83123e-05 Reference value :  2.83351e-05 Reference value :  2.84615e-05 Reference value :  2.85371e-05 Reference value :  2.86300e-05 Reference value :  2.86485e-05 Reference value :  2.87787e-05 Reference value :  2.88559e-05 Reference value :  2.89470e-05 Reference value :  2.90265e-05 Reference value :  2.91102e-05 Reference value :  2.92259e-05 Reference value :  2.92705e-05 Reference value :  2.93806e-05 Reference value :  2.94530e-05 Reference value :  2.95741e-05 Reference value :  2.95991e-05 Reference value :  2.97322e-05 Reference value :  2.98068e-05 Reference value :  2.99003e-05 Reference value :  2.99644e-05 Reference value :  3.00606e-05 Reference value :  3.01730e-05 Reference value :  3.02227e-05 Reference value :  3.03226e-05 Reference value :  3.03906e-05 Reference value :  3.05243e-05 Reference value :  3.05451e-05 Reference value :  3.06691e-05 Reference value :  3.07355e-05 Reference value :  3.08483e-05 Reference value :  3.08675e-05 Reference value :  3.10001e-05 Reference value :  3.10629e-05 Reference value :  3.11674e-05 Reference value :  3.11946e-05 Reference value :  3.13196e-05 Reference value :  3.14056e-05 Reference value :  3.14872e-05 Reference value :  3.15472e-05 Reference value :  3.16467e-05 Reference value :  3.17535e-05 Reference value :  3.18100e-05 Reference value :  3.19239e-05 Reference value :  3.19875e-05 Reference value :  3.21131e-05 Reference value :  3.21352e-05 Reference value :  3.22529e-05 Reference value :  3.23198e-05 Reference value :  3.24338e-05 Reference value :  3.24561e-05 Reference value :  3.25695e-05 Reference value :  3.26286e-05 Reference value :  3.27487e-05 Reference value :  3.27866e-05 Reference value :  3.29068e-05
No. of Data Rows : 40684

Total analysis time (seconds) = 109.185

Total elapsed time (seconds) = 109.254 

Total DRAM available = 23968.098 MB.
DRAM currently available =  810.344 MB.
Maximum ngspice program size =   93.246 MB.
Current ngspice program size =   26.113 MB.

Shared ngspice pages =   10.141 MB.
Text (code) pages =    5.523 MB.
Stack = 0 bytes.
Library pages =   72.277 MB.

